../Core/Src/main.c:140:5:main	128	static
../Core/Src/main.c:227:6:SystemClock_Config	88	static
../Core/Src/main.c:273:13:MX_SPI1_Init	8	static
../Core/Src/main.c:311:13:MX_TIM1_Init	80	static
../Core/Src/main.c:376:13:MX_GPIO_Init	40	static
../Core/Src/main.c:417:6:HAL_GPIO_EXTI_Callback	16	static
../Core/Src/main.c:446:10:SizeofCharArray	24	static
../Core/Src/main.c:467:6:StartDefaultTask	16	static
../Core/Src/main.c:488:6:StartCommTask	80	static,ignoring_inline_asm
../Core/Src/main.c:597:6:StartSensorTask	72	static
../Core/Src/main.c:752:6:StartMotorTask	16	static
../Core/Src/main.c:785:6:HAL_TIM_PeriodElapsedCallback	16	static
../Core/Src/main.c:802:6:Error_Handler	4	static
