../Core/Src/main.c:130:5:main	104	static
../Core/Src/main.c:213:6:SystemClock_Config	88	static
../Core/Src/main.c:259:13:MX_SPI2_Init	8	static
../Core/Src/main.c:297:13:MX_TIM1_Init	80	static
../Core/Src/main.c:362:13:MX_GPIO_Init	48	static
../Core/Src/main.c:416:10:SizeofCharArray	24	static
../Core/Src/main.c:436:6:StartDefaultTask	16	static
../Core/Src/main.c:458:6:StartCommTask	80	static,ignoring_inline_asm
../Core/Src/main.c:514:6:StartSensorTask	72	static
../Core/Src/main.c:670:6:HAL_TIM_PeriodElapsedCallback	16	static
../Core/Src/main.c:687:6:Error_Handler	4	static,ignoring_inline_asm
