../Core/Src/DTek_TLE5012B.c:37:9:_getFirstByte	0	static
../Core/Src/DTek_TLE5012B.c:45:9:_getSecondByte	0	static
../Core/Src/DTek_TLE5012B.c:53:9:_crc8	12	static
../Core/Src/DTek_TLE5012B.c:85:9:_crcCalc	0	static
../Core/Src/DTek_TLE5012B.c:470:8:_calculateAngleSpeed	32	static
../Core/Src/DTek_TLE5012B.c:687:6:SPI_CS_Enable	0	static,ignoring_inline_asm
../Core/Src/DTek_TLE5012B.c:719:6:SPI_CS_Disable	0	static,ignoring_inline_asm
../Core/Src/DTek_TLE5012B.c:93:6:triggerUpdate	8	static
../Core/Src/DTek_TLE5012B.c:106:6:resetSafety	24	static
../Core/Src/DTek_TLE5012B.c:137:12:checkSafety	24	dynamic
../Core/Src/DTek_TLE5012B.c:203:12:readFromSensor	48	static
../Core/Src/DTek_TLE5012B.c:278:12:readAngleValue	16	static
../Core/Src/DTek_TLE5012B.c:562:12:getAngleValue	24	static
../Core/Src/DTek_TLE5012B.c:304:12:readAngleSpeed	16	static
../Core/Src/DTek_TLE5012B.c:326:12:readUpdAngleValue	16	static
../Core/Src/DTek_TLE5012B.c:633:12:getUpdAngleValue	24	static
../Core/Src/DTek_TLE5012B.c:349:12:readUpdAngleSpeed	24	static
../Core/Src/DTek_TLE5012B.c:373:12:readUpdAngleRevolution	16	static
../Core/Src/DTek_TLE5012B.c:648:12:getUpdNumRevolutions	0	static
../Core/Src/DTek_TLE5012B.c:401:12:readAngleRevolution	16	static
../Core/Src/DTek_TLE5012B.c:577:12:getNumRevolutions	0	static
../Core/Src/DTek_TLE5012B.c:427:12:readTemp	24	static
../Core/Src/DTek_TLE5012B.c:653:12:getTemperature	24	static
../Core/Src/DTek_TLE5012B.c:451:12:readIntMode1	0	static
../Core/Src/DTek_TLE5012B.c:461:12:readIntMode2	0	static
../Core/Src/DTek_TLE5012B.c:668:12:getAngleRange	24	static
../Core/Src/DTek_TLE5012B.c:509:12:getAngleSpeed	48	static
../Core/Src/DTek_TLE5012B.c:583:12:getUpdAngleSpeed	40	static
../Core/Src/DTek_TLE5012B.c:246:12:readBlockCRC	40	static
