Archive member included to satisfy reference by file (symbol)

H:/STM32CubeIDE_1.13.2/STM32CubeIDE/plugins/com.st.stm32cube.ide.mcu.externaltools.gnu-tools-for-stm32.11.3.rel1.win32_1.1.1.202309131626/tools/bin/../lib/gcc/arm-none-eabi/11.3.1/../../../../arm-none-eabi/lib/thumb/v7e-m+fp/hard\libc_nano.a(libc_a-exit.o)
                              H:/STM32CubeIDE_1.13.2/STM32CubeIDE/plugins/com.st.stm32cube.ide.mcu.externaltools.gnu-tools-for-stm32.11.3.rel1.win32_1.1.1.202309131626/tools/bin/../lib/gcc/arm-none-eabi/11.3.1/../../../../arm-none-eabi/lib/thumb/v7e-m+fp/hard/crt0.o (exit)
H:/STM32CubeIDE_1.13.2/STM32CubeIDE/plugins/com.st.stm32cube.ide.mcu.externaltools.gnu-tools-for-stm32.11.3.rel1.win32_1.1.1.202309131626/tools/bin/../lib/gcc/arm-none-eabi/11.3.1/../../../../arm-none-eabi/lib/thumb/v7e-m+fp/hard\libc_nano.a(libc_a-findfp.o)
                              ./Middlewares/Third_Party/FreeRTOS/Source/tasks.o (__sf)
H:/STM32CubeIDE_1.13.2/STM32CubeIDE/plugins/com.st.stm32cube.ide.mcu.externaltools.gnu-tools-for-stm32.11.3.rel1.win32_1.1.1.202309131626/tools/bin/../lib/gcc/arm-none-eabi/11.3.1/../../../../arm-none-eabi/lib/thumb/v7e-m+fp/hard\libc_nano.a(libc_a-fwalk.o)
                              H:/STM32CubeIDE_1.13.2/STM32CubeIDE/plugins/com.st.stm32cube.ide.mcu.externaltools.gnu-tools-for-stm32.11.3.rel1.win32_1.1.1.202309131626/tools/bin/../lib/gcc/arm-none-eabi/11.3.1/../../../../arm-none-eabi/lib/thumb/v7e-m+fp/hard\libc_nano.a(libc_a-findfp.o) (_fwalk_sglue)
H:/STM32CubeIDE_1.13.2/STM32CubeIDE/plugins/com.st.stm32cube.ide.mcu.externaltools.gnu-tools-for-stm32.11.3.rel1.win32_1.1.1.202309131626/tools/bin/../lib/gcc/arm-none-eabi/11.3.1/../../../../arm-none-eabi/lib/thumb/v7e-m+fp/hard\libc_nano.a(libc_a-sprintf.o)
                              ./Core/Src/main.o (sprintf)
H:/STM32CubeIDE_1.13.2/STM32CubeIDE/plugins/com.st.stm32cube.ide.mcu.externaltools.gnu-tools-for-stm32.11.3.rel1.win32_1.1.1.202309131626/tools/bin/../lib/gcc/arm-none-eabi/11.3.1/../../../../arm-none-eabi/lib/thumb/v7e-m+fp/hard\libc_nano.a(libc_a-stdio.o)
                              H:/STM32CubeIDE_1.13.2/STM32CubeIDE/plugins/com.st.stm32cube.ide.mcu.externaltools.gnu-tools-for-stm32.11.3.rel1.win32_1.1.1.202309131626/tools/bin/../lib/gcc/arm-none-eabi/11.3.1/../../../../arm-none-eabi/lib/thumb/v7e-m+fp/hard\libc_nano.a(libc_a-findfp.o) (__sread)
H:/STM32CubeIDE_1.13.2/STM32CubeIDE/plugins/com.st.stm32cube.ide.mcu.externaltools.gnu-tools-for-stm32.11.3.rel1.win32_1.1.1.202309131626/tools/bin/../lib/gcc/arm-none-eabi/11.3.1/../../../../arm-none-eabi/lib/thumb/v7e-m+fp/hard\libc_nano.a(libc_a-memset.o)
                              H:/STM32CubeIDE_1.13.2/STM32CubeIDE/plugins/com.st.stm32cube.ide.mcu.externaltools.gnu-tools-for-stm32.11.3.rel1.win32_1.1.1.202309131626/tools/bin/../lib/gcc/arm-none-eabi/11.3.1/../../../../arm-none-eabi/lib/thumb/v7e-m+fp/hard/crt0.o (memset)
H:/STM32CubeIDE_1.13.2/STM32CubeIDE/plugins/com.st.stm32cube.ide.mcu.externaltools.gnu-tools-for-stm32.11.3.rel1.win32_1.1.1.202309131626/tools/bin/../lib/gcc/arm-none-eabi/11.3.1/../../../../arm-none-eabi/lib/thumb/v7e-m+fp/hard\libc_nano.a(libc_a-closer.o)
                              H:/STM32CubeIDE_1.13.2/STM32CubeIDE/plugins/com.st.stm32cube.ide.mcu.externaltools.gnu-tools-for-stm32.11.3.rel1.win32_1.1.1.202309131626/tools/bin/../lib/gcc/arm-none-eabi/11.3.1/../../../../arm-none-eabi/lib/thumb/v7e-m+fp/hard\libc_nano.a(libc_a-stdio.o) (_close_r)
H:/STM32CubeIDE_1.13.2/STM32CubeIDE/plugins/com.st.stm32cube.ide.mcu.externaltools.gnu-tools-for-stm32.11.3.rel1.win32_1.1.1.202309131626/tools/bin/../lib/gcc/arm-none-eabi/11.3.1/../../../../arm-none-eabi/lib/thumb/v7e-m+fp/hard\libc_nano.a(libc_a-reent.o)
                              ./Middlewares/Third_Party/FreeRTOS/Source/tasks.o (_reclaim_reent)
H:/STM32CubeIDE_1.13.2/STM32CubeIDE/plugins/com.st.stm32cube.ide.mcu.externaltools.gnu-tools-for-stm32.11.3.rel1.win32_1.1.1.202309131626/tools/bin/../lib/gcc/arm-none-eabi/11.3.1/../../../../arm-none-eabi/lib/thumb/v7e-m+fp/hard\libc_nano.a(libc_a-impure.o)
                              ./Middlewares/Third_Party/FreeRTOS/Source/tasks.o (_impure_ptr)
H:/STM32CubeIDE_1.13.2/STM32CubeIDE/plugins/com.st.stm32cube.ide.mcu.externaltools.gnu-tools-for-stm32.11.3.rel1.win32_1.1.1.202309131626/tools/bin/../lib/gcc/arm-none-eabi/11.3.1/../../../../arm-none-eabi/lib/thumb/v7e-m+fp/hard\libc_nano.a(libc_a-lseekr.o)
                              H:/STM32CubeIDE_1.13.2/STM32CubeIDE/plugins/com.st.stm32cube.ide.mcu.externaltools.gnu-tools-for-stm32.11.3.rel1.win32_1.1.1.202309131626/tools/bin/../lib/gcc/arm-none-eabi/11.3.1/../../../../arm-none-eabi/lib/thumb/v7e-m+fp/hard\libc_nano.a(libc_a-stdio.o) (_lseek_r)
H:/STM32CubeIDE_1.13.2/STM32CubeIDE/plugins/com.st.stm32cube.ide.mcu.externaltools.gnu-tools-for-stm32.11.3.rel1.win32_1.1.1.202309131626/tools/bin/../lib/gcc/arm-none-eabi/11.3.1/../../../../arm-none-eabi/lib/thumb/v7e-m+fp/hard\libc_nano.a(libc_a-readr.o)
[...]
Memory Configuration

Name             Origin             Length             Attributes
RAM              0x0000000020000000 0x0000000000018000 xrw
FLASH            0x0000000008000000 0x0000000000080000 xr
*default*        0x0000000000000000 0xffffffffffffffff

Linker script and memory map

LOAD H:/STM32CubeIDE_1.13.2/STM32CubeIDE/plugins/com.st.stm32cube.ide.mcu.externaltools.gnu-tools-for-stm32.11.3.rel1.win32_1.1.1.202309131626/tools/bin/../lib/gcc/arm-none-eabi/11.3.1/thumb/v7e-m+fp/hard/crti.o
LOAD H:/STM32CubeIDE_1.13.2/STM32CubeIDE/plugins/com.st.stm32cube.ide.mcu.externaltools.gnu-tools-for-stm32.11.3.rel1.win32_1.1.1.202309131626/tools/bin/../lib/gcc/arm-none-eabi/11.3.1/thumb/v7e-m+fp/hard/crtbegin.o
LOAD H:/STM32CubeIDE_1.13.2/STM32CubeIDE/plugins/com.st.stm32cube.ide.mcu.externaltools.gnu-tools-for-stm32.11.3.rel1.win32_1.1.1.202309131626/tools/bin/../lib/gcc/arm-none-eabi/11.3.1/../../../../arm-none-eabi/lib/thumb/v7e-m+fp/hard/crt0.o
LOAD ./Core/Src/DTek_TLE5012B.o
LOAD ./Core/Src/freertos.o
LOAD ./Core/Src/main.o
LOAD ./Core/Src/stm32f4xx_hal_msp.o
LOAD ./Core/Src/stm32f4xx_hal_timebase_tim.o
LOAD ./Core/Src/stm32f4xx_it.o
LOAD ./Core/Src/syscalls.o
LOAD ./Core/Src/sysmem.o
LOAD ./Core/Src/system_stm32f4xx.o
LOAD ./Core/Startup/startup_stm32f401retx.o
LOAD ./Drivers/STM32F4xx_HAL_Driver/Src/stm32f4xx_hal.o
LOAD ./Drivers/STM32F4xx_HAL_Driver/Src/stm32f4xx_hal_cortex.o
LOAD ./Drivers/STM32F4xx_HAL_Driver/Src/stm32f4xx_hal_dma.o
LOAD ./Drivers/STM32F4xx_HAL_Driver/Src/stm32f4xx_hal_dma_ex.o
LOAD ./Drivers/STM32F4xx_HAL_Driver/Src/stm32f4xx_hal_exti.o
LOAD ./Drivers/STM32F4xx_HAL_Driver/Src/stm32f4xx_hal_flash.o
LOAD ./Drivers/STM32F4xx_HAL_Driver/Src/stm32f4xx_hal_flash_ex.o
LOAD ./Drivers/STM32F4xx_HAL_Driver/Src/stm32f4xx_hal_flash_ramfunc.o
LOAD ./Drivers/STM32F4xx_HAL_Driver/Src/stm32f4xx_hal_gpio.o
LOAD ./Drivers/STM32F4xx_HAL_Driver/Src/stm32f4xx_hal_pcd.o
LOAD ./Drivers/STM32F4xx_HAL_Driver/Src/stm32f4xx_hal_pcd_ex.o
LOAD ./Drivers/STM32F4xx_HAL_Driver/Src/stm32f4xx_hal_pwr.o
LOAD ./Drivers/STM32F4xx_HAL_Driver/Src/stm32f4xx_hal_pwr_ex.o
LOAD ./Drivers/STM32F4xx_HAL_Driver/Src/stm32f4xx_hal_rcc.o
LOAD ./Drivers/STM32F4xx_HAL_Driver/Src/stm32f4xx_hal_rcc_ex.o
LOAD ./Drivers/STM32F4xx_HAL_Driver/Src/stm32f4xx_hal_spi.o
LOAD ./Drivers/STM32F4xx_HAL_Driver/Src/stm32f4xx_hal_tim.o
LOAD ./Drivers/STM32F4xx_HAL_Driver/Src/stm32f4xx_hal_tim_ex.o
LOAD ./Drivers/STM32F4xx_HAL_Driver/Src/stm32f4xx_ll_usb.o
LOAD ./Middlewares/ST/STM32_USB_Device_Library/Class/CDC/Src/usbd_cdc.o
LOAD ./Middlewares/ST/STM32_USB_Device_Library/Core/Src/usbd_core.o
LOAD ./Middlewares/ST/STM32_USB_Device_Library/Core/Src/usbd_ctlreq.o
LOAD ./Middlewares/ST/STM32_USB_Device_Library/Core/Src/usbd_ioreq.o
LOAD ./Middlewares/Third_Party/FreeRTOS/Source/CMSIS_RTOS/cmsis_os.o
LOAD ./Middlewares/Third_Party/FreeRTOS/Source/croutine.o
LOAD ./Middlewares/Third_Party/FreeRTOS/Source/event_groups.o
LOAD ./Middlewares/Third_Party/FreeRTOS/Source/list.o
LOAD ./Middlewares/Third_Party/FreeRTOS/Source/queue.o
LOAD ./Middlewares/Third_Party/FreeRTOS/Source/stream_buffer.o
LOAD ./Middlewares/Third_Party/FreeRTOS/Source/tasks.o
LOAD ./Middlewares/Third_Party/FreeRTOS/Source/timers.o
LOAD ./Middlewares/Third_Party/FreeRTOS/Source/portable/GCC/ARM_CM4F/port.o
LOAD ./Middlewares/Third_Party/FreeRTOS/Source/portable/MemMang/heap_4.o
LOAD ./USB_DEVICE/App/usb_device.o
LOAD ./USB_DEVICE/App/usbd_cdc_if.o
LOAD ./USB_DEVICE/App/usbd_desc.o
LOAD ./USB_DEVICE/Target/usbd_conf.o
START GROUP
LOAD H:/STM32CubeIDE_1.13.2/STM32CubeIDE/plugins/com.st.stm32cube.ide.mcu.externaltools.gnu-tools-for-stm32.11.3.rel1.win32_1.1.1.202309131626/tools/bin/../lib/gcc/arm-none-eabi/11.3.1/../../../../arm-none-eabi/lib/thumb/v7e-m+fp/hard\libc_nano.a
LOAD H:/STM32CubeIDE_1.13.2/STM32CubeIDE/plugins/com.st.stm32cube.ide.mcu.externaltools.gnu-tools-for-stm32.11.3.rel1.win32_1.1.1.202309131626/tools/bin/../lib/gcc/arm-none-eabi/11.3.1/../../../../arm-none-eabi/lib/thumb/v7e-m+fp/hard\libm.a
END GROUP
START GROUP
LOAD H:/STM32CubeIDE_1.13.2/STM32CubeIDE/plugins/com.st.stm32cube.ide.mcu.externaltools.gnu-tools-for-stm32.11.3.rel1.win32_1.1.1.202309131626/tools/bin/../lib/gcc/arm-none-eabi/11.3.1/thumb/v7e-m+fp/hard\libgcc.a
LOAD H:/STM32CubeIDE_1.13.2/STM32CubeIDE/plugins/com.st.stm32cube.ide.mcu.externaltools.gnu-tools-for-stm32.11.3.rel1.win32_1.1.1.202309131626/tools/bin/../lib/gcc/arm-none-eabi/11.3.1/../../../../arm-none-eabi/lib/thumb/v7e-m+fp/hard\libc_nano.a
END GROUP
START GROUP
LOAD H:/STM32CubeIDE_1.13.2/STM32CubeIDE/plugins/com.st.stm32cube.ide.mcu.externaltools.gnu-tools-for-stm32.11.3.rel1.win32_1.1.1.202309131626/tools/bin/../lib/gcc/arm-none-eabi/11.3.1/thumb/v7e-m+fp/hard\libgcc.a
LOAD H:/STM32CubeIDE_1.13.2/STM32CubeIDE/plugins/com.st.stm32cube.ide.mcu.externaltools.gnu-tools-for-stm32.11.3.rel1.win32_1.1.1.202309131626/tools/bin/../lib/gcc/arm-none-eabi/11.3.1/../../../../arm-none-eabi/lib/thumb/v7e-m+fp/hard\libc_nano.a
LOAD H:/STM32CubeIDE_1.13.2/STM32CubeIDE/plugins/com.st.stm32cube.ide.mcu.externaltools.gnu-tools-for-stm32.11.3.rel1.win32_1.1.1.202309131626/tools/bin/../lib/gcc/arm-none-eabi/11.3.1/../../../../arm-none-eabi/lib/thumb/v7e-m+fp/hard\libnosys.a
END GROUP
START GROUP
LOAD H:/STM32CubeIDE_1.13.2/STM32CubeIDE/plugins/com.st.stm32cube.ide.mcu.externaltools.gnu-tools-for-stm32.11.3.rel1.win32_1.1.1.202309131626/tools/bin/../lib/gcc/arm-none-eabi/11.3.1/thumb/v7e-m+fp/hard\libgcc.a
LOAD H:/STM32CubeIDE_1.13.2/STM32CubeIDE/plugins/com.st.stm32cube.ide.mcu.externaltools.gnu-tools-for-stm32.11.3.rel1.win32_1.1.1.202309131626/tools/bin/../lib/gcc/arm-none-eabi/11.3.1/../../../../arm-none-eabi/lib/thumb/v7e-m+fp/hard\libc_nano.a
LOAD H:/STM32CubeIDE_1.13.2/STM32CubeIDE/plugins/com.st.stm32cube.ide.mcu.externaltools.gnu-tools-for-stm32.11.3.rel1.win32_1.1.1.202309131626/tools/bin/../lib/gcc/arm-none-eabi/11.3.1/../../../../arm-none-eabi/lib/thumb/v7e-m+fp/hard\libnosys.a
END GROUP
LOAD H:/STM32CubeIDE_1.13.2/STM32CubeIDE/plugins/com.st.stm32cube.ide.mcu.externaltools.gnu-tools-for-stm32.11.3.rel1.win32_1.1.1.202309131626/tools/bin/../lib/gcc/arm-none-eabi/11.3.1/thumb/v7e-m+fp/hard/crtend.o
LOAD H:/STM32CubeIDE_1.13.2/STM32CubeIDE/plugins/com.st.stm32cube.ide.mcu.externaltools.gnu-tools-for-stm32.11.3.rel1.win32_1.1.1.202309131626/tools/bin/../lib/gcc/arm-none-eabi/11.3.1/thumb/v7e-m+fp/hard/crtn.o
                0x0000000020018000                _estack = (ORIGIN (RAM) + LENGTH (RAM))
                0x0000000000000200                _Min_Heap_Size = 0x200
                0x0000000000000400                _Min_Stack_Size = 0x400

.isr_vector     0x0000000008000000      0x194
                0x0000000008000000                . = ALIGN (0x4)
 *(.isr_vector)
 .isr_vector    0x0000000008000000      0x194 ./Core/Startup/startup_stm32f401retx.o
                0x0000000008000000                g_pfnVectors
                0x0000000008000194                . = ALIGN (0x4)

.text           0x00000000080001a0     0x7008
                0x00000000080001a0                . = ALIGN (0x4)
 *(.text)
 .text          0x00000000080001a0       0x40 H:/STM32CubeIDE_1.13.2/STM32CubeIDE/plugins/com.st.stm32cube.ide.mcu.externaltools.gnu-tools-for-stm32.11.3.rel1.win32_1.1.1.202309131626/tools/bin/../lib/gcc/arm-none-eabi/11.3.1/thumb/v7e-m+fp/hard/crtbegin.o
 .text          0x00000000080001e0       0xa0 H:/STM32CubeIDE_1.13.2/STM32CubeIDE/plugins/com.st.stm32cube.ide.mcu.externaltools.gnu-tools-for-stm32.11.3.rel1.win32_1.1.1.202309131626/tools/bin/../lib/gcc/arm-none-eabi/11.3.1/../../../../arm-none-eabi/lib/thumb/v7e-m+fp/hard\libc_nano.a(libc_a-memchr.o)
                0x00000000080001e0                memchr
 .text          0x0000000008000280      0x378 H:/STM32CubeIDE_1.13.2/STM32CubeIDE/plugins/com.st.stm32cube.ide.mcu.externaltools.gnu-tools-for-stm32.11.3.rel1.win32_1.1.1.202309131626/tools/bin/../lib/gcc/arm-none-eabi/11.3.1/thumb/v7e-m+fp/hard\libgcc.a(_arm_addsubdf3.o)
                0x0000000008000280                __aeabi_drsub
                0x0000000008000288                __aeabi_dsub
                0x0000000008000288                __subdf3
                0x000000000800028c                __aeabi_dadd
                0x000000000800028c                __adddf3
                0x0000000008000504                __floatunsidf
                0x0000000008000504                __aeabi_ui2d
                0x0000000008000524                __floatsidf
                0x0000000008000524                __aeabi_i2d
                0x0000000008000548                __aeabi_f2d
                0x0000000008000548                __extendsfdf2
                0x000000000800058c                __floatundidf
                0x000000000800058c                __aeabi_ul2d
                0x000000000800059c                __floatdidf
                0x000000000800059c                __aeabi_l2d
 .text          0x00000000080005f8      0x424 H:/STM32CubeIDE_1.13.2/STM32CubeIDE/plugins/com.st.stm32cube.ide.mcu.externaltools.gnu-tools-for-stm32.11.3.rel1.win32_1.1.1.202309131626/tools/bin/../lib/gcc/arm-none-eabi/11.3.1/thumb/v7e-m+fp/hard\libgcc.a(_arm_muldivdf3.o)
                0x00000000080005f8                __aeabi_dmul
                0x00000000080005f8                __muldf3
                0x000000000800084c                __divdf3
                0x000000000800084c                __aeabi_ddiv
 .text          0x0000000008000a1c      0x110 H:/STM32CubeIDE_1.13.2/STM32CubeIDE/plugins/com.st.stm32cube.ide.mcu.externaltools.gnu-tools-for-stm32.11.3.rel1.win32_1.1.1.202309131626/tools/bin/../lib/gcc/arm-none-eabi/11.3.1/thumb/v7e-m+fp/hard\libgcc.a(_arm_cmpdf2.o)
                0x0000000008000a1c                __gtdf2
                0x0000000008000a1c                __gedf2
                0x0000000008000a24                __ltdf2
                0x0000000008000a24                __ledf2
                0x0000000008000a2c                __nedf2
                0x0000000008000a2c                __eqdf2
                0x0000000008000a2c                __cmpdf2
                0x0000000008000aa8                __aeabi_cdrcmple
                0x0000000008000ab8                __aeabi_cdcmpeq
                0x0000000008000ab8                __aeabi_cdcmple
                0x0000000008000ac8                __aeabi_dcmpeq
                0x0000000008000adc                __aeabi_dcmplt
                0x0000000008000af0                __aeabi_dcmple
                0x0000000008000b04                __aeabi_dcmpge
                0x0000000008000b18                __aeabi_dcmpgt
 .text          0x0000000008000b2c       0x50 H:/STM32CubeIDE_1.13.2/STM32CubeIDE/plugins/com.st.stm32cube.ide.mcu.externaltools.gnu-tools-for-stm32.11.3.rel1.win32_1.1.1.202309131626/tools/bin/../lib/gcc/arm-none-eabi/11.3.1/thumb/v7e-m+fp/hard\libgcc.a(_arm_fixdfsi.o)
                0x0000000008000b2c                __aeabi_d2iz
                0x0000000008000b2c                __fixdfsi
 .text          0x0000000008000b7c       0x30 H:/STM32CubeIDE_1.13.2/STM32CubeIDE/plugins/com.st.stm32cube.ide.mcu.externaltools.gnu-tools-for-stm32.11.3.rel1.win32_1.1.1.202309131626/tools/bin/../lib/gcc/arm-none-eabi/11.3.1/thumb/v7e-m+fp/hard\libgcc.a(_aeabi_uldivmod.o)
                0x0000000008000b7c                __aeabi_uldivmod
 .text          0x0000000008000bac      0x2c8 H:/STM32CubeIDE_1.13.2/STM32CubeIDE/plugins/com.st.stm32cube.ide.mcu.externaltools.gnu-tools-for-stm32.11.3.rel1.win32_1.1.1.202309131626/tools/bin/../lib/gcc/arm-none-eabi/11.3.1/thumb/v7e-m+fp/hard\libgcc.a(_udivmoddi4.o)
                0x0000000008000bac                __udivmoddi4
 .text          0x0000000008000e74        0x4 H:/STM32CubeIDE_1.13.2/STM32CubeIDE/plugins/com.st.stm32cube.ide.mcu.externaltools.gnu-tools-for-stm32.11.3.rel1.win32_1.1.1.202309131626/tools/bin/../lib/gcc/arm-none-eabi/11.3.1/thumb/v7e-m+fp/hard\libgcc.a(_dvmd_tls.o)
                0x0000000008000e74                __aeabi_idiv0
                0x0000000008000e74                __aeabi_ldiv0
 *(.text*)
 .text._crc8    0x0000000008000e78       0x2e ./Core/Src/DTek_TLE5012B.o
                0x0000000008000e78                _crc8
 *fill*         0x0000000008000ea6        0x2 
 .text.SPI_CS_Enable
                0x0000000008000ea8       0x4c ./Core/Src/DTek_TLE5012B.o
                0x0000000008000ea8                SPI_CS_Enable
 .text.SPI_CS_Disable
                0x0000000008000ef4       0x4c ./Core/Src/DTek_TLE5012B.o
                0x0000000008000ef4                SPI_CS_Disable
 .text.triggerUpdate
                0x0000000008000f40       0x34 ./Core/Src/DTek_TLE5012B.o
                0x0000000008000f40                triggerUpdate
 .text.resetSafety
                0x0000000008000f74       0x60 ./Core/Src/DTek_TLE5012B.o
                0x0000000008000f74                resetSafety
 .text.checkSafety
                0x0000000008000fd4       0x76 ./Core/Src/DTek_TLE5012B.o
                0x0000000008000fd4                checkSafety
 *fill*         0x000000000800104a        0x2 
 .text.readFromSensor
                0x000000000800104c       0x84 ./Core/Src/DTek_TLE5012B.o
                0x000000000800104c                readFromSensor
 .text.readAngleValue
                0x00000000080010d0       0x38 ./Core/Src/DTek_TLE5012B.o
                0x00000000080010d0                readAngleValue
 .text.getAngleValue
                0x0000000008001108       0x34 ./Core/Src/DTek_TLE5012B.o
                0x0000000008001108                getAngleValue
 .text.readBlockCRC
                0x000000000800113c       0x78 ./Core/Src/DTek_TLE5012B.o
                0x000000000800113c                readBlockCRC
 .text.vApplicationGetIdleTaskMemory
                0x00000000080011b4       0x18 ./Core/Src/freertos.o
                0x00000000080011b4                vApplicationGetIdleTaskMemory
 .text.StartMotorTask
                0x00000000080011cc       0x58 ./Core/Src/main.o
                0x00000000080011cc                StartMotorTask
 .text.StartDefaultTask
                0x0000000008001224       0x20 ./Core/Src/main.o
                0x0000000008001224                StartDefaultTask
 *fill*         0x0000000008001244        0x4 
 .text.StartSensorTask
                0x0000000008001248      0x448 ./Core/Src/main.o
                0x0000000008001248                StartSensorTask
 .text.SystemClock_Config
                0x0000000008001690       0x98 ./Core/Src/main.o
                0x0000000008001690                SystemClock_Config
 .text.startup.main
                0x0000000008001728      0x1e8 ./Core/Src/main.o
                0x0000000008001728                main
 .text.SizeofCharArray
                0x0000000008001910       0x10 ./Core/Src/main.o
                0x0000000008001910                SizeofCharArray
 .text.StartCommTask
                0x0000000008001920      0x2c0 ./Core/Src/main.o
                0x0000000008001920                StartCommTask
 .text.HAL_TIM_PeriodElapsedCallback
                0x0000000008001be0       0x14 ./Core/Src/main.o
                0x0000000008001be0                HAL_TIM_PeriodElapsedCallback
 .text.Error_Handler
                0x0000000008001bf4        0x2 ./Core/Src/main.o
                0x0000000008001bf4                Error_Handler
 *fill*         0x0000000008001bf6        0x2 
 .text.HAL_MspInit
                0x0000000008001bf8       0x40 ./Core/Src/stm32f4xx_hal_msp.o
                0x0000000008001bf8                HAL_MspInit
 .text.HAL_SPI_MspInit
                0x0000000008001c38       0x6c ./Core/Src/stm32f4xx_hal_msp.o
                0x0000000008001c38                HAL_SPI_MspInit
 .text.HAL_TIM_PWM_MspInit
                0x0000000008001ca4       0x30 ./Core/Src/stm32f4xx_hal_msp.o
                0x0000000008001ca4                HAL_TIM_PWM_MspInit
 .text.HAL_TIM_MspPostInit
                0x0000000008001cd4       0x58 ./Core/Src/stm32f4xx_hal_msp.o
                0x0000000008001cd4                HAL_TIM_MspPostInit
 .text.HAL_InitTick
                0x0000000008001d2c       0xa0 ./Core/Src/stm32f4xx_hal_timebase_tim.o
                0x0000000008001d2c                HAL_InitTick
 .text.NMI_Handler
                0x0000000008001dcc        0x2 ./Core/Src/stm32f4xx_it.o
                0x0000000008001dcc                NMI_Handler
 .text.HardFault_Handler
                0x0000000008001dce        0x2 ./Core/Src/stm32f4xx_it.o
                0x0000000008001dce                HardFault_Handler
 .text.MemManage_Handler
                0x0000000008001dd0        0x2 ./Core/Src/stm32f4xx_it.o
                0x0000000008001dd0                MemManage_Handler
 .text.BusFault_Handler
                0x0000000008001dd2        0x2 ./Core/Src/stm32f4xx_it.o
                0x0000000008001dd2                BusFault_Handler
 .text.UsageFault_Handler
                0x0000000008001dd4        0x2 ./Core/Src/stm32f4xx_it.o
                0x0000000008001dd4                UsageFault_Handler
 .text.DebugMon_Handler
                0x0000000008001dd6        0x2 ./Core/Src/stm32f4xx_it.o
                0x0000000008001dd6                DebugMon_Handler
 .text.TIM4_IRQHandler
                0x0000000008001dd8        0xc ./Core/Src/stm32f4xx_it.o
                0x0000000008001dd8                TIM4_IRQHandler
 .text.OTG_FS_IRQHandler
                0x0000000008001de4        0xc ./Core/Src/stm32f4xx_it.o
                0x0000000008001de4                OTG_FS_IRQHandler
 .text._sbrk    0x0000000008001df0       0x40 ./Core/Src/sysmem.o
                0x0000000008001df0                _sbrk
 .text.SystemInit
                0x0000000008001e30       0x14 ./Core/Src/system_stm32f4xx.o
                0x0000000008001e30                SystemInit
 .text.Reset_Handler
                0x0000000008001e44       0x50 ./Core/Startup/startup_stm32f401retx.o
                0x0000000008001e44                Reset_Handler
 .text.Default_Handler
                0x0000000008001e94        0x2 ./Core/Startup/startup_stm32f401retx.o
                0x0000000008001e94                RTC_Alarm_IRQHandler
                0x0000000008001e94                EXTI2_IRQHandler
                0x0000000008001e94                SPI4_IRQHandler
                0x0000000008001e94                TIM1_CC_IRQHandler
                0x0000000008001e94                DMA2_Stream5_IRQHandler
                0x0000000008001e94                DMA1_Stream5_IRQHandler
                0x0000000008001e94                PVD_IRQHandler
                0x0000000008001e94                SDIO_IRQHandler
                0x0000000008001e94                TAMP_STAMP_IRQHandler
                0x0000000008001e94                EXTI3_IRQHandler
                0x0000000008001e94                TIM1_UP_TIM10_IRQHandler
                0x0000000008001e94                I2C3_ER_IRQHandler
                0x0000000008001e94                EXTI0_IRQHandler
                0x0000000008001e94                I2C2_EV_IRQHandler
                0x0000000008001e94                DMA1_Stream2_IRQHandler
                0x0000000008001e94                FPU_IRQHandler
                0x0000000008001e94                DMA2_Stream2_IRQHandler
                0x0000000008001e94                SPI1_IRQHandler
                0x0000000008001e94                TIM1_BRK_TIM9_IRQHandler
                0x0000000008001e94                DMA2_Stream3_IRQHandler
                0x0000000008001e94                USART6_IRQHandler
                0x0000000008001e94                DMA2_Stream0_IRQHandler
                0x0000000008001e94                I2C1_EV_IRQHandler
                0x0000000008001e94                DMA1_Stream6_IRQHandler
                0x0000000008001e94                DMA1_Stream1_IRQHandler
                0x0000000008001e94                TIM3_IRQHandler
                0x0000000008001e94                RCC_IRQHandler
                0x0000000008001e94                Default_Handler
                0x0000000008001e94                EXTI15_10_IRQHandler
                0x0000000008001e94                ADC_IRQHandler
                0x0000000008001e94                DMA1_Stream7_IRQHandler
                0x0000000008001e94                TIM5_IRQHandler
                0x0000000008001e94                DMA2_Stream7_IRQHandler
                0x0000000008001e94                I2C3_EV_IRQHandler
                0x0000000008001e94                EXTI9_5_IRQHandler
                0x0000000008001e94                RTC_WKUP_IRQHandler
                0x0000000008001e94                SPI2_IRQHandler
                0x0000000008001e94                DMA1_Stream0_IRQHandler
                0x0000000008001e94                EXTI4_IRQHandler
                0x0000000008001e94                WWDG_IRQHandler
                0x0000000008001e94                TIM2_IRQHandler
                0x0000000008001e94                OTG_FS_WKUP_IRQHandler
                0x0000000008001e94                TIM1_TRG_COM_TIM11_IRQHandler
                0x0000000008001e94                EXTI1_IRQHandler
                0x0000000008001e94                USART2_IRQHandler
                0x0000000008001e94                I2C2_ER_IRQHandler
                0x0000000008001e94                DMA2_Stream1_IRQHandler
                0x0000000008001e94                FLASH_IRQHandler
                0x0000000008001e94                DMA2_Stream4_IRQHandler
                0x0000000008001e94                USART1_IRQHandler
                0x0000000008001e94                SPI3_IRQHandler
                0x0000000008001e94                DMA1_Stream4_IRQHandler
                0x0000000008001e94                I2C1_ER_IRQHandler
                0x0000000008001e94                DMA2_Stream6_IRQHandler
                0x0000000008001e94                DMA1_Stream3_IRQHandler
 *fill*         0x0000000008001e96        0x2 
 .text.HAL_Init
                0x0000000008001e98       0x34 ./Drivers/STM32F4xx_HAL_Driver/Src/stm32f4xx_hal.o
                0x0000000008001e98                HAL_Init
 .text.HAL_IncTick
                0x0000000008001ecc       0x18 ./Drivers/STM32F4xx_HAL_Driver/Src/stm32f4xx_hal.o
                0x0000000008001ecc                HAL_IncTick
 .text.HAL_GetTick
                0x0000000008001ee4        0xc ./Drivers/STM32F4xx_HAL_Driver/Src/stm32f4xx_hal.o
                0x0000000008001ee4                HAL_GetTick
 .text.HAL_Delay
                0x0000000008001ef0       0x28 ./Drivers/STM32F4xx_HAL_Driver/Src/stm32f4xx_hal.o
                0x0000000008001ef0                HAL_Delay
 .text.HAL_NVIC_SetPriorityGrouping
                0x0000000008001f18       0x24 ./Drivers/STM32F4xx_HAL_Driver/Src/stm32f4xx_hal_cortex.o
                0x0000000008001f18                HAL_NVIC_SetPriorityGrouping
 .text.HAL_NVIC_SetPriority
                0x0000000008001f3c       0x64 ./Drivers/STM32F4xx_HAL_Driver/Src/stm32f4xx_hal_cortex.o
                0x0000000008001f3c                HAL_NVIC_SetPriority
 .text.HAL_NVIC_EnableIRQ
                0x0000000008001fa0       0x1c ./Drivers/STM32F4xx_HAL_Driver/Src/stm32f4xx_hal_cortex.o
                0x0000000008001fa0                HAL_NVIC_EnableIRQ
 .text.HAL_GPIO_Init
                0x0000000008001fbc      0x190 ./Drivers/STM32F4xx_HAL_Driver/Src/stm32f4xx_hal_gpio.o
                0x0000000008001fbc                HAL_GPIO_Init
 .text.HAL_GPIO_WritePin
                0x000000000800214c        0xa ./Drivers/STM32F4xx_HAL_Driver/Src/stm32f4xx_hal_gpio.o
                0x000000000800214c                HAL_GPIO_WritePin
 .text.HAL_GPIO_TogglePin
                0x0000000008002156       0x12 ./Drivers/STM32F4xx_HAL_Driver/Src/stm32f4xx_hal_gpio.o
                0x0000000008002156                HAL_GPIO_TogglePin
 .text.HAL_PCD_Init
                0x0000000008002168      0x10a ./Drivers/STM32F4xx_HAL_Driver/Src/stm32f4xx_hal_pcd.o
                0x0000000008002168                HAL_PCD_Init
 .text.HAL_PCD_Start
                0x0000000008002272       0x3e ./Drivers/STM32F4xx_HAL_Driver/Src/stm32f4xx_hal_pcd.o
                0x0000000008002272                HAL_PCD_Start
 .text.HAL_PCD_SetAddress
                0x00000000080022b0       0x28 ./Drivers/STM32F4xx_HAL_Driver/Src/stm32f4xx_hal_pcd.o
                0x00000000080022b0                HAL_PCD_SetAddress
 .text.HAL_PCD_EP_Open
                0x00000000080022d8       0x70 ./Drivers/STM32F4xx_HAL_Driver/Src/stm32f4xx_hal_pcd.o
                0x00000000080022d8                HAL_PCD_EP_Open
 .text.HAL_PCD_EP_Close
                0x0000000008002348       0x5e ./Drivers/STM32F4xx_HAL_Driver/Src/stm32f4xx_hal_pcd.o
                0x0000000008002348                HAL_PCD_EP_Close
 .text.HAL_PCD_EP_Receive
                0x00000000080023a6       0x48 ./Drivers/STM32F4xx_HAL_Driver/Src/stm32f4xx_hal_pcd.o
                0x00000000080023a6                HAL_PCD_EP_Receive
 .text.HAL_PCD_EP_GetRxCount
                0x00000000080023ee       0x10 ./Drivers/STM32F4xx_HAL_Driver/Src/stm32f4xx_hal_pcd.o
                0x00000000080023ee                HAL_PCD_EP_GetRxCount
 .text.HAL_PCD_EP_Transmit
                0x00000000080023fe       0x40 ./Drivers/STM32F4xx_HAL_Driver/Src/stm32f4xx_hal_pcd.o
                0x00000000080023fe                HAL_PCD_EP_Transmit
 .text.HAL_PCD_EP_SetStall
                0x000000000800243e       0x74 ./Drivers/STM32F4xx_HAL_Driver/Src/stm32f4xx_hal_pcd.o
                0x000000000800243e                HAL_PCD_EP_SetStall
 .text.HAL_PCD_EP_ClrStall
                0x00000000080024b2       0x6c ./Drivers/STM32F4xx_HAL_Driver/Src/stm32f4xx_hal_pcd.o
                0x00000000080024b2                HAL_PCD_EP_ClrStall
 .text.HAL_PCD_EP_Abort
                0x000000000800251e       0x20 ./Drivers/STM32F4xx_HAL_Driver/Src/stm32f4xx_hal_pcd.o
                0x000000000800251e                HAL_PCD_EP_Abort
 *fill*         0x000000000800253e        0x2 
 .text.HAL_PCD_IRQHandler
                0x0000000008002540      0x690 ./Drivers/STM32F4xx_HAL_Driver/Src/stm32f4xx_hal_pcd.o
                0x0000000008002540                HAL_PCD_IRQHandler
 .text.HAL_PCDEx_SetTxFiFo
                0x0000000008002bd0       0x40 ./Drivers/STM32F4xx_HAL_Driver/Src/stm32f4xx_hal_pcd_ex.o
                0x0000000008002bd0                HAL_PCDEx_SetTxFiFo
 .text.HAL_PCDEx_SetRxFiFo
                0x0000000008002c10        0x8 ./Drivers/STM32F4xx_HAL_Driver/Src/stm32f4xx_hal_pcd_ex.o
                0x0000000008002c10                HAL_PCDEx_SetRxFiFo
 .text.HAL_PCDEx_LPM_Callback
                0x0000000008002c18        0x2 ./Drivers/STM32F4xx_HAL_Driver/Src/stm32f4xx_hal_pcd_ex.o
                0x0000000008002c18                HAL_PCDEx_LPM_Callback
 *fill*         0x0000000008002c1a        0x2 
 .text.HAL_RCC_OscConfig
                0x0000000008002c1c      0x358 ./Drivers/STM32F4xx_HAL_Driver/Src/stm32f4xx_hal_rcc.o
                0x0000000008002c1c                HAL_RCC_OscConfig
 .text.HAL_RCC_GetSysClockFreq
                0x0000000008002f74       0x5c ./Drivers/STM32F4xx_HAL_Driver/Src/stm32f4xx_hal_rcc.o
                0x0000000008002f74                HAL_RCC_GetSysClockFreq
 .text.HAL_RCC_ClockConfig
                0x0000000008002fd0      0x134 ./Drivers/STM32F4xx_HAL_Driver/Src/stm32f4xx_hal_rcc.o
                0x0000000008002fd0                HAL_RCC_ClockConfig
 .text.HAL_RCC_GetHCLKFreq
                0x0000000008003104        0xc ./Drivers/STM32F4xx_HAL_Driver/Src/stm32f4xx_hal_rcc.o
                0x0000000008003104                HAL_RCC_GetHCLKFreq
 .text.HAL_RCC_GetPCLK1Freq
                0x0000000008003110       0x20 ./Drivers/STM32F4xx_HAL_Driver/Src/stm32f4xx_hal_rcc.o
                0x0000000008003110                HAL_RCC_GetPCLK1Freq
 .text.HAL_RCC_GetClockConfig
                0x0000000008003130       0x3c ./Drivers/STM32F4xx_HAL_Driver/Src/stm32f4xx_hal_rcc.o
                0x0000000008003130                HAL_RCC_GetClockConfig
 .text.SPI_WaitFlagStateUntilTimeout.constprop.0
                0x000000000800316c       0xac ./Drivers/STM32F4xx_HAL_Driver/Src/stm32f4xx_hal_spi.o
 .text.SPI_EndRxTransaction
                0x0000000008003218       0x54 ./Drivers/STM32F4xx_HAL_Driver/Src/stm32f4xx_hal_spi.o
 .text.SPI_EndRxTxTransaction
                0x000000000800326c       0x58 ./Drivers/STM32F4xx_HAL_Driver/Src/stm32f4xx_hal_spi.o
 .text.HAL_SPI_Init
                0x00000000080032c4       0xb8 ./Drivers/STM32F4xx_HAL_Driver/Src/stm32f4xx_hal_spi.o
                0x00000000080032c4                HAL_SPI_Init
 .text.HAL_SPI_Transmit
                0x000000000800337c      0x15a ./Drivers/STM32F4xx_HAL_Driver/Src/stm32f4xx_hal_spi.o
                0x000000000800337c                HAL_SPI_Transmit
 .text.HAL_SPI_TransmitReceive
                0x00000000080034d6      0x1de ./Drivers/STM32F4xx_HAL_Driver/Src/stm32f4xx_hal_spi.o
                0x00000000080034d6                HAL_SPI_TransmitReceive
 .text.HAL_SPI_Receive
                0x00000000080036b4      0x13a ./Drivers/STM32F4xx_HAL_Driver/Src/stm32f4xx_hal_spi.o
                0x00000000080036b4                HAL_SPI_Receive
 *fill*         0x00000000080037ee        0x2 
 .text.TIM_OC1_SetConfig
                0x00000000080037f0       0x50 ./Drivers/STM32F4xx_HAL_Driver/Src/stm32f4xx_hal_tim.o
 .text.TIM_OC3_SetConfig
                0x0000000008003840       0x54 ./Drivers/STM32F4xx_HAL_Driver/Src/stm32f4xx_hal_tim.o
 .text.TIM_OC4_SetConfig
                0x0000000008003894       0x44 ./Drivers/STM32F4xx_HAL_Driver/Src/stm32f4xx_hal_tim.o
 .text.HAL_TIM_Base_MspInit
                0x00000000080038d8        0x2 ./Drivers/STM32F4xx_HAL_Driver/Src/stm32f4xx_hal_tim.o
                0x00000000080038d8                HAL_TIM_Base_MspInit
 *fill*         0x00000000080038da        0x2 
 .text.HAL_TIM_Base_Start_IT
                0x00000000080038dc       0x64 ./Drivers/STM32F4xx_HAL_Driver/Src/stm32f4xx_hal_tim.o
                0x00000000080038dc                HAL_TIM_Base_Start_IT
 .text.HAL_TIM_OC_DelayElapsedCallback
                0x0000000008003940        0x2 ./Drivers/STM32F4xx_HAL_Driver/Src/stm32f4xx_hal_tim.o
                0x0000000008003940                HAL_TIM_OC_DelayElapsedCallback
 .text.HAL_TIM_IC_CaptureCallback
                0x0000000008003942        0x2 ./Drivers/STM32F4xx_HAL_Driver/Src/stm32f4xx_hal_tim.o
                0x0000000008003942                HAL_TIM_IC_CaptureCallback
 .text.HAL_TIM_PWM_PulseFinishedCallback
                0x0000000008003944        0x2 ./Drivers/STM32F4xx_HAL_Driver/Src/stm32f4xx_hal_tim.o
                0x0000000008003944                HAL_TIM_PWM_PulseFinishedCallback
 .text.HAL_TIM_TriggerCallback
                0x0000000008003946        0x2 ./Drivers/STM32F4xx_HAL_Driver/Src/stm32f4xx_hal_tim.o
                0x0000000008003946                HAL_TIM_TriggerCallback
 .text.HAL_TIM_IRQHandler
                0x0000000008003948      0x144 ./Drivers/STM32F4xx_HAL_Driver/Src/stm32f4xx_hal_tim.o
                0x0000000008003948                HAL_TIM_IRQHandler
 .text.TIM_Base_SetConfig
                0x0000000008003a8c       0x9c ./Drivers/STM32F4xx_HAL_Driver/Src/stm32f4xx_hal_tim.o
                0x0000000008003a8c                TIM_Base_SetConfig
 .text.HAL_TIM_Base_Init
                0x0000000008003b28       0x58 ./Drivers/STM32F4xx_HAL_Driver/Src/stm32f4xx_hal_tim.o
                0x0000000008003b28                HAL_TIM_Base_Init
 .text.HAL_TIM_PWM_Init
                0x0000000008003b80       0x58 ./Drivers/STM32F4xx_HAL_Driver/Src/stm32f4xx_hal_tim.o
                0x0000000008003b80                HAL_TIM_PWM_Init
 .text.TIM_OC2_SetConfig
                0x0000000008003bd8       0x58 ./Drivers/STM32F4xx_HAL_Driver/Src/stm32f4xx_hal_tim.o
                0x0000000008003bd8                TIM_OC2_SetConfig
 .text.HAL_TIM_PWM_ConfigChannel
                0x0000000008003c30       0xb2 ./Drivers/STM32F4xx_HAL_Driver/Src/stm32f4xx_hal_tim.o
                0x0000000008003c30                HAL_TIM_PWM_ConfigChannel
 .text.TIM_CCxChannelCmd
                0x0000000008003ce2       0x1c ./Drivers/STM32F4xx_HAL_Driver/Src/stm32f4xx_hal_tim.o
                0x0000000008003ce2                TIM_CCxChannelCmd
 *fill*         0x0000000008003cfe        0x2 
 .text.HAL_TIM_OC_Start
                0x0000000008003d00       0xb0 ./Drivers/STM32F4xx_HAL_Driver/Src/stm32f4xx_hal_tim.o
                0x0000000008003d00                HAL_TIM_OC_Start
 .text.HAL_TIM_PWM_Start
                0x0000000008003db0        0x4 ./Drivers/STM32F4xx_HAL_Driver/Src/stm32f4xx_hal_tim.o
                0x0000000008003db0                HAL_TIM_PWM_Start
 .text.HAL_TIMEx_MasterConfigSynchronization
                0x0000000008003db4       0x6c ./Drivers/STM32F4xx_HAL_Driver/Src/stm32f4xx_hal_tim_ex.o
                0x0000000008003db4                HAL_TIMEx_MasterConfigSynchronization
 .text.HAL_TIMEx_ConfigBreakDeadTime
                0x0000000008003e20       0x4c ./Drivers/STM32F4xx_HAL_Driver/Src/stm32f4xx_hal_tim_ex.o
                0x0000000008003e20                HAL_TIMEx_ConfigBreakDeadTime
 .text.HAL_TIMEx_CommutCallback
                0x0000000008003e6c        0x2 ./Drivers/STM32F4xx_HAL_Driver/Src/stm32f4xx_hal_tim_ex.o
                0x0000000008003e6c                HAL_TIMEx_CommutCallback
 .text.HAL_TIMEx_BreakCallback
                0x0000000008003e6e        0x2 ./Drivers/STM32F4xx_HAL_Driver/Src/stm32f4xx_hal_tim_ex.o
                0x0000000008003e6e                HAL_TIMEx_BreakCallback
 .text.USB_CoreReset
                0x0000000008003e70       0x4c ./Drivers/STM32F4xx_HAL_Driver/Src/stm32f4xx_ll_usb.o
 .text.USB_CoreInit
                0x0000000008003ebc       0x80 ./Drivers/STM32F4xx_HAL_Driver/Src/stm32f4xx_ll_usb.o
                0x0000000008003ebc                USB_CoreInit
 .text.USB_SetTurnaroundTime
                0x0000000008003f3c       0xe0 ./Drivers/STM32F4xx_HAL_Driver/Src/stm32f4xx_ll_usb.o
                0x0000000008003f3c                USB_SetTurnaroundTime
 .text.USB_EnableGlobalInt
                0x000000000800401c        0xc ./Drivers/STM32F4xx_HAL_Driver/Src/stm32f4xx_ll_usb.o
                0x000000000800401c                USB_EnableGlobalInt
 .text.USB_DisableGlobalInt
                0x0000000008004028        0xc ./Drivers/STM32F4xx_HAL_Driver/Src/stm32f4xx_ll_usb.o
                0x0000000008004028                USB_DisableGlobalInt
 .text.USB_SetCurrentMode
                0x0000000008004034       0x60 ./Drivers/STM32F4xx_HAL_Driver/Src/stm32f4xx_ll_usb.o
                0x0000000008004034                USB_SetCurrentMode
 .text.USB_FlushTxFifo
                0x0000000008004094       0x4c ./Drivers/STM32F4xx_HAL_Driver/Src/stm32f4xx_ll_usb.o
                0x0000000008004094                USB_FlushTxFifo
 .text.USB_FlushRxFifo
                0x00000000080040e0       0x48 ./Drivers/STM32F4xx_HAL_Driver/Src/stm32f4xx_ll_usb.o
                0x00000000080040e0                USB_FlushRxFifo
 .text.USB_SetDevSpeed
                0x0000000008004128        0xe ./Drivers/STM32F4xx_HAL_Driver/Src/stm32f4xx_ll_usb.o
                0x0000000008004128                USB_SetDevSpeed
 *fill*         0x0000000008004136        0x2 
 .text.USB_DevInit
                0x0000000008004138      0x170 ./Drivers/STM32F4xx_HAL_Driver/Src/stm32f4xx_ll_usb.o
                0x0000000008004138                USB_DevInit
 .text.USB_GetDevSpeed
                0x00000000080042a8       0x16 ./Drivers/STM32F4xx_HAL_Driver/Src/stm32f4xx_ll_usb.o
                0x00000000080042a8                USB_GetDevSpeed
 .text.USB_ActivateEndpoint
                0x00000000080042be       0x7e ./Drivers/STM32F4xx_HAL_Driver/Src/stm32f4xx_ll_usb.o
                0x00000000080042be                USB_ActivateEndpoint
 .text.USB_DeactivateEndpoint
                0x000000000800433c       0xac ./Drivers/STM32F4xx_HAL_Driver/Src/stm32f4xx_ll_usb.o
                0x000000000800433c                USB_DeactivateEndpoint
 .text.USB_EP0StartXfer
                0x00000000080043e8       0xf8 ./Drivers/STM32F4xx_HAL_Driver/Src/stm32f4xx_ll_usb.o
                0x00000000080043e8                USB_EP0StartXfer
 .text.USB_EPStopXfer
                0x00000000080044e0       0x84 ./Drivers/STM32F4xx_HAL_Driver/Src/stm32f4xx_ll_usb.o
                0x00000000080044e0                USB_EPStopXfer
 .text.USB_WritePacket
                0x0000000008004564       0x26 ./Drivers/STM32F4xx_HAL_Driver/Src/stm32f4xx_ll_usb.o
                0x0000000008004564                USB_WritePacket
 *fill*         0x000000000800458a        0x2 
 .text.USB_EPStartXfer
                0x000000000800458c      0x1d4 ./Drivers/STM32F4xx_HAL_Driver/Src/stm32f4xx_ll_usb.o
                0x000000000800458c                USB_EPStartXfer
 .text.USB_ReadPacket
                0x0000000008004760       0x40 ./Drivers/STM32F4xx_HAL_Driver/Src/stm32f4xx_ll_usb.o
                0x0000000008004760                USB_ReadPacket
 .text.USB_EPSetStall
                0x00000000080047a0       0x56 ./Drivers/STM32F4xx_HAL_Driver/Src/stm32f4xx_ll_usb.o
                0x00000000080047a0                USB_EPSetStall
 .text.USB_EPClearStall
                0x00000000080047f6       0x52 ./Drivers/STM32F4xx_HAL_Driver/Src/stm32f4xx_ll_usb.o
                0x00000000080047f6                USB_EPClearStall
 .text.USB_SetDevAddress
                0x0000000008004848       0x20 ./Drivers/STM32F4xx_HAL_Driver/Src/stm32f4xx_ll_usb.o
                0x0000000008004848                USB_SetDevAddress
 .text.USB_DevConnect
                0x0000000008004868       0x1c ./Drivers/STM32F4xx_HAL_Driver/Src/stm32f4xx_ll_usb.o
                0x0000000008004868                USB_DevConnect
 .text.USB_DevDisconnect
                0x0000000008004884       0x1c ./Drivers/STM32F4xx_HAL_Driver/Src/stm32f4xx_ll_usb.o
                0x0000000008004884                USB_DevDisconnect
 .text.USB_ReadInterrupts
                0x00000000080048a0        0x8 ./Drivers/STM32F4xx_HAL_Driver/Src/stm32f4xx_ll_usb.o
                0x00000000080048a0                USB_ReadInterrupts
 .text.USB_ReadDevAllOutEpInterrupt
                0x00000000080048a8       0x10 ./Drivers/STM32F4xx_HAL_Driver/Src/stm32f4xx_ll_usb.o
                0x00000000080048a8                USB_ReadDevAllOutEpInterrupt
 .text.USB_ReadDevAllInEpInterrupt
                0x00000000080048b8       0x10 ./Drivers/STM32F4xx_HAL_Driver/Src/stm32f4xx_ll_usb.o
                0x00000000080048b8                USB_ReadDevAllInEpInterrupt
 .text.USB_ReadDevOutEPInterrupt
                0x00000000080048c8       0x12 ./Drivers/STM32F4xx_HAL_Driver/Src/stm32f4xx_ll_usb.o
                0x00000000080048c8                USB_ReadDevOutEPInterrupt
 .text.USB_ReadDevInEPInterrupt
                0x00000000080048da       0x22 ./Drivers/STM32F4xx_HAL_Driver/Src/stm32f4xx_ll_usb.o
                0x00000000080048da                USB_ReadDevInEPInterrupt
 .text.USB_GetMode
                0x00000000080048fc        0x8 ./Drivers/STM32F4xx_HAL_Driver/Src/stm32f4xx_ll_usb.o
                0x00000000080048fc                USB_GetMode
 .text.USB_ActivateSetup
                0x0000000008004904       0x20 ./Drivers/STM32F4xx_HAL_Driver/Src/stm32f4xx_ll_usb.o
                0x0000000008004904                USB_ActivateSetup
 .text.USB_EP0_OutStart
                0x0000000008004924       0x4c ./Drivers/STM32F4xx_HAL_Driver/Src/stm32f4xx_ll_usb.o
                0x0000000008004924                USB_EP0_OutStart
 .text.USBD_CDC_EP0_RxReady
                0x0000000008004970       0x36 ./Middlewares/ST/STM32_USB_Device_Library/Class/CDC/Src/usbd_cdc.o
 *fill*         0x00000000080049a6        0x2 
 .text.USBD_CDC_GetDeviceQualifierDescriptor
                0x00000000080049a8        0xc ./Middlewares/ST/STM32_USB_Device_Library/Class/CDC/Src/usbd_cdc.o
                0x00000000080049a8                USBD_CDC_GetDeviceQualifierDescriptor
 .text.USBD_CDC_GetFSCfgDesc
                0x00000000080049b4       0x48 ./Middlewares/ST/STM32_USB_Device_Library/Class/CDC/Src/usbd_cdc.o
 .text.USBD_CDC_GetOtherSpeedCfgDesc
                0x00000000080049fc        0x4 ./Middlewares/ST/STM32_USB_Device_Library/Class/CDC/Src/usbd_cdc.o
 .text.USBD_CDC_GetHSCfgDesc
                0x0000000008004a00       0x48 ./Middlewares/ST/STM32_USB_Device_Library/Class/CDC/Src/usbd_cdc.o
 .text.USBD_CDC_DataOut
                0x0000000008004a48       0x38 ./Middlewares/ST/STM32_USB_Device_Library/Class/CDC/Src/usbd_cdc.o
 .text.USBD_CDC_DataIn
                0x0000000008004a80       0x68 ./Middlewares/ST/STM32_USB_Device_Library/Class/CDC/Src/usbd_cdc.o
 .text.USBD_CDC_Setup
                0x0000000008004ae8      0x108 ./Middlewares/ST/STM32_USB_Device_Library/Class/CDC/Src/usbd_cdc.o
 .text.USBD_CDC_DeInit
                0x0000000008004bf0       0x5a ./Middlewares/ST/STM32_USB_Device_Library/Class/CDC/Src/usbd_cdc.o
 .text.USBD_CDC_Init
                0x0000000008004c4a       0xd0 ./Middlewares/ST/STM32_USB_Device_Library/Class/CDC/Src/usbd_cdc.o
 .text.USBD_CDC_RegisterInterface
                0x0000000008004d1a       0x16 ./Middlewares/ST/STM32_USB_Device_Library/Class/CDC/Src/usbd_cdc.o
                0x0000000008004d1a                USBD_CDC_RegisterInterface
 .text.USBD_CDC_SetTxBuffer
                0x0000000008004d30       0x1c ./Middlewares/ST/STM32_USB_Device_Library/Class/CDC/Src/usbd_cdc.o
                0x0000000008004d30                USBD_CDC_SetTxBuffer
 .text.USBD_CDC_SetRxBuffer
                0x0000000008004d4c       0x18 ./Middlewares/ST/STM32_USB_Device_Library/Class/CDC/Src/usbd_cdc.o
                0x0000000008004d4c                USBD_CDC_SetRxBuffer
 .text.USBD_CDC_TransmitPacket
                0x0000000008004d64       0x36 ./Middlewares/ST/STM32_USB_Device_Library/Class/CDC/Src/usbd_cdc.o
                0x0000000008004d64                USBD_CDC_TransmitPacket
 .text.USBD_CDC_ReceivePacket
                0x0000000008004d9a       0x34 ./Middlewares/ST/STM32_USB_Device_Library/Class/CDC/Src/usbd_cdc.o
                0x0000000008004d9a                USBD_CDC_ReceivePacket
 .text.USBD_Init
                0x0000000008004dce       0x26 ./Middlewares/ST/STM32_USB_Device_Library/Core/Src/usbd_core.o
                0x0000000008004dce                USBD_Init
 .text.USBD_RegisterClass
                0x0000000008004df4       0x32 ./Middlewares/ST/STM32_USB_Device_Library/Core/Src/usbd_core.o
                0x0000000008004df4                USBD_RegisterClass
 .text.USBD_Start
                0x0000000008004e26        0x4 ./Middlewares/ST/STM32_USB_Device_Library/Core/Src/usbd_core.o
                0x0000000008004e26                USBD_Start
 .text.USBD_SetClassConfig
                0x0000000008004e2a        0xe ./Middlewares/ST/STM32_USB_Device_Library/Core/Src/usbd_core.o
                0x0000000008004e2a                USBD_SetClassConfig
 .text.USBD_ClrClassConfig
                0x0000000008004e38       0x12 ./Middlewares/ST/STM32_USB_Device_Library/Core/Src/usbd_core.o
                0x0000000008004e38                USBD_ClrClassConfig
 .text.USBD_LL_SetupStage
                0x0000000008004e4a       0x60 ./Middlewares/ST/STM32_USB_Device_Library/Core/Src/usbd_core.o
                0x0000000008004e4a                USBD_LL_SetupStage
 .text.USBD_LL_DataOutStage
                0x0000000008004eaa       0x6a ./Middlewares/ST/STM32_USB_Device_Library/Core/Src/usbd_core.o
                0x0000000008004eaa                USBD_LL_DataOutStage
 .text.USBD_LL_DataInStage
                0x0000000008004f14       0xae ./Middlewares/ST/STM32_USB_Device_Library/Core/Src/usbd_core.o
                0x0000000008004f14                USBD_LL_DataInStage
 .text.USBD_LL_Reset
                0x0000000008004fc2       0x5e ./Middlewares/ST/STM32_USB_Device_Library/Core/Src/usbd_core.o
                0x0000000008004fc2                USBD_LL_Reset
 .text.USBD_LL_SetSpeed
                0x0000000008005020        0x6 ./Middlewares/ST/STM32_USB_Device_Library/Core/Src/usbd_core.o
                0x0000000008005020                USBD_LL_SetSpeed
 .text.USBD_LL_Suspend
                0x0000000008005026       0x14 ./Middlewares/ST/STM32_USB_Device_Library/Core/Src/usbd_core.o
                0x0000000008005026                USBD_LL_Suspend
 .text.USBD_LL_Resume
                0x000000000800503a       0x16 ./Middlewares/ST/STM32_USB_Device_Library/Core/Src/usbd_core.o
                0x000000000800503a                USBD_LL_Resume
 .text.USBD_LL_SOF
                0x0000000008005050       0x1a ./Middlewares/ST/STM32_USB_Device_Library/Core/Src/usbd_core.o
                0x0000000008005050                USBD_LL_SOF
 .text.USBD_LL_IsoINIncomplete
                0x000000000800506a       0x28 ./Middlewares/ST/STM32_USB_Device_Library/Core/Src/usbd_core.o
                0x000000000800506a                USBD_LL_IsoINIncomplete
 .text.USBD_LL_IsoOUTIncomplete
                0x0000000008005092       0x28 ./Middlewares/ST/STM32_USB_Device_Library/Core/Src/usbd_core.o
                0x0000000008005092                USBD_LL_IsoOUTIncomplete
 .text.USBD_LL_DevConnected
                0x00000000080050ba        0x4 ./Middlewares/ST/STM32_USB_Device_Library/Core/Src/usbd_core.o
                0x00000000080050ba                USBD_LL_DevConnected
 .text.USBD_LL_DevDisconnected
                0x00000000080050be       0x20 ./Middlewares/ST/STM32_USB_Device_Library/Core/Src/usbd_core.o
                0x00000000080050be                USBD_LL_DevDisconnected
 .text.USBD_CoreFindIF
                0x00000000080050de        0x4 ./Middlewares/ST/STM32_USB_Device_Library/Core/Src/usbd_core.o
                0x00000000080050de                USBD_CoreFindIF
 .text.USBD_CoreFindEP
                0x00000000080050e2        0x4 ./Middlewares/ST/STM32_USB_Device_Library/Core/Src/usbd_core.o
                0x00000000080050e2                USBD_CoreFindEP
 .text.USBD_GetEpDesc
                0x00000000080050e6       0x24 ./Middlewares/ST/STM32_USB_Device_Library/Core/Src/usbd_core.o
                0x00000000080050e6                USBD_GetEpDesc
 .text.USBD_CtlError.constprop.0
                0x000000000800510a       0x16 ./Middlewares/ST/STM32_USB_Device_Library/Core/Src/usbd_ctlreq.o
 .text.USBD_StdDevReq
                0x0000000008005120      0x2a8 ./Middlewares/ST/STM32_USB_Device_Library/Core/Src/usbd_ctlreq.o
                0x0000000008005120                USBD_StdDevReq
 .text.USBD_StdItfReq
                0x00000000080053c8       0x5e ./Middlewares/ST/STM32_USB_Device_Library/Core/Src/usbd_ctlreq.o
                0x00000000080053c8                USBD_StdItfReq
 .text.USBD_StdEPReq
                0x0000000008005426      0x138 ./Middlewares/ST/STM32_USB_Device_Library/Core/Src/usbd_ctlreq.o
                0x0000000008005426                USBD_StdEPReq
 .text.USBD_ParseSetupRequest
                0x000000000800555e       0x16 ./Middlewares/ST/STM32_USB_Device_Library/Core/Src/usbd_ctlreq.o
                0x000000000800555e                USBD_ParseSetupRequest
 .text.USBD_CtlError
                0x0000000008005574       0x16 ./Middlewares/ST/STM32_USB_Device_Library/Core/Src/usbd_ctlreq.o
                0x0000000008005574                USBD_CtlError
 .text.USBD_GetString
                0x000000000800558a       0x38 ./Middlewares/ST/STM32_USB_Device_Library/Core/Src/usbd_ctlreq.o
                0x000000000800558a                USBD_GetString
 .text.USBD_CtlSendData
                0x00000000080055c2       0x1a ./Middlewares/ST/STM32_USB_Device_Library/Core/Src/usbd_ioreq.o
                0x00000000080055c2                USBD_CtlSendData
 .text.USBD_CtlContinueSendData
                0x00000000080055dc       0x10 ./Middlewares/ST/STM32_USB_Device_Library/Core/Src/usbd_ioreq.o
                0x00000000080055dc                USBD_CtlContinueSendData
 .text.USBD_CtlPrepareRx
                0x00000000080055ec       0x1a ./Middlewares/ST/STM32_USB_Device_Library/Core/Src/usbd_ioreq.o
                0x00000000080055ec                USBD_CtlPrepareRx
 .text.USBD_CtlContinueRx
                0x0000000008005606       0x10 ./Middlewares/ST/STM32_USB_Device_Library/Core/Src/usbd_ioreq.o
                0x0000000008005606                USBD_CtlContinueRx
 .text.USBD_CtlSendStatus
                0x0000000008005616       0x16 ./Middlewares/ST/STM32_USB_Device_Library/Core/Src/usbd_ioreq.o
                0x0000000008005616                USBD_CtlSendStatus
 .text.USBD_CtlReceiveStatus
                0x000000000800562c       0x16 ./Middlewares/ST/STM32_USB_Device_Library/Core/Src/usbd_ioreq.o
                0x000000000800562c                USBD_CtlReceiveStatus
 .text.osKernelStart
                0x0000000008005642        0xa ./Middlewares/Third_Party/FreeRTOS/Source/CMSIS_RTOS/cmsis_os.o
                0x0000000008005642                osKernelStart
 .text.osThreadCreate
                0x000000000800564c       0x50 ./Middlewares/Third_Party/FreeRTOS/Source/CMSIS_RTOS/cmsis_os.o
                0x000000000800564c                osThreadCreate
 .text.osDelay  0x000000000800569c       0x10 ./Middlewares/Third_Party/FreeRTOS/Source/CMSIS_RTOS/cmsis_os.o
                0x000000000800569c                osDelay
 .text.vListInitialise
                0x00000000080056ac       0x16 ./Middlewares/Third_Party/FreeRTOS/Source/list.o
                0x00000000080056ac                vListInitialise
 .text.vListInitialiseItem
                0x00000000080056c2        0x6 ./Middlewares/Third_Party/FreeRTOS/Source/list.o
                0x00000000080056c2                vListInitialiseItem
 .text.vListInsertEnd
                0x00000000080056c8       0x18 ./Middlewares/Third_Party/FreeRTOS/Source/list.o
                0x00000000080056c8                vListInsertEnd
 .text.vListInsert
                0x00000000080056e0       0x2e ./Middlewares/Third_Party/FreeRTOS/Source/list.o
                0x00000000080056e0                vListInsert
 .text.uxListRemove
                0x000000000800570e       0x20 ./Middlewares/Third_Party/FreeRTOS/Source/list.o
                0x000000000800570e                uxListRemove
 *fill*         0x000000000800572e        0x2 
 .text.prvAddNewTaskToReadyList
                0x0000000008005730       0xfc ./Middlewares/Third_Party/FreeRTOS/Source/tasks.o
 .text.prvAddCurrentTaskToDelayedList
                0x000000000800582c       0x88 ./Middlewares/Third_Party/FreeRTOS/Source/tasks.o
 .text.prvResetNextTaskUnblockTime
                0x00000000080058b4       0x24 ./Middlewares/Third_Party/FreeRTOS/Source/tasks.o
 .text.prvDeleteTCB
                0x00000000080058d8       0x3c ./Middlewares/Third_Party/FreeRTOS/Source/tasks.o
 .text.prvIdleTask
                0x0000000008005914       0x60 ./Middlewares/Third_Party/FreeRTOS/Source/tasks.o
 .text.prvInitialiseNewTask.constprop.0
                0x0000000008005974       0xb0 ./Middlewares/Third_Party/FreeRTOS/Source/tasks.o
 .text.xTaskCreateStatic
                0x0000000008005a24       0x70 ./Middlewares/Third_Party/FreeRTOS/Source/tasks.o
                0x0000000008005a24                xTaskCreateStatic
 .text.xTaskCreate
                0x0000000008005a94       0x5a ./Middlewares/Third_Party/FreeRTOS/Source/tasks.o
                0x0000000008005a94                xTaskCreate
 *fill*         0x0000000008005aee        0x2 
 .text.vTaskStartScheduler
                0x0000000008005af0       0x84 ./Middlewares/Third_Party/FreeRTOS/Source/tasks.o
                0x0000000008005af0                vTaskStartScheduler
 .text.vTaskSuspendAll
                0x0000000008005b74       0x10 ./Middlewares/Third_Party/FreeRTOS/Source/tasks.o
                0x0000000008005b74                vTaskSuspendAll
 .text.xTaskIncrementTick
                0x0000000008005b84      0x130 ./Middlewares/Third_Party/FreeRTOS/Source/tasks.o
                0x0000000008005b84                xTaskIncrementTick
 .text.xTaskResumeAll
                0x0000000008005cb4       0xf0 ./Middlewares/Third_Party/FreeRTOS/Source/tasks.o
                0x0000000008005cb4                xTaskResumeAll
 .text.vTaskDelay
                0x0000000008005da4       0x48 ./Middlewares/Third_Party/FreeRTOS/Source/tasks.o
                0x0000000008005da4                vTaskDelay
 .text.vTaskSwitchContext
                0x0000000008005dec       0x80 ./Middlewares/Third_Party/FreeRTOS/Source/tasks.o
                0x0000000008005dec                vTaskSwitchContext
 .text.prvPortStartFirstTask
                0x0000000008005e6c       0x28 ./Middlewares/Third_Party/FreeRTOS/Source/portable/GCC/ARM_CM4F/port.o
 .text.vPortEnableVFP
                0x0000000008005e94       0x14 ./Middlewares/Third_Party/FreeRTOS/Source/portable/GCC/ARM_CM4F/port.o
 .text.prvTaskExitError
                0x0000000008005ea8       0x40 ./Middlewares/Third_Party/FreeRTOS/Source/portable/GCC/ARM_CM4F/port.o
 .text.pxPortInitialiseStack
                0x0000000008005ee8       0x2c ./Middlewares/Third_Party/FreeRTOS/Source/portable/GCC/ARM_CM4F/port.o
                0x0000000008005ee8                pxPortInitialiseStack
 *fill*         0x0000000008005f14        0xc 
 .text.SVC_Handler
                0x0000000008005f20       0x24 ./Middlewares/Third_Party/FreeRTOS/Source/portable/GCC/ARM_CM4F/port.o
                0x0000000008005f20                SVC_Handler
 .text.vPortEnterCritical
                0x0000000008005f44       0x40 ./Middlewares/Third_Party/FreeRTOS/Source/portable/GCC/ARM_CM4F/port.o
                0x0000000008005f44                vPortEnterCritical
 .text.vPortExitCritical
                0x0000000008005f84       0x28 ./Middlewares/Third_Party/FreeRTOS/Source/portable/GCC/ARM_CM4F/port.o
                0x0000000008005f84                vPortExitCritical
 *fill*         0x0000000008005fac        0x4 
 .text.PendSV_Handler
                0x0000000008005fb0       0x64 ./Middlewares/Third_Party/FreeRTOS/Source/portable/GCC/ARM_CM4F/port.o
                0x0000000008005fb0                PendSV_Handler
 .text.SysTick_Handler
                0x0000000008006014       0x2c ./Middlewares/Third_Party/FreeRTOS/Source/portable/GCC/ARM_CM4F/port.o
                0x0000000008006014                SysTick_Handler
 .text.vPortSetupTimerInterrupt
                0x0000000008006040       0x24 ./Middlewares/Third_Party/FreeRTOS/Source/portable/GCC/ARM_CM4F/port.o
                0x0000000008006040                vPortSetupTimerInterrupt
 .text.xPortStartScheduler
                0x0000000008006064      0x10c ./Middlewares/Third_Party/FreeRTOS/Source/portable/GCC/ARM_CM4F/port.o
                0x0000000008006064                xPortStartScheduler
 .text.prvInsertBlockIntoFreeList
                0x0000000008006170       0x4c ./Middlewares/Third_Party/FreeRTOS/Source/portable/MemMang/heap_4.o
 .text.pvPortMalloc
                0x00000000080061bc      0x130 ./Middlewares/Third_Party/FreeRTOS/Source/portable/MemMang/heap_4.o
                0x00000000080061bc                pvPortMalloc
 .text.vPortFree
                0x00000000080062ec       0x7c ./Middlewares/Third_Party/FreeRTOS/Source/portable/MemMang/heap_4.o
                0x00000000080062ec                vPortFree
 .text.MX_USB_DEVICE_Init
                0x0000000008006368       0x50 ./USB_DEVICE/App/usb_device.o
                0x0000000008006368                MX_USB_DEVICE_Init
 .text.CDC_DeInit_FS
                0x00000000080063b8        0x4 ./USB_DEVICE/App/usbd_cdc_if.o
 .text.CDC_Control_FS
                0x00000000080063bc        0x4 ./USB_DEVICE/App/usbd_cdc_if.o
 .text.CDC_TransmitCplt_FS
                0x00000000080063c0        0x4 ./USB_DEVICE/App/usbd_cdc_if.o
 .text.CDC_Receive_FS
                0x00000000080063c4       0x1c ./USB_DEVICE/App/usbd_cdc_if.o
 .text.CDC_Init_FS
                0x00000000080063e0       0x28 ./USB_DEVICE/App/usbd_cdc_if.o
 .text.CDC_Transmit_FS
                0x0000000008006408       0x2c ./USB_DEVICE/App/usbd_cdc_if.o
                0x0000000008006408                CDC_Transmit_FS
 .text.USBD_FS_DeviceDescriptor
                0x0000000008006434        0xc ./USB_DEVICE/App/usbd_desc.o
                0x0000000008006434                USBD_FS_DeviceDescriptor
 .text.USBD_FS_LangIDStrDescriptor
                0x0000000008006440        0xc ./USB_DEVICE/App/usbd_desc.o
                0x0000000008006440                USBD_FS_LangIDStrDescriptor
 .text.IntToUnicode
                0x000000000800644c       0x2a ./USB_DEVICE/App/usbd_desc.o
 *fill*         0x0000000008006476        0x2 
 .text.USBD_FS_SerialStrDescriptor
                0x0000000008006478       0x3c ./USB_DEVICE/App/usbd_desc.o
                0x0000000008006478                USBD_FS_SerialStrDescriptor
 .text.USBD_FS_ManufacturerStrDescriptor
                0x00000000080064b4       0x1c ./USB_DEVICE/App/usbd_desc.o
                0x00000000080064b4                USBD_FS_ManufacturerStrDescriptor
 .text.USBD_FS_ProductStrDescriptor
                0x00000000080064d0       0x1c ./USB_DEVICE/App/usbd_desc.o
                0x00000000080064d0                USBD_FS_ProductStrDescriptor
 .text.USBD_FS_ConfigStrDescriptor
                0x00000000080064ec       0x1c ./USB_DEVICE/App/usbd_desc.o
                0x00000000080064ec                USBD_FS_ConfigStrDescriptor
 .text.USBD_FS_InterfaceStrDescriptor
                0x0000000008006508       0x1c ./USB_DEVICE/App/usbd_desc.o
                0x0000000008006508                USBD_FS_InterfaceStrDescriptor
 .text.HAL_PCD_MspInit
                0x0000000008006524       0x84 ./USB_DEVICE/Target/usbd_conf.o
                0x0000000008006524                HAL_PCD_MspInit
 .text.HAL_PCD_SetupStageCallback
                0x00000000080065a8        0xc ./USB_DEVICE/Target/usbd_conf.o
                0x00000000080065a8                HAL_PCD_SetupStageCallback
 .text.HAL_PCD_DataOutStageCallback
                0x00000000080065b4       0x12 ./USB_DEVICE/Target/usbd_conf.o
                0x00000000080065b4                HAL_PCD_DataOutStageCallback
 .text.HAL_PCD_DataInStageCallback
                0x00000000080065c6       0x10 ./USB_DEVICE/Target/usbd_conf.o
                0x00000000080065c6                HAL_PCD_DataInStageCallback
 .text.HAL_PCD_SOFCallback
                0x00000000080065d6        0x8 ./USB_DEVICE/Target/usbd_conf.o
                0x00000000080065d6                HAL_PCD_SOFCallback
 .text.HAL_PCD_ResetCallback
                0x00000000080065de       0x26 ./USB_DEVICE/Target/usbd_conf.o
                0x00000000080065de                HAL_PCD_ResetCallback
 .text.HAL_PCD_SuspendCallback
                0x0000000008006604       0x30 ./USB_DEVICE/Target/usbd_conf.o
                0x0000000008006604                HAL_PCD_SuspendCallback
 .text.HAL_PCD_ResumeCallback
                0x0000000008006634        0x8 ./USB_DEVICE/Target/usbd_conf.o
                0x0000000008006634                HAL_PCD_ResumeCallback
 .text.HAL_PCD_ISOOUTIncompleteCallback
                0x000000000800663c        0x8 ./USB_DEVICE/Target/usbd_conf.o
                0x000000000800663c                HAL_PCD_ISOOUTIncompleteCallback
 .text.HAL_PCD_ISOINIncompleteCallback
                0x0000000008006644        0x8 ./USB_DEVICE/Target/usbd_conf.o
                0x0000000008006644                HAL_PCD_ISOINIncompleteCallback
 .text.HAL_PCD_ConnectCallback
                0x000000000800664c        0x8 ./USB_DEVICE/Target/usbd_conf.o
                0x000000000800664c                HAL_PCD_ConnectCallback
 .text.HAL_PCD_DisconnectCallback
                0x0000000008006654        0x8 ./USB_DEVICE/Target/usbd_conf.o
                0x0000000008006654                HAL_PCD_DisconnectCallback
 .text.USBD_LL_Init
                0x000000000800665c       0x5c ./USB_DEVICE/Target/usbd_conf.o
                0x000000000800665c                USBD_LL_Init
 .text.USBD_LL_IsStallEP
                0x00000000080066b8       0x26 ./USB_DEVICE/Target/usbd_conf.o
                0x00000000080066b8                USBD_LL_IsStallEP
 .text.USBD_LL_GetRxDataSize
                0x00000000080066de        0x8 ./USB_DEVICE/Target/usbd_conf.o
                0x00000000080066de                USBD_LL_GetRxDataSize
 *fill*         0x00000000080066e6        0x2 
 .text.USBD_static_malloc
                0x00000000080066e8        0x8 ./USB_DEVICE/Target/usbd_conf.o
                0x00000000080066e8                USBD_static_malloc
 .text.USBD_static_free
                0x00000000080066f0        0x2 ./USB_DEVICE/Target/usbd_conf.o
                0x00000000080066f0                USBD_static_free
 *fill*         0x00000000080066f2        0x2 
 .text.USBD_Get_USB_Status
                0x00000000080066f4       0x10 ./USB_DEVICE/Target/usbd_conf.o
                0x00000000080066f4                USBD_Get_USB_Status
 .text.USBD_LL_Start
                0x0000000008006704       0x12 ./USB_DEVICE/Target/usbd_conf.o
                0x0000000008006704                USBD_LL_Start
 .text.USBD_LL_OpenEP
                0x0000000008006716       0x18 ./USB_DEVICE/Target/usbd_conf.o
                0x0000000008006716                USBD_LL_OpenEP
 .text.USBD_LL_CloseEP
                0x000000000800672e       0x12 ./USB_DEVICE/Target/usbd_conf.o
                0x000000000800672e                USBD_LL_CloseEP
 .text.USBD_LL_StallEP
                0x0000000008006740       0x12 ./USB_DEVICE/Target/usbd_conf.o
                0x0000000008006740                USBD_LL_StallEP
 .text.USBD_LL_ClearStallEP
                0x0000000008006752       0x12 ./USB_DEVICE/Target/usbd_conf.o
                0x0000000008006752                USBD_LL_ClearStallEP
 .text.USBD_LL_SetUSBAddress
                0x0000000008006764       0x12 ./USB_DEVICE/Target/usbd_conf.o
                0x0000000008006764                USBD_LL_SetUSBAddress
 .text.USBD_LL_Transmit
                0x0000000008006776       0x12 ./USB_DEVICE/Target/usbd_conf.o
                0x0000000008006776                USBD_LL_Transmit
 .text.USBD_LL_PrepareReceive
                0x0000000008006788       0x12 ./USB_DEVICE/Target/usbd_conf.o
                0x0000000008006788                USBD_LL_PrepareReceive
 *fill*         0x000000000800679a        0x2 
 .text.sprintf  0x000000000800679c       0x40 H:/STM32CubeIDE_1.13.2/STM32CubeIDE/plugins/com.st.stm32cube.ide.mcu.externaltools.gnu-tools-for-stm32.11.3.rel1.win32_1.1.1.202309131626/tools/bin/../lib/gcc/arm-none-eabi/11.3.1/../../../../arm-none-eabi/lib/thumb/v7e-m+fp/hard\libc_nano.a(libc_a-sprintf.o)
                0x000000000800679c                siprintf
                0x000000000800679c                sprintf
 .text.memset   0x00000000080067dc       0x10 H:/STM32CubeIDE_1.13.2/STM32CubeIDE/plugins/com.st.stm32cube.ide.mcu.externaltools.gnu-tools-for-stm32.11.3.rel1.win32_1.1.1.202309131626/tools/bin/../lib/gcc/arm-none-eabi/11.3.1/../../../../arm-none-eabi/lib/thumb/v7e-m+fp/hard\libc_nano.a(libc_a-memset.o)
                0x00000000080067dc                memset
 .text._reclaim_reent
                0x00000000080067ec       0xac H:/STM32CubeIDE_1.13.2/STM32CubeIDE/plugins/com.st.stm32cube.ide.mcu.externaltools.gnu-tools-for-stm32.11.3.rel1.win32_1.1.1.202309131626/tools/bin/../lib/gcc/arm-none-eabi/11.3.1/../../../../arm-none-eabi/lib/thumb/v7e-m+fp/hard\libc_nano.a(libc_a-reent.o)
                0x00000000080067ec                _reclaim_reent
 .text.__errno  0x0000000008006898        0xc H:/STM32CubeIDE_1.13.2/STM32CubeIDE/plugins/com.st.stm32cube.ide.mcu.externaltools.gnu-tools-for-stm32.11.3.rel1.win32_1.1.1.202309131626/tools/bin/../lib/gcc/arm-none-eabi/11.3.1/../../../../arm-none-eabi/lib/thumb/v7e-m+fp/hard\libc_nano.a(libc_a-errno.o)
                0x0000000008006898                __errno
 .text.__libc_init_array
                0x00000000080068a4       0x48 H:/STM32CubeIDE_1.13.2/STM32CubeIDE/plugins/com.st.stm32cube.ide.mcu.externaltools.gnu-tools-for-stm32.11.3.rel1.win32_1.1.1.202309131626/tools/bin/../lib/gcc/arm-none-eabi/11.3.1/../../../../arm-none-eabi/lib/thumb/v7e-m+fp/hard\libc_nano.a(libc_a-init.o)
                0x00000000080068a4                __libc_init_array
 .text.__retarget_lock_acquire_recursive
                0x00000000080068ec        0x2 H:/STM32CubeIDE_1.13.2/STM32CubeIDE/plugins/com.st.stm32cube.ide.mcu.externaltools.gnu-tools-for-stm32.11.3.rel1.win32_1.1.1.202309131626/tools/bin/../lib/gcc/arm-none-eabi/11.3.1/../../../../arm-none-eabi/lib/thumb/v7e-m+fp/hard\libc_nano.a(libc_a-lock.o)
                0x00000000080068ec                __retarget_lock_acquire_recursive
 .text.__retarget_lock_release_recursive
                0x00000000080068ee        0x2 H:/STM32CubeIDE_1.13.2/STM32CubeIDE/plugins/com.st.stm32cube.ide.mcu.externaltools.gnu-tools-for-stm32.11.3.rel1.win32_1.1.1.202309131626/tools/bin/../lib/gcc/arm-none-eabi/11.3.1/../../../../arm-none-eabi/lib/thumb/v7e-m+fp/hard\libc_nano.a(libc_a-lock.o)
                0x00000000080068ee                __retarget_lock_release_recursive
 .text.memcpy   0x00000000080068f0       0x1c H:/STM32CubeIDE_1.13.2/STM32CubeIDE/plugins/com.st.stm32cube.ide.mcu.externaltools.gnu-tools-for-stm32.11.3.rel1.win32_1.1.1.202309131626/tools/bin/../lib/gcc/arm-none-eabi/11.3.1/../../../../arm-none-eabi/lib/thumb/v7e-m+fp/hard\libc_nano.a(libc_a-memcpy-stub.o)
                0x00000000080068f0                memcpy
 .text._free_r  0x000000000800690c       0x98 H:/STM32CubeIDE_1.13.2/STM32CubeIDE/plugins/com.st.stm32cube.ide.mcu.externaltools.gnu-tools-for-stm32.11.3.rel1.win32_1.1.1.202309131626/tools/bin/../lib/gcc/arm-none-eabi/11.3.1/../../../../arm-none-eabi/lib/thumb/v7e-m+fp/hard\libc_nano.a(libc_a-freer.o)
                0x000000000800690c                _free_r
 .text.sbrk_aligned
                0x00000000080069a4       0x40 H:/STM32CubeIDE_1.13.2/STM32CubeIDE/plugins/com.st.stm32cube.ide.mcu.externaltools.gnu-tools-for-stm32.11.3.rel1.win32_1.1.1.202309131626/tools/bin/../lib/gcc/arm-none-eabi/11.3.1/../../../../arm-none-eabi/lib/thumb/v7e-m+fp/hard\libc_nano.a(libc_a-mallocr.o)
 .text._malloc_r
                0x00000000080069e4      0x100 H:/STM32CubeIDE_1.13.2/STM32CubeIDE/plugins/com.st.stm32cube.ide.mcu.externaltools.gnu-tools-for-stm32.11.3.rel1.win32_1.1.1.202309131626/tools/bin/../lib/gcc/arm-none-eabi/11.3.1/../../../../arm-none-eabi/lib/thumb/v7e-m+fp/hard\libc_nano.a(libc_a-mallocr.o)
                0x00000000080069e4                _malloc_r
 .text.__malloc_lock
                0x0000000008006ae4        0xc H:/STM32CubeIDE_1.13.2/STM32CubeIDE/plugins/com.st.stm32cube.ide.mcu.externaltools.gnu-tools-for-stm32.11.3.rel1.win32_1.1.1.202309131626/tools/bin/../lib/gcc/arm-none-eabi/11.3.1/../../../../arm-none-eabi/lib/thumb/v7e-m+fp/hard\libc_nano.a(libc_a-mlock.o)
                0x0000000008006ae4                __malloc_lock
 .text.__malloc_unlock
                0x0000000008006af0        0xc H:/STM32CubeIDE_1.13.2/STM32CubeIDE/plugins/com.st.stm32cube.ide.mcu.externaltools.gnu-tools-for-stm32.11.3.rel1.win32_1.1.1.202309131626/tools/bin/../lib/gcc/arm-none-eabi/11.3.1/../../../../arm-none-eabi/lib/thumb/v7e-m+fp/hard\libc_nano.a(libc_a-mlock.o)
                0x0000000008006af0                __malloc_unlock
 .text.__ssputs_r
                0x0000000008006afc       0xb4 H:/STM32CubeIDE_1.13.2/STM32CubeIDE/plugins/com.st.stm32cube.ide.mcu.externaltools.gnu-tools-for-stm32.11.3.rel1.win32_1.1.1.202309131626/tools/bin/../lib/gcc/arm-none-eabi/11.3.1/../../../../arm-none-eabi/lib/thumb/v7e-m+fp/hard\libc_nano.a(libc_a-nano-svfprintf.o)
                0x0000000008006afc                __ssputs_r
 .text._svfprintf_r
                0x0000000008006bb0      0x1fc H:/STM32CubeIDE_1.13.2/STM32CubeIDE/plugins/com.st.stm32cube.ide.mcu.externaltools.gnu-tools-for-stm32.11.3.rel1.win32_1.1.1.202309131626/tools/bin/../lib/gcc/arm-none-eabi/11.3.1/../../../../arm-none-eabi/lib/thumb/v7e-m+fp/hard\libc_nano.a(libc_a-nano-svfprintf.o)
                0x0000000008006bb0                _svfiprintf_r
                0x0000000008006bb0                _svfprintf_r
 .text._printf_common
                0x0000000008006dac       0xda H:/STM32CubeIDE_1.13.2/STM32CubeIDE/plugins/com.st.stm32cube.ide.mcu.externaltools.gnu-tools-for-stm32.11.3.rel1.win32_1.1.1.202309131626/tools/bin/../lib/gcc/arm-none-eabi/11.3.1/../../../../arm-none-eabi/lib/thumb/v7e-m+fp/hard\libc_nano.a(libc_a-nano-vfprintf_i.o)
                0x0000000008006dac                _printf_common
 *fill*         0x0000000008006e86        0x2 
 .text._printf_i
                0x0000000008006e88      0x244 H:/STM32CubeIDE_1.13.2/STM32CubeIDE/plugins/com.st.stm32cube.ide.mcu.externaltools.gnu-tools-for-stm32.11.3.rel1.win32_1.1.1.202309131626/tools/bin/../lib/gcc/arm-none-eabi/11.3.1/../../../../arm-none-eabi/lib/thumb/v7e-m+fp/hard\libc_nano.a(libc_a-nano-vfprintf_i.o)
                0x0000000008006e88                _printf_i
 .text.memmove  0x00000000080070cc       0x34 H:/STM32CubeIDE_1.13.2/STM32CubeIDE/plugins/com.st.stm32cube.ide.mcu.externaltools.gnu-tools-for-stm32.11.3.rel1.win32_1.1.1.202309131626/tools/bin/../lib/gcc/arm-none-eabi/11.3.1/../../../../arm-none-eabi/lib/thumb/v7e-m+fp/hard\libc_nano.a(libc_a-memmove.o)
                0x00000000080070cc                memmove
 .text._sbrk_r  0x0000000008007100       0x20 H:/STM32CubeIDE_1.13.2/STM32CubeIDE/plugins/com.st.stm32cube.ide.mcu.externaltools.gnu-tools-for-stm32.11.3.rel1.win32_1.1.1.202309131626/tools/bin/../lib/gcc/arm-none-eabi/11.3.1/../../../../arm-none-eabi/lib/thumb/v7e-m+fp/hard\libc_nano.a(libc_a-sbrkr.o)
                0x0000000008007100                _sbrk_r
 .text._realloc_r
                0x0000000008007120       0x5e H:/STM32CubeIDE_1.13.2/STM32CubeIDE/plugins/com.st.stm32cube.ide.mcu.externaltools.gnu-tools-for-stm32.11.3.rel1.win32_1.1.1.202309131626/tools/bin/../lib/gcc/arm-none-eabi/11.3.1/../../../../arm-none-eabi/lib/thumb/v7e-m+fp/hard\libc_nano.a(libc_a-reallocr.o)
                0x0000000008007120                _realloc_r
 .text._malloc_usable_size_r
                0x000000000800717e       0x10 H:/STM32CubeIDE_1.13.2/STM32CubeIDE/plugins/com.st.stm32cube.ide.mcu.externaltools.gnu-tools-for-stm32.11.3.rel1.win32_1.1.1.202309131626/tools/bin/../lib/gcc/arm-none-eabi/11.3.1/../../../../arm-none-eabi/lib/thumb/v7e-m+fp/hard\libc_nano.a(libc_a-msizer.o)
                0x000000000800717e                _malloc_usable_size_r
 *(.glue_7)
 .glue_7        0x000000000800718e        0x0 linker stubs
 *(.glue_7t)
 .glue_7t       0x000000000800718e        0x0 linker stubs
 *(.eh_frame)
 *fill*         0x000000000800718e        0x2 
 .eh_frame      0x0000000008007190        0x0 H:/STM32CubeIDE_1.13.2/STM32CubeIDE/plugins/com.st.stm32cube.ide.mcu.externaltools.gnu-tools-for-stm32.11.3.rel1.win32_1.1.1.202309131626/tools/bin/../lib/gcc/arm-none-eabi/11.3.1/thumb/v7e-m+fp/hard/crtbegin.o
 *(.init)
 .init          0x0000000008007190        0x4 H:/STM32CubeIDE_1.13.2/STM32CubeIDE/plugins/com.st.stm32cube.ide.mcu.externaltools.gnu-tools-for-stm32.11.3.rel1.win32_1.1.1.202309131626/tools/bin/../lib/gcc/arm-none-eabi/11.3.1/thumb/v7e-m+fp/hard/crti.o
                0x0000000008007190                _init
 .init          0x0000000008007194        0x8 H:/STM32CubeIDE_1.13.2/STM32CubeIDE/plugins/com.st.stm32cube.ide.mcu.externaltools.gnu-tools-for-stm32.11.3.rel1.win32_1.1.1.202309131626/tools/bin/../lib/gcc/arm-none-eabi/11.3.1/thumb/v7e-m+fp/hard/crtn.o
 *(.fini)
 .fini          0x000000000800719c        0x4 H:/STM32CubeIDE_1.13.2/STM32CubeIDE/plugins/com.st.stm32cube.ide.mcu.externaltools.gnu-tools-for-stm32.11.3.rel1.win32_1.1.1.202309131626/tools/bin/../lib/gcc/arm-none-eabi/11.3.1/thumb/v7e-m+fp/hard/crti.o
                0x000000000800719c                _fini
 .fini          0x00000000080071a0        0x8 H:/STM32CubeIDE_1.13.2/STM32CubeIDE/plugins/com.st.stm32cube.ide.mcu.externaltools.gnu-tools-for-stm32.11.3.rel1.win32_1.1.1.202309131626/tools/bin/../lib/gcc/arm-none-eabi/11.3.1/thumb/v7e-m+fp/hard/crtn.o
                0x00000000080071a8                . = ALIGN (0x4)
                0x00000000080071a8                _etext = .

.vfp11_veneer   0x00000000080071a8        0x0
 .vfp11_veneer  0x00000000080071a8        0x0 linker stubs

.v4_bx          0x00000000080071a8        0x0
 .v4_bx         0x00000000080071a8        0x0 linker stubs

.iplt           0x00000000080071a8        0x0
 .iplt          0x00000000080071a8        0x0 H:/STM32CubeIDE_1.13.2/STM32CubeIDE/plugins/com.st.stm32cube.ide.mcu.externaltools.gnu-tools-for-stm32.11.3.rel1.win32_1.1.1.202309131626/tools/bin/../lib/gcc/arm-none-eabi/11.3.1/thumb/v7e-m+fp/hard/crtbegin.o

.rodata         0x00000000080071a8      0x190
                0x00000000080071a8                . = ALIGN (0x4)
 *(.rodata)
 .rodata        0x00000000080071a8       0x70 ./Core/Src/main.o
 *(.rodata*)
 .rodata.StartCommTask.str1.1
                0x0000000008007218       0x5f ./Core/Src/main.o
 .rodata.str1.1
                0x0000000008007277       0x2a ./Core/Src/main.o
 .rodata.AHBPrescTable
                0x00000000080072a1       0x10 ./Core/Src/system_stm32f4xx.o
                0x00000000080072a1                AHBPrescTable
 .rodata.APBPrescTable
                0x00000000080072b1        0x8 ./Core/Src/system_stm32f4xx.o
                0x00000000080072b1                APBPrescTable
 .rodata.vTaskStartScheduler.str1.1
                0x00000000080072b9        0x5 ./Middlewares/Third_Party/FreeRTOS/Source/tasks.o
 .rodata.USBD_FS_ManufacturerStrDescriptor.str1.1
                0x00000000080072be       0x13 ./USB_DEVICE/App/usbd_desc.o
 .rodata.USBD_FS_ProductStrDescriptor.str1.1
                0x00000000080072d1       0x16 ./USB_DEVICE/App/usbd_desc.o
 .rodata.USBD_FS_ConfigStrDescriptor.str1.1
                0x00000000080072e7        0xb ./USB_DEVICE/App/usbd_desc.o
 .rodata.USBD_FS_InterfaceStrDescriptor.str1.1
                0x00000000080072f2        0xe ./USB_DEVICE/App/usbd_desc.o
 .rodata.CSWTCH.23
                0x0000000008007300        0x4 ./USB_DEVICE/Target/usbd_conf.o
 .rodata._svfprintf_r.str1.1
                0x0000000008007304       0x11 H:/STM32CubeIDE_1.13.2/STM32CubeIDE/plugins/com.st.stm32cube.ide.mcu.externaltools.gnu-tools-for-stm32.11.3.rel1.win32_1.1.1.202309131626/tools/bin/../lib/gcc/arm-none-eabi/11.3.1/../../../../arm-none-eabi/lib/thumb/v7e-m+fp/hard\libc_nano.a(libc_a-nano-svfprintf.o)
 .rodata._printf_i.str1.1
                0x0000000008007315       0x22 H:/STM32CubeIDE_1.13.2/STM32CubeIDE/plugins/com.st.stm32cube.ide.mcu.externaltools.gnu-tools-for-stm32.11.3.rel1.win32_1.1.1.202309131626/tools/bin/../lib/gcc/arm-none-eabi/11.3.1/../../../../arm-none-eabi/lib/thumb/v7e-m+fp/hard\libc_nano.a(libc_a-nano-vfprintf_i.o)
                0x0000000008007338                . = ALIGN (0x4)
 *fill*         0x0000000008007337        0x1 

.ARM.extab      0x0000000008007338        0x0
                0x0000000008007338                . = ALIGN (0x4)
 *(.ARM.extab* .gnu.linkonce.armextab.*)
                0x0000000008007338                . = ALIGN (0x4)

.ARM            0x0000000008007338        0x8
                0x0000000008007338                . = ALIGN (0x4)
                0x0000000008007338                __exidx_start = .
 *(.ARM.exidx*)
 .ARM.exidx     0x0000000008007338        0x8 H:/STM32CubeIDE_1.13.2/STM32CubeIDE/plugins/com.st.stm32cube.ide.mcu.externaltools.gnu-tools-for-stm32.11.3.rel1.win32_1.1.1.202309131626/tools/bin/../lib/gcc/arm-none-eabi/11.3.1/thumb/v7e-m+fp/hard\libgcc.a(_udivmoddi4.o)
                0x0000000008007340                __exidx_end = .
                0x0000000008007340                . = ALIGN (0x4)

.rel.dyn        0x0000000008007340        0x0
 .rel.iplt      0x0000000008007340        0x0 H:/STM32CubeIDE_1.13.2/STM32CubeIDE/plugins/com.st.stm32cube.ide.mcu.externaltools.gnu-tools-for-stm32.11.3.rel1.win32_1.1.1.202309131626/tools/bin/../lib/gcc/arm-none-eabi/11.3.1/thumb/v7e-m+fp/hard/crtbegin.o

.preinit_array  0x0000000008007340        0x0
                0x0000000008007340                . = ALIGN (0x4)
                0x0000000008007340                PROVIDE (__preinit_array_start = .)
 *(.preinit_array*)
                0x0000000008007340                PROVIDE (__preinit_array_end = .)
                0x0000000008007340                . = ALIGN (0x4)

.init_array     0x0000000008007340        0x4
                0x0000000008007340                . = ALIGN (0x4)
                0x0000000008007340                PROVIDE (__init_array_start = .)
 *(SORT_BY_NAME(.init_array.*))
 *(.init_array*)
 .init_array    0x0000000008007340        0x4 H:/STM32CubeIDE_1.13.2/STM32CubeIDE/plugins/com.st.stm32cube.ide.mcu.externaltools.gnu-tools-for-stm32.11.3.rel1.win32_1.1.1.202309131626/tools/bin/../lib/gcc/arm-none-eabi/11.3.1/thumb/v7e-m+fp/hard/crtbegin.o
                0x0000000008007344                PROVIDE (__init_array_end = .)
                0x0000000008007344                . = ALIGN (0x4)

.fini_array     0x0000000008007344        0x4
                0x0000000008007344                . = ALIGN (0x4)
                [!provide]                        PROVIDE (__fini_array_start = .)
 *(SORT_BY_NAME(.fini_array.*))
 *(.fini_array*)
 .fini_array    0x0000000008007344        0x4 H:/STM32CubeIDE_1.13.2/STM32CubeIDE/plugins/com.st.stm32cube.ide.mcu.externaltools.gnu-tools-for-stm32.11.3.rel1.win32_1.1.1.202309131626/tools/bin/../lib/gcc/arm-none-eabi/11.3.1/thumb/v7e-m+fp/hard/crtbegin.o
                [!provide]                        PROVIDE (__fini_array_end = .)
                0x0000000008007348                . = ALIGN (0x4)
                0x0000000008007348                _sidata = LOADADDR (.data)

.data           0x0000000020000000      0x150 load address 0x0000000008007348
                0x0000000020000000                . = ALIGN (0x4)
                0x0000000020000000                _sdata = .
 *(.data)
 *(.data*)
 .data.receiveState
                0x0000000020000000        0x1 ./Core/Src/main.o
                0x0000000020000000                receiveState
 *fill*         0x0000000020000001        0x3 
 .data.SystemCoreClock
                0x0000000020000004        0x4 ./Core/Src/system_stm32f4xx.o
                0x0000000020000004                SystemCoreClock
 .data.uwTickFreq
                0x0000000020000008        0x1 ./Drivers/STM32F4xx_HAL_Driver/Src/stm32f4xx_hal.o
                0x0000000020000008                uwTickFreq
 *fill*         0x0000000020000009        0x3 
 .data.uwTickPrio
                0x000000002000000c        0x4 ./Drivers/STM32F4xx_HAL_Driver/Src/stm32f4xx_hal.o
                0x000000002000000c                uwTickPrio
 .data.USBD_CDC
                0x0000000020000010       0x38 ./Middlewares/ST/STM32_USB_Device_Library/Class/CDC/Src/usbd_cdc.o
                0x0000000020000010                USBD_CDC
 .data.USBD_CDC_CfgDesc
                0x0000000020000048       0x43 ./Middlewares/ST/STM32_USB_Device_Library/Class/CDC/Src/usbd_cdc.o
 *fill*         0x000000002000008b        0x1 
 .data.USBD_CDC_DeviceQualifierDesc
                0x000000002000008c        0xa ./Middlewares/ST/STM32_USB_Device_Library/Class/CDC/Src/usbd_cdc.o
 *fill*         0x0000000020000096        0x2 
 .data.uxCriticalNesting
                0x0000000020000098        0x4 ./Middlewares/Third_Party/FreeRTOS/Source/portable/GCC/ARM_CM4F/port.o
 .data.USBD_Interface_fops_FS
                0x000000002000009c       0x14 ./USB_DEVICE/App/usbd_cdc_if.o
                0x000000002000009c                USBD_Interface_fops_FS
 .data.FS_Desc  0x00000000200000b0       0x1c ./USB_DEVICE/App/usbd_desc.o
                0x00000000200000b0                FS_Desc
 .data.USBD_FS_DeviceDesc
                0x00000000200000cc       0x12 ./USB_DEVICE/App/usbd_desc.o
                0x00000000200000cc                USBD_FS_DeviceDesc
 *fill*         0x00000000200000de        0x2 
 .data.USBD_LangIDDesc
                0x00000000200000e0        0x4 ./USB_DEVICE/App/usbd_desc.o
                0x00000000200000e0                USBD_LangIDDesc
 .data.USBD_StringSerial
                0x00000000200000e4       0x1a ./USB_DEVICE/App/usbd_desc.o
                0x00000000200000e4                USBD_StringSerial
 *fill*         0x00000000200000fe        0x2 
 .data._impure_data
                0x0000000020000100       0x4c H:/STM32CubeIDE_1.13.2/STM32CubeIDE/plugins/com.st.stm32cube.ide.mcu.externaltools.gnu-tools-for-stm32.11.3.rel1.win32_1.1.1.202309131626/tools/bin/../lib/gcc/arm-none-eabi/11.3.1/../../../../arm-none-eabi/lib/thumb/v7e-m+fp/hard\libc_nano.a(libc_a-impure.o)
                0x0000000020000100                _impure_data
 .data._impure_ptr
                0x000000002000014c        0x4 H:/STM32CubeIDE_1.13.2/STM32CubeIDE/plugins/com.st.stm32cube.ide.mcu.externaltools.gnu-tools-for-stm32.11.3.rel1.win32_1.1.1.202309131626/tools/bin/../lib/gcc/arm-none-eabi/11.3.1/../../../../arm-none-eabi/lib/thumb/v7e-m+fp/hard\libc_nano.a(libc_a-impure.o)
                0x000000002000014c                _impure_ptr
 *(.RamFunc)
 *(.RamFunc*)
                0x0000000020000150                . = ALIGN (0x4)
                0x0000000020000150                _edata = .

.igot.plt       0x0000000020000150        0x0 load address 0x0000000008007498
 .igot.plt      0x0000000020000150        0x0 H:/STM32CubeIDE_1.13.2/STM32CubeIDE/plugins/com.st.stm32cube.ide.mcu.externaltools.gnu-tools-for-stm32.11.3.rel1.win32_1.1.1.202309131626/tools/bin/../lib/gcc/arm-none-eabi/11.3.1/thumb/v7e-m+fp/hard/crtbegin.o
                0x0000000020000150                . = ALIGN (0x4)

.bss            0x0000000020000150     0x6010 load address 0x0000000008007498
                0x0000000020000150                _sbss = .
                0x0000000020000150                __bss_start__ = _sbss
 *(.bss)
 .bss           0x0000000020000150       0x1c H:/STM32CubeIDE_1.13.2/STM32CubeIDE/plugins/com.st.stm32cube.ide.mcu.externaltools.gnu-tools-for-stm32.11.3.rel1.win32_1.1.1.202309131626/tools/bin/../lib/gcc/arm-none-eabi/11.3.1/thumb/v7e-m+fp/hard/crtbegin.o
 *(.bss*)
 .bss._registers
                0x000000002000016c       0x10 ./Core/Src/DTek_TLE5012B.o
                0x000000002000016c                _registers
 .bss.xIdleStack
                0x000000002000017c      0x200 ./Core/Src/freertos.o
 .bss.xIdleTaskTCBBuffer
                0x000000002000037c       0xa0 ./Core/Src/freertos.o
 *fill*         0x000000002000041c        0x4 
 .bss.angle1    0x0000000020000420        0x8 ./Core/Src/main.o
 .bss.angle1_raw
                0x0000000020000428        0x8 ./Core/Src/main.o
 .bss.angle2    0x0000000020000430        0x8 ./Core/Src/main.o
 .bss.angle2_raw
                0x0000000020000438        0x8 ./Core/Src/main.o
 .bss.angle3    0x0000000020000440        0x8 ./Core/Src/main.o
 .bss.angle3_raw
                0x0000000020000448        0x8 ./Core/Src/main.o
 .bss.angle4    0x0000000020000450        0x8 ./Core/Src/main.o
 .bss.angle4_raw
                0x0000000020000458        0x8 ./Core/Src/main.o
 .bss.angle5    0x0000000020000460        0x8 ./Core/Src/main.o
 .bss.angle5_raw
                0x0000000020000468        0x8 ./Core/Src/main.o
 .bss.angle6    0x0000000020000470        0x8 ./Core/Src/main.o
 .bss.angle6_raw
                0x0000000020000478        0x8 ./Core/Src/main.o
 .bss.angle7    0x0000000020000480        0x8 ./Core/Src/main.o
 .bss.angle7_raw
                0x0000000020000488        0x8 ./Core/Src/main.o
 .bss.b1Status  0x0000000020000490        0x1 ./Core/Src/main.o
 .bss.b2Status  0x0000000020000491        0x1 ./Core/Src/main.o
 .bss.checkError
                0x0000000020000492        0x1 ./Core/Src/main.o
                0x0000000020000492                checkError
 .bss.checkError2
                0x0000000020000493        0x1 ./Core/Src/main.o
                0x0000000020000493                checkError2
 .bss.checkError3
                0x0000000020000494        0x1 ./Core/Src/main.o
                0x0000000020000494                checkError3
 .bss.checkError4
                0x0000000020000495        0x1 ./Core/Src/main.o
                0x0000000020000495                checkError4
 .bss.checkError5
                0x0000000020000496        0x1 ./Core/Src/main.o
                0x0000000020000496                checkError5
 .bss.checkError6
                0x0000000020000497        0x1 ./Core/Src/main.o
                0x0000000020000497                checkError6
 .bss.checkError7
                0x0000000020000498        0x1 ./Core/Src/main.o
                0x0000000020000498                checkError7
 *fill*         0x0000000020000499        0x3 
 .bss.commTaskHandle
                0x000000002000049c        0x4 ./Core/Src/main.o
                0x000000002000049c                commTaskHandle
 .bss.defaultTaskHandle
                0x00000000200004a0        0x4 ./Core/Src/main.o
                0x00000000200004a0                defaultTaskHandle
 .bss.errorCounter
                0x00000000200004a4        0x2 ./Core/Src/main.o
                0x00000000200004a4                errorCounter
 .bss.feedback  0x00000000200004a6        0x1 ./Core/Src/main.o
 .bss.feedback_temp
                0x00000000200004a7        0x1 ./Core/Src/main.o
 .bss.hspi1     0x00000000200004a8       0x58 ./Core/Src/main.o
                0x00000000200004a8                hspi1
 .bss.htim1     0x0000000020000500       0x48 ./Core/Src/main.o
                0x0000000020000500                htim1
 .bss.motorPattern
                0x0000000020000548        0x1 ./Core/Src/main.o
 *fill*         0x0000000020000549        0x3 
 .bss.motorTaskHandle
                0x000000002000054c        0x4 ./Core/Src/main.o
                0x000000002000054c                motorTaskHandle
 .bss.rxBuf     0x0000000020000550       0x7d ./Core/Src/main.o
                0x0000000020000550                rxBuf
 *fill*         0x00000000200005cd        0x3 
 .bss.sensorTaskHandle
                0x00000000200005d0        0x4 ./Core/Src/main.o
                0x00000000200005d0                sensorTaskHandle
 .bss.timeOutGuard
                0x00000000200005d4        0x4 ./Core/Src/main.o
 .bss.timeOutGuardMax
                0x00000000200005d8        0x4 ./Core/Src/main.o
 .bss.timeStamp
                0x00000000200005dc        0x4 ./Core/Src/main.o
 .bss.txBuf     0x00000000200005e0       0x8c ./Core/Src/main.o
                0x00000000200005e0                txBuf
 .bss.htim4     0x000000002000066c       0x48 ./Core/Src/stm32f4xx_hal_timebase_tim.o
                0x000000002000066c                htim4
 .bss.__sbrk_heap_end
                0x00000000200006b4        0x4 ./Core/Src/sysmem.o
 .bss.uwTick    0x00000000200006b8        0x4 ./Drivers/STM32F4xx_HAL_Driver/Src/stm32f4xx_hal.o
                0x00000000200006b8                uwTick
 .bss.cfgidx.0  0x00000000200006bc        0x1 ./Middlewares/ST/STM32_USB_Device_Library/Core/Src/usbd_ctlreq.o
 *fill*         0x00000000200006bd        0x3 
 .bss.pxCurrentTCB
                0x00000000200006c0        0x4 ./Middlewares/Third_Party/FreeRTOS/Source/tasks.o
                0x00000000200006c0                pxCurrentTCB
 .bss.pxDelayedTaskList
                0x00000000200006c4        0x4 ./Middlewares/Third_Party/FreeRTOS/Source/tasks.o
 .bss.pxOverflowDelayedTaskList
                0x00000000200006c8        0x4 ./Middlewares/Third_Party/FreeRTOS/Source/tasks.o
 .bss.pxReadyTasksLists
                0x00000000200006cc       0x8c ./Middlewares/Third_Party/FreeRTOS/Source/tasks.o
 .bss.uxCurrentNumberOfTasks
                0x0000000020000758        0x4 ./Middlewares/Third_Party/FreeRTOS/Source/tasks.o
 .bss.uxDeletedTasksWaitingCleanUp
                0x000000002000075c        0x4 ./Middlewares/Third_Party/FreeRTOS/Source/tasks.o
 .bss.uxSchedulerSuspended
                0x0000000020000760        0x4 ./Middlewares/Third_Party/FreeRTOS/Source/tasks.o
 .bss.uxTaskNumber
                0x0000000020000764        0x4 ./Middlewares/Third_Party/FreeRTOS/Source/tasks.o
 .bss.uxTopReadyPriority
                0x0000000020000768        0x4 ./Middlewares/Third_Party/FreeRTOS/Source/tasks.o
 .bss.xDelayedTaskList1
                0x000000002000076c       0x14 ./Middlewares/Third_Party/FreeRTOS/Source/tasks.o
 .bss.xDelayedTaskList2
                0x0000000020000780       0x14 ./Middlewares/Third_Party/FreeRTOS/Source/tasks.o
 .bss.xNextTaskUnblockTime
                0x0000000020000794        0x4 ./Middlewares/Third_Party/FreeRTOS/Source/tasks.o
 .bss.xNumOfOverflows
                0x0000000020000798        0x4 ./Middlewares/Third_Party/FreeRTOS/Source/tasks.o
 .bss.xPendedTicks
                0x000000002000079c        0x4 ./Middlewares/Third_Party/FreeRTOS/Source/tasks.o
 .bss.xPendingReadyList
                0x00000000200007a0       0x14 ./Middlewares/Third_Party/FreeRTOS/Source/tasks.o
 .bss.xSchedulerRunning
                0x00000000200007b4        0x4 ./Middlewares/Third_Party/FreeRTOS/Source/tasks.o
 .bss.xSuspendedTaskList
                0x00000000200007b8       0x14 ./Middlewares/Third_Party/FreeRTOS/Source/tasks.o
 .bss.xTasksWaitingTermination
                0x00000000200007cc       0x14 ./Middlewares/Third_Party/FreeRTOS/Source/tasks.o
 .bss.xTickCount
                0x00000000200007e0        0x4 ./Middlewares/Third_Party/FreeRTOS/Source/tasks.o
 .bss.xYieldPending
                0x00000000200007e4        0x4 ./Middlewares/Third_Party/FreeRTOS/Source/tasks.o
 .bss.ucMaxSysCallPriority
                0x00000000200007e8        0x1 ./Middlewares/Third_Party/FreeRTOS/Source/portable/GCC/ARM_CM4F/port.o
 *fill*         0x00000000200007e9        0x3 
 .bss.ulMaxPRIGROUPValue
                0x00000000200007ec        0x4 ./Middlewares/Third_Party/FreeRTOS/Source/portable/GCC/ARM_CM4F/port.o
 .bss.pxEnd     0x00000000200007f0        0x4 ./Middlewares/Third_Party/FreeRTOS/Source/portable/MemMang/heap_4.o
 .bss.ucHeap    0x00000000200007f4     0x3c00 ./Middlewares/Third_Party/FreeRTOS/Source/portable/MemMang/heap_4.o
 .bss.xBlockAllocatedBit
                0x00000000200043f4        0x4 ./Middlewares/Third_Party/FreeRTOS/Source/portable/MemMang/heap_4.o
 .bss.xFreeBytesRemaining
                0x00000000200043f8        0x4 ./Middlewares/Third_Party/FreeRTOS/Source/portable/MemMang/heap_4.o
 .bss.xMinimumEverFreeBytesRemaining
                0x00000000200043fc        0x4 ./Middlewares/Third_Party/FreeRTOS/Source/portable/MemMang/heap_4.o
 .bss.xNumberOfSuccessfulAllocations
                0x0000000020004400        0x4 ./Middlewares/Third_Party/FreeRTOS/Source/portable/MemMang/heap_4.o
 .bss.xNumberOfSuccessfulFrees
                0x0000000020004404        0x4 ./Middlewares/Third_Party/FreeRTOS/Source/portable/MemMang/heap_4.o
 .bss.xStart    0x0000000020004408        0x8 ./Middlewares/Third_Party/FreeRTOS/Source/portable/MemMang/heap_4.o
 .bss.hUsbDeviceFS
                0x0000000020004410      0x2dc ./USB_DEVICE/App/usb_device.o
                0x0000000020004410                hUsbDeviceFS
 .bss.UserRxBufferFS
                0x00000000200046ec      0x800 ./USB_DEVICE/App/usbd_cdc_if.o
                0x00000000200046ec                UserRxBufferFS
 .bss.UserTxBufferFS
                0x0000000020004eec      0x800 ./USB_DEVICE/App/usbd_cdc_if.o
                0x0000000020004eec                UserTxBufferFS
 .bss.USBD_StrDesc
                0x00000000200056ec      0x200 ./USB_DEVICE/App/usbd_desc.o
                0x00000000200056ec                USBD_StrDesc
 .bss.hpcd_USB_OTG_FS
                0x00000000200058ec      0x50c ./USB_DEVICE/Target/usbd_conf.o
                0x00000000200058ec                hpcd_USB_OTG_FS
 .bss.mem.0     0x0000000020005df8      0x220 ./USB_DEVICE/Target/usbd_conf.o
 .bss.__sf      0x0000000020006018      0x138 H:/STM32CubeIDE_1.13.2/STM32CubeIDE/plugins/com.st.stm32cube.ide.mcu.externaltools.gnu-tools-for-stm32.11.3.rel1.win32_1.1.1.202309131626/tools/bin/../lib/gcc/arm-none-eabi/11.3.1/../../../../arm-none-eabi/lib/thumb/v7e-m+fp/hard\libc_nano.a(libc_a-findfp.o)
                0x0000000020006018                __sf
 .bss.errno     0x0000000020006150        0x4 H:/STM32CubeIDE_1.13.2/STM32CubeIDE/plugins/com.st.stm32cube.ide.mcu.externaltools.gnu-tools-for-stm32.11.3.rel1.win32_1.1.1.202309131626/tools/bin/../lib/gcc/arm-none-eabi/11.3.1/../../../../arm-none-eabi/lib/thumb/v7e-m+fp/hard\libc_nano.a(libc_a-reent.o)
                0x0000000020006150                errno
 .bss.__lock___malloc_recursive_mutex
                0x0000000020006154        0x1 H:/STM32CubeIDE_1.13.2/STM32CubeIDE/plugins/com.st.stm32cube.ide.mcu.externaltools.gnu-tools-for-stm32.11.3.rel1.win32_1.1.1.202309131626/tools/bin/../lib/gcc/arm-none-eabi/11.3.1/../../../../arm-none-eabi/lib/thumb/v7e-m+fp/hard\libc_nano.a(libc_a-lock.o)
                0x0000000020006154                __lock___malloc_recursive_mutex
 *fill*         0x0000000020006155        0x3 
 .bss.__malloc_free_list
                0x0000000020006158        0x4 H:/STM32CubeIDE_1.13.2/STM32CubeIDE/plugins/com.st.stm32cube.ide.mcu.externaltools.gnu-tools-for-stm32.11.3.rel1.win32_1.1.1.202309131626/tools/bin/../lib/gcc/arm-none-eabi/11.3.1/../../../../arm-none-eabi/lib/thumb/v7e-m+fp/hard\libc_nano.a(libc_a-mallocr.o)
                0x0000000020006158                __malloc_free_list
 .bss.__malloc_sbrk_start
                0x000000002000615c        0x4 H:/STM32CubeIDE_1.13.2/STM32CubeIDE/plugins/com.st.stm32cube.ide.mcu.externaltools.gnu-tools-for-stm32.11.3.rel1.win32_1.1.1.202309131626/tools/bin/../lib/gcc/arm-none-eabi/11.3.1/../../../../arm-none-eabi/lib/thumb/v7e-m+fp/hard\libc_nano.a(libc_a-mallocr.o)
                0x000000002000615c                __malloc_sbrk_start
 *(COMMON)
                0x0000000020006160                . = ALIGN (0x4)
                0x0000000020006160                _ebss = .
                0x0000000020006160                __bss_end__ = _ebss

._user_heap_stack
                0x0000000020006160      0x600 load address 0x0000000008007498
                0x0000000020006160                . = ALIGN (0x8)
                [!provide]                        PROVIDE (end = .)
                0x0000000020006160                PROVIDE (_end = .)
                0x0000000020006360                . = (. + _Min_Heap_Size)
 *fill*         0x0000000020006160      0x200 
                0x0000000020006760                . = (. + _Min_Stack_Size)