Archive member included to satisfy reference by file (symbol)

H:/STM32CubeIDE_1.13.2/STM32CubeIDE/plugins/com.st.stm32cube.ide.mcu.externaltools.gnu-tools-for-stm32.11.3.rel1.win32_1.1.1.202309131626/tools/bin/../lib/gcc/arm-none-eabi/11.3.1/../../../../arm-none-eabi/lib/thumb/v7e-m+fp/hard\libc_nano.a(libc_a-exit.o)
                              H:/STM32CubeIDE_1.13.2/STM32CubeIDE/plugins/com.st.stm32cube.ide.mcu.externaltools.gnu-tools-for-stm32.11.3.rel1.win32_1.1.1.202309131626/tools/bin/../lib/gcc/arm-none-eabi/11.3.1/../../../../arm-none-eabi/lib/thumb/v7e-m+fp/hard/crt0.o (exit)
H:/STM32CubeIDE_1.13.2/STM32CubeIDE/plugins/com.st.stm32cube.ide.mcu.externaltools.gnu-tools-for-stm32.11.3.rel1.win32_1.1.1.202309131626/tools/bin/../lib/gcc/arm-none-eabi/11.3.1/../../../../arm-none-eabi/lib/thumb/v7e-m+fp/hard\libc_nano.a(libc_a-findfp.o)
                              H:/STM32CubeIDE_1.13.2/STM32CubeIDE/plugins/com.st.stm32cube.ide.mcu.externaltools.gnu-tools-for-stm32.11.3.rel1.win32_1.1.1.202309131626/tools/bin/../lib/gcc/arm-none-eabi/11.3.1/../../../../arm-none-eabi/lib/thumb/v7e-m+fp/hard\libc_nano.a(libc_a-exit.o) (__stdio_exit_handler)
H:/STM32CubeIDE_1.13.2/STM32CubeIDE/plugins/com.st.stm32cube.ide.mcu.externaltools.gnu-tools-for-stm32.11.3.rel1.win32_1.1.1.202309131626/tools/bin/../lib/gcc/arm-none-eabi/11.3.1/../../../../arm-none-eabi/lib/thumb/v7e-m+fp/hard\libc_nano.a(libc_a-fwalk.o)
                              H:/STM32CubeIDE_1.13.2/STM32CubeIDE/plugins/com.st.stm32cube.ide.mcu.externaltools.gnu-tools-for-stm32.11.3.rel1.win32_1.1.1.202309131626/tools/bin/../lib/gcc/arm-none-eabi/11.3.1/../../../../arm-none-eabi/lib/thumb/v7e-m+fp/hard\libc_nano.a(libc_a-findfp.o) (_fwalk_sglue)
H:/STM32CubeIDE_1.13.2/STM32CubeIDE/plugins/com.st.stm32cube.ide.mcu.externaltools.gnu-tools-for-stm32.11.3.rel1.win32_1.1.1.202309131626/tools/bin/../lib/gcc/arm-none-eabi/11.3.1/../../../../arm-none-eabi/lib/thumb/v7e-m+fp/hard\libc_nano.a(libc_a-printf.o)
                              ./Middlewares/ST/STM32_USB_Device_Library/Core/Src/usbd_core.o (printf)
H:/STM32CubeIDE_1.13.2/STM32CubeIDE/plugins/com.st.stm32cube.ide.mcu.externaltools.gnu-tools-for-stm32.11.3.rel1.win32_1.1.1.202309131626/tools/bin/../lib/gcc/arm-none-eabi/11.3.1/../../../../arm-none-eabi/lib/thumb/v7e-m+fp/hard\libc_nano.a(libc_a-putchar.o)
                              ./Middlewares/ST/STM32_USB_Device_Library/Core/Src/usbd_core.o (putchar)
H:/STM32CubeIDE_1.13.2/STM32CubeIDE/plugins/com.st.stm32cube.ide.mcu.externaltools.gnu-tools-for-stm32.11.3.rel1.win32_1.1.1.202309131626/tools/bin/../lib/gcc/arm-none-eabi/11.3.1/../../../../arm-none-eabi/lib/thumb/v7e-m+fp/hard\libc_nano.a(libc_a-sprintf.o)
                              ./Core/Src/main.o (sprintf)
H:/STM32CubeIDE_1.13.2/STM32CubeIDE/plugins/com.st.stm32cube.ide.mcu.externaltools.gnu-tools-for-stm32.11.3.rel1.win32_1.1.1.202309131626/tools/bin/../lib/gcc/arm-none-eabi/11.3.1/../../../../arm-none-eabi/lib/thumb/v7e-m+fp/hard\libc_nano.a(libc_a-stdio.o)
                              H:/STM32CubeIDE_1.13.2/STM32CubeIDE/plugins/com.st.stm32cube.ide.mcu.externaltools.gnu-tools-for-stm32.11.3.rel1.win32_1.1.1.202309131626/tools/bin/../lib/gcc/arm-none-eabi/11.3.1/../../../../arm-none-eabi/lib/thumb/v7e-m+fp/hard\libc_nano.a(libc_a-findfp.o) (__sread)
H:/STM32CubeIDE_1.13.2/STM32CubeIDE/plugins/com.st.stm32cube.ide.mcu.externaltools.gnu-tools-for-stm32.11.3.rel1.win32_1.1.1.202309131626/tools/bin/../lib/gcc/arm-none-eabi/11.3.1/../../../../arm-none-eabi/lib/thumb/v7e-m+fp/hard\libc_nano.a(libc_a-memset.o)
                              H:/STM32CubeIDE_1.13.2/STM32CubeIDE/plugins/com.st.stm32cube.ide.mcu.externaltools.gnu-tools-for-stm32.11.3.rel1.win32_1.1.1.202309131626/tools/bin/../lib/gcc/arm-none-eabi/11.3.1/../../../../arm-none-eabi/lib/thumb/v7e-m+fp/hard/crt0.o (memset)
H:/STM32CubeIDE_1.13.2/STM32CubeIDE/plugins/com.st.stm32cube.ide.mcu.externaltools.gnu-tools-for-stm32.11.3.rel1.win32_1.1.1.202309131626/tools/bin/../lib/gcc/arm-none-eabi/11.3.1/../../../../arm-none-eabi/lib/thumb/v7e-m+fp/hard\libc_nano.a(libc_a-strncpy.o)
                              ./USB_DEVICE/App/usbd_cdc_if.o (strncpy)
H:/STM32CubeIDE_1.13.2/STM32CubeIDE/plugins/com.st.stm32cube.ide.mcu.externaltools.gnu-tools-for-stm32.11.3.rel1.win32_1.1.1.202309131626/tools/bin/../lib/gcc/arm-none-eabi/11.3.1/../../../../arm-none-eabi/lib/thumb/v7e-m+fp/hard\libc_nano.a(libc_a-closer.o)
                              H:/STM32CubeIDE_1.13.2/STM32CubeIDE/plugins/com.st.stm32cube.ide.mcu.externaltools.gnu-tools-for-stm32.11.3.rel1.win32_1.1.1.202309131626/tools/bin/../lib/gcc/arm-none-eabi/11.3.1/../../../../arm-none-eabi/lib/thumb/v7e-m+fp/hard\libc_nano.a(libc_a-stdio.o) (_close_r)
[...]
Memory Configuration

Name             Origin             Length             Attributes
RAM              0x0000000020000000 0x0000000000018000 xrw
FLASH            0x0000000008000000 0x0000000000080000 xr
*default*        0x0000000000000000 0xffffffffffffffff

Linker script and memory map

LOAD H:/STM32CubeIDE_1.13.2/STM32CubeIDE/plugins/com.st.stm32cube.ide.mcu.externaltools.gnu-tools-for-stm32.11.3.rel1.win32_1.1.1.202309131626/tools/bin/../lib/gcc/arm-none-eabi/11.3.1/thumb/v7e-m+fp/hard/crti.o
LOAD H:/STM32CubeIDE_1.13.2/STM32CubeIDE/plugins/com.st.stm32cube.ide.mcu.externaltools.gnu-tools-for-stm32.11.3.rel1.win32_1.1.1.202309131626/tools/bin/../lib/gcc/arm-none-eabi/11.3.1/thumb/v7e-m+fp/hard/crtbegin.o
LOAD H:/STM32CubeIDE_1.13.2/STM32CubeIDE/plugins/com.st.stm32cube.ide.mcu.externaltools.gnu-tools-for-stm32.11.3.rel1.win32_1.1.1.202309131626/tools/bin/../lib/gcc/arm-none-eabi/11.3.1/../../../../arm-none-eabi/lib/thumb/v7e-m+fp/hard/crt0.o
LOAD ./Core/Src/DTek_TLE5012B.o
LOAD ./Core/Src/freertos.o
LOAD ./Core/Src/main.o
LOAD ./Core/Src/stm32f4xx_hal_msp.o
LOAD ./Core/Src/stm32f4xx_hal_timebase_tim.o
LOAD ./Core/Src/stm32f4xx_it.o
LOAD ./Core/Src/syscalls.o
LOAD ./Core/Src/sysmem.o
LOAD ./Core/Src/system_stm32f4xx.o
LOAD ./Core/Startup/startup_stm32f401retx.o
LOAD ./Drivers/STM32F4xx_HAL_Driver/Src/stm32f4xx_hal.o
LOAD ./Drivers/STM32F4xx_HAL_Driver/Src/stm32f4xx_hal_cortex.o
LOAD ./Drivers/STM32F4xx_HAL_Driver/Src/stm32f4xx_hal_dma.o
LOAD ./Drivers/STM32F4xx_HAL_Driver/Src/stm32f4xx_hal_dma_ex.o
LOAD ./Drivers/STM32F4xx_HAL_Driver/Src/stm32f4xx_hal_exti.o
LOAD ./Drivers/STM32F4xx_HAL_Driver/Src/stm32f4xx_hal_flash.o
LOAD ./Drivers/STM32F4xx_HAL_Driver/Src/stm32f4xx_hal_flash_ex.o
LOAD ./Drivers/STM32F4xx_HAL_Driver/Src/stm32f4xx_hal_flash_ramfunc.o
LOAD ./Drivers/STM32F4xx_HAL_Driver/Src/stm32f4xx_hal_gpio.o
LOAD ./Drivers/STM32F4xx_HAL_Driver/Src/stm32f4xx_hal_pcd.o
LOAD ./Drivers/STM32F4xx_HAL_Driver/Src/stm32f4xx_hal_pcd_ex.o
LOAD ./Drivers/STM32F4xx_HAL_Driver/Src/stm32f4xx_hal_pwr.o
LOAD ./Drivers/STM32F4xx_HAL_Driver/Src/stm32f4xx_hal_pwr_ex.o
LOAD ./Drivers/STM32F4xx_HAL_Driver/Src/stm32f4xx_hal_rcc.o
LOAD ./Drivers/STM32F4xx_HAL_Driver/Src/stm32f4xx_hal_rcc_ex.o
LOAD ./Drivers/STM32F4xx_HAL_Driver/Src/stm32f4xx_hal_spi.o
LOAD ./Drivers/STM32F4xx_HAL_Driver/Src/stm32f4xx_hal_tim.o
LOAD ./Drivers/STM32F4xx_HAL_Driver/Src/stm32f4xx_hal_tim_ex.o
LOAD ./Drivers/STM32F4xx_HAL_Driver/Src/stm32f4xx_ll_usb.o
LOAD ./Middlewares/ST/STM32_USB_Device_Library/Class/CDC/Src/usbd_cdc.o
LOAD ./Middlewares/ST/STM32_USB_Device_Library/Core/Src/usbd_core.o
LOAD ./Middlewares/ST/STM32_USB_Device_Library/Core/Src/usbd_ctlreq.o
LOAD ./Middlewares/ST/STM32_USB_Device_Library/Core/Src/usbd_ioreq.o
LOAD ./Middlewares/Third_Party/FreeRTOS/Source/CMSIS_RTOS/cmsis_os.o
LOAD ./Middlewares/Third_Party/FreeRTOS/Source/croutine.o
LOAD ./Middlewares/Third_Party/FreeRTOS/Source/event_groups.o
LOAD ./Middlewares/Third_Party/FreeRTOS/Source/list.o
LOAD ./Middlewares/Third_Party/FreeRTOS/Source/queue.o
LOAD ./Middlewares/Third_Party/FreeRTOS/Source/stream_buffer.o
LOAD ./Middlewares/Third_Party/FreeRTOS/Source/tasks.o
LOAD ./Middlewares/Third_Party/FreeRTOS/Source/timers.o
LOAD ./Middlewares/Third_Party/FreeRTOS/Source/portable/GCC/ARM_CM4F/port.o
LOAD ./Middlewares/Third_Party/FreeRTOS/Source/portable/MemMang/heap_4.o
LOAD ./USB_DEVICE/App/usb_device.o
LOAD ./USB_DEVICE/App/usbd_cdc_if.o
LOAD ./USB_DEVICE/App/usbd_desc.o
LOAD ./USB_DEVICE/Target/usbd_conf.o
START GROUP
LOAD H:/STM32CubeIDE_1.13.2/STM32CubeIDE/plugins/com.st.stm32cube.ide.mcu.externaltools.gnu-tools-for-stm32.11.3.rel1.win32_1.1.1.202309131626/tools/bin/../lib/gcc/arm-none-eabi/11.3.1/../../../../arm-none-eabi/lib/thumb/v7e-m+fp/hard\libc_nano.a
LOAD H:/STM32CubeIDE_1.13.2/STM32CubeIDE/plugins/com.st.stm32cube.ide.mcu.externaltools.gnu-tools-for-stm32.11.3.rel1.win32_1.1.1.202309131626/tools/bin/../lib/gcc/arm-none-eabi/11.3.1/../../../../arm-none-eabi/lib/thumb/v7e-m+fp/hard\libm.a
END GROUP
START GROUP
LOAD H:/STM32CubeIDE_1.13.2/STM32CubeIDE/plugins/com.st.stm32cube.ide.mcu.externaltools.gnu-tools-for-stm32.11.3.rel1.win32_1.1.1.202309131626/tools/bin/../lib/gcc/arm-none-eabi/11.3.1/thumb/v7e-m+fp/hard\libgcc.a
LOAD H:/STM32CubeIDE_1.13.2/STM32CubeIDE/plugins/com.st.stm32cube.ide.mcu.externaltools.gnu-tools-for-stm32.11.3.rel1.win32_1.1.1.202309131626/tools/bin/../lib/gcc/arm-none-eabi/11.3.1/../../../../arm-none-eabi/lib/thumb/v7e-m+fp/hard\libc_nano.a
END GROUP
START GROUP
LOAD H:/STM32CubeIDE_1.13.2/STM32CubeIDE/plugins/com.st.stm32cube.ide.mcu.externaltools.gnu-tools-for-stm32.11.3.rel1.win32_1.1.1.202309131626/tools/bin/../lib/gcc/arm-none-eabi/11.3.1/thumb/v7e-m+fp/hard\libgcc.a
LOAD H:/STM32CubeIDE_1.13.2/STM32CubeIDE/plugins/com.st.stm32cube.ide.mcu.externaltools.gnu-tools-for-stm32.11.3.rel1.win32_1.1.1.202309131626/tools/bin/../lib/gcc/arm-none-eabi/11.3.1/../../../../arm-none-eabi/lib/thumb/v7e-m+fp/hard\libc_nano.a
LOAD H:/STM32CubeIDE_1.13.2/STM32CubeIDE/plugins/com.st.stm32cube.ide.mcu.externaltools.gnu-tools-for-stm32.11.3.rel1.win32_1.1.1.202309131626/tools/bin/../lib/gcc/arm-none-eabi/11.3.1/../../../../arm-none-eabi/lib/thumb/v7e-m+fp/hard\libnosys.a
END GROUP
START GROUP
LOAD H:/STM32CubeIDE_1.13.2/STM32CubeIDE/plugins/com.st.stm32cube.ide.mcu.externaltools.gnu-tools-for-stm32.11.3.rel1.win32_1.1.1.202309131626/tools/bin/../lib/gcc/arm-none-eabi/11.3.1/thumb/v7e-m+fp/hard\libgcc.a
LOAD H:/STM32CubeIDE_1.13.2/STM32CubeIDE/plugins/com.st.stm32cube.ide.mcu.externaltools.gnu-tools-for-stm32.11.3.rel1.win32_1.1.1.202309131626/tools/bin/../lib/gcc/arm-none-eabi/11.3.1/../../../../arm-none-eabi/lib/thumb/v7e-m+fp/hard\libc_nano.a
LOAD H:/STM32CubeIDE_1.13.2/STM32CubeIDE/plugins/com.st.stm32cube.ide.mcu.externaltools.gnu-tools-for-stm32.11.3.rel1.win32_1.1.1.202309131626/tools/bin/../lib/gcc/arm-none-eabi/11.3.1/../../../../arm-none-eabi/lib/thumb/v7e-m+fp/hard\libnosys.a
END GROUP
LOAD H:/STM32CubeIDE_1.13.2/STM32CubeIDE/plugins/com.st.stm32cube.ide.mcu.externaltools.gnu-tools-for-stm32.11.3.rel1.win32_1.1.1.202309131626/tools/bin/../lib/gcc/arm-none-eabi/11.3.1/thumb/v7e-m+fp/hard/crtend.o
LOAD H:/STM32CubeIDE_1.13.2/STM32CubeIDE/plugins/com.st.stm32cube.ide.mcu.externaltools.gnu-tools-for-stm32.11.3.rel1.win32_1.1.1.202309131626/tools/bin/../lib/gcc/arm-none-eabi/11.3.1/thumb/v7e-m+fp/hard/crtn.o
                0x0000000020018000                _estack = (ORIGIN (RAM) + LENGTH (RAM))
                0x0000000000000200                _Min_Heap_Size = 0x200
                0x0000000000000400                _Min_Stack_Size = 0x400

.isr_vector     0x0000000008000000      0x194
                0x0000000008000000                . = ALIGN (0x4)
 *(.isr_vector)
 .isr_vector    0x0000000008000000      0x194 ./Core/Startup/startup_stm32f401retx.o
                0x0000000008000000                g_pfnVectors
                0x0000000008000194                . = ALIGN (0x4)

.text           0x00000000080001a0     0xcd48
                0x00000000080001a0                . = ALIGN (0x4)
 *(.text)
 .text          0x00000000080001a0       0x40 H:/STM32CubeIDE_1.13.2/STM32CubeIDE/plugins/com.st.stm32cube.ide.mcu.externaltools.gnu-tools-for-stm32.11.3.rel1.win32_1.1.1.202309131626/tools/bin/../lib/gcc/arm-none-eabi/11.3.1/thumb/v7e-m+fp/hard/crtbegin.o
 .text          0x00000000080001e0       0xa0 H:/STM32CubeIDE_1.13.2/STM32CubeIDE/plugins/com.st.stm32cube.ide.mcu.externaltools.gnu-tools-for-stm32.11.3.rel1.win32_1.1.1.202309131626/tools/bin/../lib/gcc/arm-none-eabi/11.3.1/../../../../arm-none-eabi/lib/thumb/v7e-m+fp/hard\libc_nano.a(libc_a-memchr.o)
                0x00000000080001e0                memchr
 .text          0x0000000008000280      0x378 H:/STM32CubeIDE_1.13.2/STM32CubeIDE/plugins/com.st.stm32cube.ide.mcu.externaltools.gnu-tools-for-stm32.11.3.rel1.win32_1.1.1.202309131626/tools/bin/../lib/gcc/arm-none-eabi/11.3.1/thumb/v7e-m+fp/hard\libgcc.a(_arm_addsubdf3.o)
                0x0000000008000280                __aeabi_drsub
                0x0000000008000288                __aeabi_dsub
                0x0000000008000288                __subdf3
                0x000000000800028c                __aeabi_dadd
                0x000000000800028c                __adddf3
                0x0000000008000504                __floatunsidf
                0x0000000008000504                __aeabi_ui2d
                0x0000000008000524                __floatsidf
                0x0000000008000524                __aeabi_i2d
                0x0000000008000548                __aeabi_f2d
                0x0000000008000548                __extendsfdf2
                0x000000000800058c                __floatundidf
                0x000000000800058c                __aeabi_ul2d
                0x000000000800059c                __floatdidf
                0x000000000800059c                __aeabi_l2d
 .text          0x00000000080005f8      0x424 H:/STM32CubeIDE_1.13.2/STM32CubeIDE/plugins/com.st.stm32cube.ide.mcu.externaltools.gnu-tools-for-stm32.11.3.rel1.win32_1.1.1.202309131626/tools/bin/../lib/gcc/arm-none-eabi/11.3.1/thumb/v7e-m+fp/hard\libgcc.a(_arm_muldivdf3.o)
                0x00000000080005f8                __aeabi_dmul
                0x00000000080005f8                __muldf3
                0x000000000800084c                __divdf3
                0x000000000800084c                __aeabi_ddiv
 .text          0x0000000008000a1c      0x110 H:/STM32CubeIDE_1.13.2/STM32CubeIDE/plugins/com.st.stm32cube.ide.mcu.externaltools.gnu-tools-for-stm32.11.3.rel1.win32_1.1.1.202309131626/tools/bin/../lib/gcc/arm-none-eabi/11.3.1/thumb/v7e-m+fp/hard\libgcc.a(_arm_cmpdf2.o)
                0x0000000008000a1c                __gtdf2
                0x0000000008000a1c                __gedf2
                0x0000000008000a24                __ltdf2
                0x0000000008000a24                __ledf2
                0x0000000008000a2c                __nedf2
                0x0000000008000a2c                __eqdf2
                0x0000000008000a2c                __cmpdf2
                0x0000000008000aa8                __aeabi_cdrcmple
                0x0000000008000ab8                __aeabi_cdcmpeq
                0x0000000008000ab8                __aeabi_cdcmple
                0x0000000008000ac8                __aeabi_dcmpeq
                0x0000000008000adc                __aeabi_dcmplt
                0x0000000008000af0                __aeabi_dcmple
                0x0000000008000b04                __aeabi_dcmpge
                0x0000000008000b18                __aeabi_dcmpgt
 .text          0x0000000008000b2c       0x50 H:/STM32CubeIDE_1.13.2/STM32CubeIDE/plugins/com.st.stm32cube.ide.mcu.externaltools.gnu-tools-for-stm32.11.3.rel1.win32_1.1.1.202309131626/tools/bin/../lib/gcc/arm-none-eabi/11.3.1/thumb/v7e-m+fp/hard\libgcc.a(_arm_fixdfsi.o)
                0x0000000008000b2c                __aeabi_d2iz
                0x0000000008000b2c                __fixdfsi
 .text          0x0000000008000b7c       0x30 H:/STM32CubeIDE_1.13.2/STM32CubeIDE/plugins/com.st.stm32cube.ide.mcu.externaltools.gnu-tools-for-stm32.11.3.rel1.win32_1.1.1.202309131626/tools/bin/../lib/gcc/arm-none-eabi/11.3.1/thumb/v7e-m+fp/hard\libgcc.a(_aeabi_uldivmod.o)
                0x0000000008000b7c                __aeabi_uldivmod
 .text          0x0000000008000bac      0x2c8 H:/STM32CubeIDE_1.13.2/STM32CubeIDE/plugins/com.st.stm32cube.ide.mcu.externaltools.gnu-tools-for-stm32.11.3.rel1.win32_1.1.1.202309131626/tools/bin/../lib/gcc/arm-none-eabi/11.3.1/thumb/v7e-m+fp/hard\libgcc.a(_udivmoddi4.o)
                0x0000000008000bac                __udivmoddi4
 .text          0x0000000008000e74        0x4 H:/STM32CubeIDE_1.13.2/STM32CubeIDE/plugins/com.st.stm32cube.ide.mcu.externaltools.gnu-tools-for-stm32.11.3.rel1.win32_1.1.1.202309131626/tools/bin/../lib/gcc/arm-none-eabi/11.3.1/thumb/v7e-m+fp/hard\libgcc.a(_dvmd_tls.o)
                0x0000000008000e74                __aeabi_idiv0
                0x0000000008000e74                __aeabi_ldiv0
 *(.text*)
 .text._getFirstByte
                0x0000000008000e78       0x1e ./Core/Src/DTek_TLE5012B.o
                0x0000000008000e78                _getFirstByte
 .text._getSecondByte
                0x0000000008000e96       0x1a ./Core/Src/DTek_TLE5012B.o
                0x0000000008000e96                _getSecondByte
 .text._crc8    0x0000000008000eb0       0x8c ./Core/Src/DTek_TLE5012B.o
                0x0000000008000eb0                _crc8
 .text._crcCalc
                0x0000000008000f3c       0x20 ./Core/Src/DTek_TLE5012B.o
                0x0000000008000f3c                _crcCalc
 .text.triggerUpdate
                0x0000000008000f5c       0x48 ./Core/Src/DTek_TLE5012B.o
                0x0000000008000f5c                triggerUpdate
 .text.resetSafety
                0x0000000008000fa4       0x68 ./Core/Src/DTek_TLE5012B.o
                0x0000000008000fa4                resetSafety
 .text.checkSafety
                0x000000000800100c      0x156 ./Core/Src/DTek_TLE5012B.o
                0x000000000800100c                checkSafety
 *fill*         0x0000000008001162        0x2 
 .text.readFromSensor
                0x0000000008001164       0xa8 ./Core/Src/DTek_TLE5012B.o
                0x0000000008001164                readFromSensor
 .text.readBlockCRC
                0x000000000800120c       0x90 ./Core/Src/DTek_TLE5012B.o
                0x000000000800120c                readBlockCRC
 .text.readAngleValue
                0x000000000800129c       0x5e ./Core/Src/DTek_TLE5012B.o
                0x000000000800129c                readAngleValue
 *fill*         0x00000000080012fa        0x2 
 .text.getAngleValue
                0x00000000080012fc       0x58 ./Core/Src/DTek_TLE5012B.o
                0x00000000080012fc                getAngleValue
 .text.SPI_CS_Enable
                0x0000000008001354       0xa8 ./Core/Src/DTek_TLE5012B.o
                0x0000000008001354                SPI_CS_Enable
 .text.SPI_CS_Disable
                0x00000000080013fc       0xa8 ./Core/Src/DTek_TLE5012B.o
                0x00000000080013fc                SPI_CS_Disable
 .text.vApplicationGetIdleTaskMemory
                0x00000000080014a4       0x34 ./Core/Src/freertos.o
                0x00000000080014a4                vApplicationGetIdleTaskMemory
 .text.main     0x00000000080014d8       0xbc ./Core/Src/main.o
                0x00000000080014d8                main
 .text.SystemClock_Config
                0x0000000008001594       0xd4 ./Core/Src/main.o
                0x0000000008001594                SystemClock_Config
 .text.MX_SPI2_Init
                0x0000000008001668       0x70 ./Core/Src/main.o
 .text.MX_TIM1_Init
                0x00000000080016d8      0x108 ./Core/Src/main.o
 .text.MX_GPIO_Init
                0x00000000080017e0      0x12c ./Core/Src/main.o
 .text.SizeofCharArray
                0x000000000800190c       0x2e ./Core/Src/main.o
                0x000000000800190c                SizeofCharArray
 *fill*         0x000000000800193a        0x2 
 .text.StartDefaultTask
                0x000000000800193c       0x20 ./Core/Src/main.o
                0x000000000800193c                StartDefaultTask
 .text.StartCommTask
                0x000000000800195c      0x2b4 ./Core/Src/main.o
                0x000000000800195c                StartCommTask
 .text.StartSensorTask
                0x0000000008001c10      0x678 ./Core/Src/main.o
                0x0000000008001c10                StartSensorTask
 .text.HAL_TIM_PeriodElapsedCallback
                0x0000000008002288       0x24 ./Core/Src/main.o
                0x0000000008002288                HAL_TIM_PeriodElapsedCallback
 .text.Error_Handler
                0x00000000080022ac        0xa ./Core/Src/main.o
                0x00000000080022ac                Error_Handler
 *fill*         0x00000000080022b6        0x2 
 .text.HAL_MspInit
                0x00000000080022b8       0x58 ./Core/Src/stm32f4xx_hal_msp.o
                0x00000000080022b8                HAL_MspInit
 .text.HAL_SPI_MspInit
                0x0000000008002310       0xd0 ./Core/Src/stm32f4xx_hal_msp.o
                0x0000000008002310                HAL_SPI_MspInit
 .text.HAL_TIM_PWM_MspInit
                0x00000000080023e0       0x44 ./Core/Src/stm32f4xx_hal_msp.o
                0x00000000080023e0                HAL_TIM_PWM_MspInit
 .text.HAL_TIM_MspPostInit
                0x0000000008002424       0x74 ./Core/Src/stm32f4xx_hal_msp.o
                0x0000000008002424                HAL_TIM_MspPostInit
 .text.HAL_InitTick
                0x0000000008002498       0xf8 ./Core/Src/stm32f4xx_hal_timebase_tim.o
                0x0000000008002498                HAL_InitTick
 .text.NMI_Handler
                0x0000000008002590        0x6 ./Core/Src/stm32f4xx_it.o
                0x0000000008002590                NMI_Handler
 .text.HardFault_Handler
                0x0000000008002596        0x6 ./Core/Src/stm32f4xx_it.o
                0x0000000008002596                HardFault_Handler
 .text.MemManage_Handler
                0x000000000800259c        0x6 ./Core/Src/stm32f4xx_it.o
                0x000000000800259c                MemManage_Handler
 .text.BusFault_Handler
                0x00000000080025a2        0x6 ./Core/Src/stm32f4xx_it.o
                0x00000000080025a2                BusFault_Handler
 .text.UsageFault_Handler
                0x00000000080025a8        0x6 ./Core/Src/stm32f4xx_it.o
                0x00000000080025a8                UsageFault_Handler
 .text.DebugMon_Handler
                0x00000000080025ae        0xe ./Core/Src/stm32f4xx_it.o
                0x00000000080025ae                DebugMon_Handler
 .text.TIM4_IRQHandler
                0x00000000080025bc       0x14 ./Core/Src/stm32f4xx_it.o
                0x00000000080025bc                TIM4_IRQHandler
 .text.OTG_FS_IRQHandler
                0x00000000080025d0       0x14 ./Core/Src/stm32f4xx_it.o
                0x00000000080025d0                OTG_FS_IRQHandler
 .text._read    0x00000000080025e4       0x3a ./Core/Src/syscalls.o
                0x00000000080025e4                _read
 .text._write   0x000000000800261e       0x38 ./Core/Src/syscalls.o
                0x000000000800261e                _write
 .text._close   0x0000000008002656       0x18 ./Core/Src/syscalls.o
                0x0000000008002656                _close
 .text._fstat   0x000000000800266e       0x20 ./Core/Src/syscalls.o
                0x000000000800266e                _fstat
 .text._isatty  0x000000000800268e       0x16 ./Core/Src/syscalls.o
                0x000000000800268e                _isatty
 .text._lseek   0x00000000080026a4       0x1a ./Core/Src/syscalls.o
                0x00000000080026a4                _lseek
 *fill*         0x00000000080026be        0x2 
 .text._sbrk    0x00000000080026c0       0x6c ./Core/Src/sysmem.o
                0x00000000080026c0                _sbrk
 .text.SystemInit
                0x000000000800272c       0x24 ./Core/Src/system_stm32f4xx.o
                0x000000000800272c                SystemInit
 .text.Reset_Handler
                0x0000000008002750       0x50 ./Core/Startup/startup_stm32f401retx.o
                0x0000000008002750                Reset_Handler
 .text.Default_Handler
                0x00000000080027a0        0x2 ./Core/Startup/startup_stm32f401retx.o
                0x00000000080027a0                RTC_Alarm_IRQHandler
                0x00000000080027a0                EXTI2_IRQHandler
                0x00000000080027a0                SPI4_IRQHandler
                0x00000000080027a0                TIM1_CC_IRQHandler
                0x00000000080027a0                DMA2_Stream5_IRQHandler
                0x00000000080027a0                DMA1_Stream5_IRQHandler
                0x00000000080027a0                PVD_IRQHandler
                0x00000000080027a0                SDIO_IRQHandler
                0x00000000080027a0                TAMP_STAMP_IRQHandler
                0x00000000080027a0                EXTI3_IRQHandler
                0x00000000080027a0                TIM1_UP_TIM10_IRQHandler
                0x00000000080027a0                I2C3_ER_IRQHandler
                0x00000000080027a0                EXTI0_IRQHandler
                0x00000000080027a0                I2C2_EV_IRQHandler
                0x00000000080027a0                DMA1_Stream2_IRQHandler
                0x00000000080027a0                FPU_IRQHandler
                0x00000000080027a0                DMA2_Stream2_IRQHandler
                0x00000000080027a0                SPI1_IRQHandler
                0x00000000080027a0                TIM1_BRK_TIM9_IRQHandler
                0x00000000080027a0                DMA2_Stream3_IRQHandler
                0x00000000080027a0                USART6_IRQHandler
                0x00000000080027a0                DMA2_Stream0_IRQHandler
                0x00000000080027a0                I2C1_EV_IRQHandler
                0x00000000080027a0                DMA1_Stream6_IRQHandler
                0x00000000080027a0                DMA1_Stream1_IRQHandler
                0x00000000080027a0                TIM3_IRQHandler
                0x00000000080027a0                RCC_IRQHandler
                0x00000000080027a0                Default_Handler
                0x00000000080027a0                EXTI15_10_IRQHandler
                0x00000000080027a0                ADC_IRQHandler
                0x00000000080027a0                DMA1_Stream7_IRQHandler
                0x00000000080027a0                TIM5_IRQHandler
                0x00000000080027a0                DMA2_Stream7_IRQHandler
                0x00000000080027a0                I2C3_EV_IRQHandler
                0x00000000080027a0                EXTI9_5_IRQHandler
                0x00000000080027a0                RTC_WKUP_IRQHandler
                0x00000000080027a0                SPI2_IRQHandler
                0x00000000080027a0                DMA1_Stream0_IRQHandler
                0x00000000080027a0                EXTI4_IRQHandler
                0x00000000080027a0                WWDG_IRQHandler
                0x00000000080027a0                TIM2_IRQHandler
                0x00000000080027a0                OTG_FS_WKUP_IRQHandler
                0x00000000080027a0                TIM1_TRG_COM_TIM11_IRQHandler
                0x00000000080027a0                EXTI1_IRQHandler
                0x00000000080027a0                USART2_IRQHandler
                0x00000000080027a0                I2C2_ER_IRQHandler
                0x00000000080027a0                DMA2_Stream1_IRQHandler
                0x00000000080027a0                FLASH_IRQHandler
                0x00000000080027a0                DMA2_Stream4_IRQHandler
                0x00000000080027a0                USART1_IRQHandler
                0x00000000080027a0                SPI3_IRQHandler
                0x00000000080027a0                DMA1_Stream4_IRQHandler
                0x00000000080027a0                I2C1_ER_IRQHandler
                0x00000000080027a0                DMA2_Stream6_IRQHandler
                0x00000000080027a0                DMA1_Stream3_IRQHandler
 *fill*         0x00000000080027a2        0x2 
 .text.HAL_Init
                0x00000000080027a4       0x44 ./Drivers/STM32F4xx_HAL_Driver/Src/stm32f4xx_hal.o
                0x00000000080027a4                HAL_Init
 .text.HAL_IncTick
                0x00000000080027e8       0x28 ./Drivers/STM32F4xx_HAL_Driver/Src/stm32f4xx_hal.o
                0x00000000080027e8                HAL_IncTick
 .text.HAL_GetTick
                0x0000000008002810       0x18 ./Drivers/STM32F4xx_HAL_Driver/Src/stm32f4xx_hal.o
                0x0000000008002810                HAL_GetTick
 .text.HAL_Delay
                0x0000000008002828       0x48 ./Drivers/STM32F4xx_HAL_Driver/Src/stm32f4xx_hal.o
                0x0000000008002828                HAL_Delay
 .text.__NVIC_SetPriorityGrouping
                0x0000000008002870       0x48 ./Drivers/STM32F4xx_HAL_Driver/Src/stm32f4xx_hal_cortex.o
 .text.__NVIC_GetPriorityGrouping
                0x00000000080028b8       0x1c ./Drivers/STM32F4xx_HAL_Driver/Src/stm32f4xx_hal_cortex.o
 .text.__NVIC_EnableIRQ
                0x00000000080028d4       0x3c ./Drivers/STM32F4xx_HAL_Driver/Src/stm32f4xx_hal_cortex.o
 .text.__NVIC_SetPriority
                0x0000000008002910       0x54 ./Drivers/STM32F4xx_HAL_Driver/Src/stm32f4xx_hal_cortex.o
 .text.NVIC_EncodePriority
                0x0000000008002964       0x66 ./Drivers/STM32F4xx_HAL_Driver/Src/stm32f4xx_hal_cortex.o
 .text.HAL_NVIC_SetPriorityGrouping
                0x00000000080029ca       0x16 ./Drivers/STM32F4xx_HAL_Driver/Src/stm32f4xx_hal_cortex.o
                0x00000000080029ca                HAL_NVIC_SetPriorityGrouping
 .text.HAL_NVIC_SetPriority
                0x00000000080029e0       0x38 ./Drivers/STM32F4xx_HAL_Driver/Src/stm32f4xx_hal_cortex.o
                0x00000000080029e0                HAL_NVIC_SetPriority
 .text.HAL_NVIC_EnableIRQ
                0x0000000008002a18       0x1c ./Drivers/STM32F4xx_HAL_Driver/Src/stm32f4xx_hal_cortex.o
                0x0000000008002a18                HAL_NVIC_EnableIRQ
 .text.HAL_GPIO_Init
                0x0000000008002a34      0x308 ./Drivers/STM32F4xx_HAL_Driver/Src/stm32f4xx_hal_gpio.o
                0x0000000008002a34                HAL_GPIO_Init
 .text.HAL_GPIO_WritePin
                0x0000000008002d3c       0x32 ./Drivers/STM32F4xx_HAL_Driver/Src/stm32f4xx_hal_gpio.o
                0x0000000008002d3c                HAL_GPIO_WritePin
 .text.HAL_GPIO_TogglePin
                0x0000000008002d6e       0x34 ./Drivers/STM32F4xx_HAL_Driver/Src/stm32f4xx_hal_gpio.o
                0x0000000008002d6e                HAL_GPIO_TogglePin
 .text.HAL_PCD_Init
                0x0000000008002da2      0x23a ./Drivers/STM32F4xx_HAL_Driver/Src/stm32f4xx_hal_pcd.o
                0x0000000008002da2                HAL_PCD_Init
 .text.HAL_PCD_Start
                0x0000000008002fdc       0x66 ./Drivers/STM32F4xx_HAL_Driver/Src/stm32f4xx_hal_pcd.o
                0x0000000008002fdc                HAL_PCD_Start
 .text.HAL_PCD_IRQHandler
                0x0000000008003042      0x93e ./Drivers/STM32F4xx_HAL_Driver/Src/stm32f4xx_hal_pcd.o
                0x0000000008003042                HAL_PCD_IRQHandler
 .text.HAL_PCD_SetAddress
                0x0000000008003980       0x4a ./Drivers/STM32F4xx_HAL_Driver/Src/stm32f4xx_hal_pcd.o
                0x0000000008003980                HAL_PCD_SetAddress
 .text.HAL_PCD_EP_Open
                0x00000000080039ca       0xd0 ./Drivers/STM32F4xx_HAL_Driver/Src/stm32f4xx_hal_pcd.o
                0x00000000080039ca                HAL_PCD_EP_Open
 .text.HAL_PCD_EP_Close
                0x0000000008003a9a       0x94 ./Drivers/STM32F4xx_HAL_Driver/Src/stm32f4xx_hal_pcd.o
                0x0000000008003a9a                HAL_PCD_EP_Close
 .text.HAL_PCD_EP_Receive
                0x0000000008003b2e       0x96 ./Drivers/STM32F4xx_HAL_Driver/Src/stm32f4xx_hal_pcd.o
                0x0000000008003b2e                HAL_PCD_EP_Receive
 .text.HAL_PCD_EP_GetRxCount
                0x0000000008003bc4       0x30 ./Drivers/STM32F4xx_HAL_Driver/Src/stm32f4xx_hal_pcd.o
                0x0000000008003bc4                HAL_PCD_EP_GetRxCount
 .text.HAL_PCD_EP_Transmit
                0x0000000008003bf4       0x94 ./Drivers/STM32F4xx_HAL_Driver/Src/stm32f4xx_hal_pcd.o
                0x0000000008003bf4                HAL_PCD_EP_Transmit
 .text.HAL_PCD_EP_SetStall
                0x0000000008003c88       0xc8 ./Drivers/STM32F4xx_HAL_Driver/Src/stm32f4xx_hal_pcd.o
                0x0000000008003c88                HAL_PCD_EP_SetStall
 .text.HAL_PCD_EP_ClrStall
                0x0000000008003d50       0xac ./Drivers/STM32F4xx_HAL_Driver/Src/stm32f4xx_hal_pcd.o
                0x0000000008003d50                HAL_PCD_EP_ClrStall
 .text.HAL_PCD_EP_Abort
                0x0000000008003dfc       0x62 ./Drivers/STM32F4xx_HAL_Driver/Src/stm32f4xx_hal_pcd.o
                0x0000000008003dfc                HAL_PCD_EP_Abort
 .text.PCD_WriteEmptyTxFifo
                0x0000000008003e5e      0x11a ./Drivers/STM32F4xx_HAL_Driver/Src/stm32f4xx_hal_pcd.o
 .text.PCD_EP_OutXfrComplete_int
                0x0000000008003f78      0x1d0 ./Drivers/STM32F4xx_HAL_Driver/Src/stm32f4xx_hal_pcd.o
 .text.PCD_EP_OutSetupPacket_int
                0x0000000008004148       0x8c ./Drivers/STM32F4xx_HAL_Driver/Src/stm32f4xx_hal_pcd.o
 .text.HAL_PCDEx_SetTxFiFo
                0x00000000080041d4       0x8e ./Drivers/STM32F4xx_HAL_Driver/Src/stm32f4xx_hal_pcd_ex.o
                0x00000000080041d4                HAL_PCDEx_SetTxFiFo
 .text.HAL_PCDEx_SetRxFiFo
                0x0000000008004262       0x22 ./Drivers/STM32F4xx_HAL_Driver/Src/stm32f4xx_hal_pcd_ex.o
                0x0000000008004262                HAL_PCDEx_SetRxFiFo
 .text.HAL_PCDEx_LPM_Callback
                0x0000000008004284       0x18 ./Drivers/STM32F4xx_HAL_Driver/Src/stm32f4xx_hal_pcd_ex.o
                0x0000000008004284                HAL_PCDEx_LPM_Callback
 .text.HAL_RCC_OscConfig
                0x000000000800429c      0x4f0 ./Drivers/STM32F4xx_HAL_Driver/Src/stm32f4xx_hal_rcc.o
                0x000000000800429c                HAL_RCC_OscConfig
 .text.HAL_RCC_ClockConfig
                0x000000000800478c      0x1cc ./Drivers/STM32F4xx_HAL_Driver/Src/stm32f4xx_hal_rcc.o
                0x000000000800478c                HAL_RCC_ClockConfig
 .text.HAL_RCC_GetSysClockFreq
                0x0000000008004958      0x20c ./Drivers/STM32F4xx_HAL_Driver/Src/stm32f4xx_hal_rcc.o
                0x0000000008004958                HAL_RCC_GetSysClockFreq
 .text.HAL_RCC_GetHCLKFreq
                0x0000000008004b64       0x18 ./Drivers/STM32F4xx_HAL_Driver/Src/stm32f4xx_hal_rcc.o
                0x0000000008004b64                HAL_RCC_GetHCLKFreq
 .text.HAL_RCC_GetPCLK1Freq
                0x0000000008004b7c       0x28 ./Drivers/STM32F4xx_HAL_Driver/Src/stm32f4xx_hal_rcc.o
                0x0000000008004b7c                HAL_RCC_GetPCLK1Freq
 .text.HAL_RCC_GetClockConfig
                0x0000000008004ba4       0x64 ./Drivers/STM32F4xx_HAL_Driver/Src/stm32f4xx_hal_rcc.o
                0x0000000008004ba4                HAL_RCC_GetClockConfig
 .text.HAL_SPI_Init
                0x0000000008004c08      0x112 ./Drivers/STM32F4xx_HAL_Driver/Src/stm32f4xx_hal_spi.o
                0x0000000008004c08                HAL_SPI_Init
 .text.HAL_SPI_Transmit
                0x0000000008004d1a      0x278 ./Drivers/STM32F4xx_HAL_Driver/Src/stm32f4xx_hal_spi.o
                0x0000000008004d1a                HAL_SPI_Transmit
 .text.HAL_SPI_Receive
                0x0000000008004f92      0x222 ./Drivers/STM32F4xx_HAL_Driver/Src/stm32f4xx_hal_spi.o
                0x0000000008004f92                HAL_SPI_Receive
 .text.HAL_SPI_TransmitReceive
                0x00000000080051b4      0x344 ./Drivers/STM32F4xx_HAL_Driver/Src/stm32f4xx_hal_spi.o
                0x00000000080051b4                HAL_SPI_TransmitReceive
 .text.SPI_WaitFlagStateUntilTimeout
                0x00000000080054f8      0x110 ./Drivers/STM32F4xx_HAL_Driver/Src/stm32f4xx_hal_spi.o
 .text.SPI_EndRxTransaction
                0x0000000008005608       0xca ./Drivers/STM32F4xx_HAL_Driver/Src/stm32f4xx_hal_spi.o
 *fill*         0x00000000080056d2        0x2 
 .text.SPI_EndRxTxTransaction
                0x00000000080056d4       0x84 ./Drivers/STM32F4xx_HAL_Driver/Src/stm32f4xx_hal_spi.o
 .text.HAL_TIM_Base_Init
                0x0000000008005758       0x9e ./Drivers/STM32F4xx_HAL_Driver/Src/stm32f4xx_hal_tim.o
                0x0000000008005758                HAL_TIM_Base_Init
 .text.HAL_TIM_Base_MspInit
                0x00000000080057f6       0x14 ./Drivers/STM32F4xx_HAL_Driver/Src/stm32f4xx_hal_tim.o
                0x00000000080057f6                HAL_TIM_Base_MspInit
 *fill*         0x000000000800580a        0x2 
 .text.HAL_TIM_Base_Start_IT
                0x000000000800580c       0xc4 ./Drivers/STM32F4xx_HAL_Driver/Src/stm32f4xx_hal_tim.o
                0x000000000800580c                HAL_TIM_Base_Start_IT
 .text.HAL_TIM_PWM_Init
                0x00000000080058d0       0x9e ./Drivers/STM32F4xx_HAL_Driver/Src/stm32f4xx_hal_tim.o
                0x00000000080058d0                HAL_TIM_PWM_Init
 *fill*         0x000000000800596e        0x2 
 .text.HAL_TIM_PWM_Start
                0x0000000008005970      0x160 ./Drivers/STM32F4xx_HAL_Driver/Src/stm32f4xx_hal_tim.o
                0x0000000008005970                HAL_TIM_PWM_Start
 .text.HAL_TIM_IRQHandler
                0x0000000008005ad0      0x210 ./Drivers/STM32F4xx_HAL_Driver/Src/stm32f4xx_hal_tim.o
                0x0000000008005ad0                HAL_TIM_IRQHandler
 .text.HAL_TIM_PWM_ConfigChannel
                0x0000000008005ce0      0x184 ./Drivers/STM32F4xx_HAL_Driver/Src/stm32f4xx_hal_tim.o
                0x0000000008005ce0                HAL_TIM_PWM_ConfigChannel
 .text.HAL_TIM_OC_DelayElapsedCallback
                0x0000000008005e64       0x14 ./Drivers/STM32F4xx_HAL_Driver/Src/stm32f4xx_hal_tim.o
                0x0000000008005e64                HAL_TIM_OC_DelayElapsedCallback
 .text.HAL_TIM_IC_CaptureCallback
                0x0000000008005e78       0x14 ./Drivers/STM32F4xx_HAL_Driver/Src/stm32f4xx_hal_tim.o
                0x0000000008005e78                HAL_TIM_IC_CaptureCallback
 .text.HAL_TIM_PWM_PulseFinishedCallback
                0x0000000008005e8c       0x14 ./Drivers/STM32F4xx_HAL_Driver/Src/stm32f4xx_hal_tim.o
                0x0000000008005e8c                HAL_TIM_PWM_PulseFinishedCallback
 .text.HAL_TIM_TriggerCallback
                0x0000000008005ea0       0x14 ./Drivers/STM32F4xx_HAL_Driver/Src/stm32f4xx_hal_tim.o
                0x0000000008005ea0                HAL_TIM_TriggerCallback
 .text.TIM_Base_SetConfig
                0x0000000008005eb4      0x100 ./Drivers/STM32F4xx_HAL_Driver/Src/stm32f4xx_hal_tim.o
                0x0000000008005eb4                TIM_Base_SetConfig
 .text.TIM_OC1_SetConfig
                0x0000000008005fb4       0xcc ./Drivers/STM32F4xx_HAL_Driver/Src/stm32f4xx_hal_tim.o
 .text.TIM_OC2_SetConfig
                0x0000000008006080       0xd8 ./Drivers/STM32F4xx_HAL_Driver/Src/stm32f4xx_hal_tim.o
                0x0000000008006080                TIM_OC2_SetConfig
 .text.TIM_OC3_SetConfig
                0x0000000008006158       0xd4 ./Drivers/STM32F4xx_HAL_Driver/Src/stm32f4xx_hal_tim.o
 .text.TIM_OC4_SetConfig
                0x000000000800622c       0xa0 ./Drivers/STM32F4xx_HAL_Driver/Src/stm32f4xx_hal_tim.o
 .text.TIM_CCxChannelCmd
                0x00000000080062cc       0x4a ./Drivers/STM32F4xx_HAL_Driver/Src/stm32f4xx_hal_tim.o
                0x00000000080062cc                TIM_CCxChannelCmd
 *fill*         0x0000000008006316        0x2 
 .text.HAL_TIMEx_MasterConfigSynchronization
                0x0000000008006318       0xdc ./Drivers/STM32F4xx_HAL_Driver/Src/stm32f4xx_hal_tim_ex.o
                0x0000000008006318                HAL_TIMEx_MasterConfigSynchronization
 .text.HAL_TIMEx_ConfigBreakDeadTime
                0x00000000080063f4       0xa4 ./Drivers/STM32F4xx_HAL_Driver/Src/stm32f4xx_hal_tim_ex.o
                0x00000000080063f4                HAL_TIMEx_ConfigBreakDeadTime
 .text.HAL_TIMEx_CommutCallback
                0x0000000008006498       0x14 ./Drivers/STM32F4xx_HAL_Driver/Src/stm32f4xx_hal_tim_ex.o
                0x0000000008006498                HAL_TIMEx_CommutCallback
 .text.HAL_TIMEx_BreakCallback
                0x00000000080064ac       0x14 ./Drivers/STM32F4xx_HAL_Driver/Src/stm32f4xx_hal_tim_ex.o
                0x00000000080064ac                HAL_TIMEx_BreakCallback
 .text.USB_CoreInit
                0x00000000080064c0       0xc2 ./Drivers/STM32F4xx_HAL_Driver/Src/stm32f4xx_ll_usb.o
                0x00000000080064c0                USB_CoreInit
 *fill*         0x0000000008006582        0x2 
 .text.USB_SetTurnaroundTime
                0x0000000008006584      0x144 ./Drivers/STM32F4xx_HAL_Driver/Src/stm32f4xx_ll_usb.o
                0x0000000008006584                USB_SetTurnaroundTime
 .text.USB_EnableGlobalInt
                0x00000000080066c8       0x22 ./Drivers/STM32F4xx_HAL_Driver/Src/stm32f4xx_ll_usb.o
                0x00000000080066c8                USB_EnableGlobalInt
 .text.USB_DisableGlobalInt
                0x00000000080066ea       0x22 ./Drivers/STM32F4xx_HAL_Driver/Src/stm32f4xx_ll_usb.o
                0x00000000080066ea                USB_DisableGlobalInt
 .text.USB_SetCurrentMode
                0x000000000800670c       0x98 ./Drivers/STM32F4xx_HAL_Driver/Src/stm32f4xx_ll_usb.o
                0x000000000800670c                USB_SetCurrentMode
 .text.USB_DevInit
                0x00000000080067a4      0x2c8 ./Drivers/STM32F4xx_HAL_Driver/Src/stm32f4xx_ll_usb.o
                0x00000000080067a4                USB_DevInit
 .text.USB_FlushTxFifo
                0x0000000008006a6c       0x68 ./Drivers/STM32F4xx_HAL_Driver/Src/stm32f4xx_ll_usb.o
                0x0000000008006a6c                USB_FlushTxFifo
 .text.USB_FlushRxFifo
                0x0000000008006ad4       0x60 ./Drivers/STM32F4xx_HAL_Driver/Src/stm32f4xx_ll_usb.o
                0x0000000008006ad4                USB_FlushRxFifo
 .text.USB_SetDevSpeed
                0x0000000008006b34       0x32 ./Drivers/STM32F4xx_HAL_Driver/Src/stm32f4xx_ll_usb.o
                0x0000000008006b34                USB_SetDevSpeed
 .text.USB_GetDevSpeed
                0x0000000008006b66       0x4a ./Drivers/STM32F4xx_HAL_Driver/Src/stm32f4xx_ll_usb.o
                0x0000000008006b66                USB_GetDevSpeed
 .text.USB_ActivateEndpoint
                0x0000000008006bb0      0x10e ./Drivers/STM32F4xx_HAL_Driver/Src/stm32f4xx_ll_usb.o
                0x0000000008006bb0                USB_ActivateEndpoint
 *fill*         0x0000000008006cbe        0x2 
 .text.USB_DeactivateEndpoint
                0x0000000008006cc0      0x1b8 ./Drivers/STM32F4xx_HAL_Driver/Src/stm32f4xx_ll_usb.o
                0x0000000008006cc0                USB_DeactivateEndpoint
 .text.USB_EPStartXfer
                0x0000000008006e78      0x490 ./Drivers/STM32F4xx_HAL_Driver/Src/stm32f4xx_ll_usb.o
                0x0000000008006e78                USB_EPStartXfer
 .text.USB_EP0StartXfer
                0x0000000008007308      0x2b0 ./Drivers/STM32F4xx_HAL_Driver/Src/stm32f4xx_ll_usb.o
                0x0000000008007308                USB_EP0StartXfer
 .text.USB_EPStopXfer
                0x00000000080075b8      0x154 ./Drivers/STM32F4xx_HAL_Driver/Src/stm32f4xx_ll_usb.o
                0x00000000080075b8                USB_EPStopXfer
 .text.USB_WritePacket
                0x000000000800770c       0x7c ./Drivers/STM32F4xx_HAL_Driver/Src/stm32f4xx_ll_usb.o
                0x000000000800770c                USB_WritePacket
 .text.USB_ReadPacket
                0x0000000008007788       0xb0 ./Drivers/STM32F4xx_HAL_Driver/Src/stm32f4xx_ll_usb.o
                0x0000000008007788                USB_ReadPacket
 .text.USB_EPSetStall
                0x0000000008007838       0xdc ./Drivers/STM32F4xx_HAL_Driver/Src/stm32f4xx_ll_usb.o
                0x0000000008007838                USB_EPSetStall
 .text.USB_EPClearStall
                0x0000000008007914       0xcc ./Drivers/STM32F4xx_HAL_Driver/Src/stm32f4xx_ll_usb.o
                0x0000000008007914                USB_EPClearStall
 .text.USB_SetDevAddress
                0x00000000080079e0       0x4c ./Drivers/STM32F4xx_HAL_Driver/Src/stm32f4xx_ll_usb.o
                0x00000000080079e0                USB_SetDevAddress
 .text.USB_DevConnect
                0x0000000008007a2c       0x42 ./Drivers/STM32F4xx_HAL_Driver/Src/stm32f4xx_ll_usb.o
                0x0000000008007a2c                USB_DevConnect
 .text.USB_DevDisconnect
                0x0000000008007a6e       0x42 ./Drivers/STM32F4xx_HAL_Driver/Src/stm32f4xx_ll_usb.o
                0x0000000008007a6e                USB_DevDisconnect
 .text.USB_ReadInterrupts
                0x0000000008007ab0       0x26 ./Drivers/STM32F4xx_HAL_Driver/Src/stm32f4xx_ll_usb.o
                0x0000000008007ab0                USB_ReadInterrupts
 .text.USB_ReadDevAllOutEpInterrupt
                0x0000000008007ad6       0x34 ./Drivers/STM32F4xx_HAL_Driver/Src/stm32f4xx_ll_usb.o
                0x0000000008007ad6                USB_ReadDevAllOutEpInterrupt
 .text.USB_ReadDevAllInEpInterrupt
                0x0000000008007b0a       0x34 ./Drivers/STM32F4xx_HAL_Driver/Src/stm32f4xx_ll_usb.o
                0x0000000008007b0a                USB_ReadDevAllInEpInterrupt
 .text.USB_ReadDevOutEPInterrupt
                0x0000000008007b3e       0x3c ./Drivers/STM32F4xx_HAL_Driver/Src/stm32f4xx_ll_usb.o
                0x0000000008007b3e                USB_ReadDevOutEPInterrupt
 .text.USB_ReadDevInEPInterrupt
                0x0000000008007b7a       0x5c ./Drivers/STM32F4xx_HAL_Driver/Src/stm32f4xx_ll_usb.o
                0x0000000008007b7a                USB_ReadDevInEPInterrupt
 .text.USB_GetMode
                0x0000000008007bd6       0x1c ./Drivers/STM32F4xx_HAL_Driver/Src/stm32f4xx_ll_usb.o
                0x0000000008007bd6                USB_GetMode
 .text.USB_ActivateSetup
                0x0000000008007bf2       0x46 ./Drivers/STM32F4xx_HAL_Driver/Src/stm32f4xx_ll_usb.o
                0x0000000008007bf2                USB_ActivateSetup
 .text.USB_EP0_OutStart
                0x0000000008007c38       0xbc ./Drivers/STM32F4xx_HAL_Driver/Src/stm32f4xx_ll_usb.o
                0x0000000008007c38                USB_EP0_OutStart
 .text.USB_CoreReset
                0x0000000008007cf4       0x68 ./Drivers/STM32F4xx_HAL_Driver/Src/stm32f4xx_ll_usb.o
 .text.USBD_CDC_Init
                0x0000000008007d5c      0x1f0 ./Middlewares/ST/STM32_USB_Device_Library/Class/CDC/Src/usbd_cdc.o
 .text.USBD_CDC_DeInit
                0x0000000008007f4c      0x104 ./Middlewares/ST/STM32_USB_Device_Library/Class/CDC/Src/usbd_cdc.o
 .text.USBD_CDC_Setup
                0x0000000008008050      0x1b8 ./Middlewares/ST/STM32_USB_Device_Library/Class/CDC/Src/usbd_cdc.o
 .text.USBD_CDC_DataIn
                0x0000000008008208       0xfe ./Middlewares/ST/STM32_USB_Device_Library/Class/CDC/Src/usbd_cdc.o
 .text.USBD_CDC_DataOut
                0x0000000008008306       0x70 ./Middlewares/ST/STM32_USB_Device_Library/Class/CDC/Src/usbd_cdc.o
 .text.USBD_CDC_EP0_RxReady
                0x0000000008008376       0x76 ./Middlewares/ST/STM32_USB_Device_Library/Class/CDC/Src/usbd_cdc.o
 .text.USBD_CDC_GetFSCfgDesc
                0x00000000080083ec       0x70 ./Middlewares/ST/STM32_USB_Device_Library/Class/CDC/Src/usbd_cdc.o
 .text.USBD_CDC_GetHSCfgDesc
                0x000000000800845c       0x70 ./Middlewares/ST/STM32_USB_Device_Library/Class/CDC/Src/usbd_cdc.o
 .text.USBD_CDC_GetOtherSpeedCfgDesc
                0x00000000080084cc       0x70 ./Middlewares/ST/STM32_USB_Device_Library/Class/CDC/Src/usbd_cdc.o
 .text.USBD_CDC_GetDeviceQualifierDescriptor
                0x000000000800853c       0x20 ./Middlewares/ST/STM32_USB_Device_Library/Class/CDC/Src/usbd_cdc.o
                0x000000000800853c                USBD_CDC_GetDeviceQualifierDescriptor
 .text.USBD_CDC_RegisterInterface
                0x000000000800855c       0x34 ./Middlewares/ST/STM32_USB_Device_Library/Class/CDC/Src/usbd_cdc.o
                0x000000000800855c                USBD_CDC_RegisterInterface
 .text.USBD_CDC_SetTxBuffer
                0x0000000008008590       0x44 ./Middlewares/ST/STM32_USB_Device_Library/Class/CDC/Src/usbd_cdc.o
                0x0000000008008590                USBD_CDC_SetTxBuffer
 .text.USBD_CDC_SetRxBuffer
                0x00000000080085d4       0x3a ./Middlewares/ST/STM32_USB_Device_Library/Class/CDC/Src/usbd_cdc.o
                0x00000000080085d4                USBD_CDC_SetRxBuffer
 *fill*         0x000000000800860e        0x2 
 .text.USBD_CDC_TransmitPacket
                0x0000000008008610       0x8c ./Middlewares/ST/STM32_USB_Device_Library/Class/CDC/Src/usbd_cdc.o
                0x0000000008008610                USBD_CDC_TransmitPacket
 .text.USBD_CDC_ReceivePacket
                0x000000000800869c       0x6c ./Middlewares/ST/STM32_USB_Device_Library/Class/CDC/Src/usbd_cdc.o
                0x000000000800869c                USBD_CDC_ReceivePacket
 .text.USBD_Init
                0x0000000008008708       0x7c ./Middlewares/ST/STM32_USB_Device_Library/Core/Src/usbd_core.o
                0x0000000008008708                USBD_Init
 .text.USBD_RegisterClass
                0x0000000008008784       0x88 ./Middlewares/ST/STM32_USB_Device_Library/Core/Src/usbd_core.o
                0x0000000008008784                USBD_RegisterClass
 .text.USBD_Start
                0x000000000800880c       0x18 ./Middlewares/ST/STM32_USB_Device_Library/Core/Src/usbd_core.o
                0x000000000800880c                USBD_Start
 .text.USBD_RunTestMode
                0x0000000008008824       0x16 ./Middlewares/ST/STM32_USB_Device_Library/Core/Src/usbd_core.o
                0x0000000008008824                USBD_RunTestMode
 .text.USBD_SetClassConfig
                0x000000000800883a       0x38 ./Middlewares/ST/STM32_USB_Device_Library/Core/Src/usbd_core.o
                0x000000000800883a                USBD_SetClassConfig
 .text.USBD_ClrClassConfig
                0x0000000008008872       0x34 ./Middlewares/ST/STM32_USB_Device_Library/Core/Src/usbd_core.o
                0x0000000008008872                USBD_ClrClassConfig
 .text.USBD_LL_SetupStage
                0x00000000080088a6       0xaa ./Middlewares/ST/STM32_USB_Device_Library/Core/Src/usbd_core.o
                0x00000000080088a6                USBD_LL_SetupStage
 .text.USBD_LL_DataOutStage
                0x0000000008008950      0x166 ./Middlewares/ST/STM32_USB_Device_Library/Core/Src/usbd_core.o
                0x0000000008008950                USBD_LL_DataOutStage
 .text.USBD_LL_DataInStage
                0x0000000008008ab6      0x164 ./Middlewares/ST/STM32_USB_Device_Library/Core/Src/usbd_core.o
                0x0000000008008ab6                USBD_LL_DataInStage
 .text.USBD_LL_Reset
                0x0000000008008c1a       0xa4 ./Middlewares/ST/STM32_USB_Device_Library/Core/Src/usbd_core.o
                0x0000000008008c1a                USBD_LL_Reset
 .text.USBD_LL_SetSpeed
                0x0000000008008cbe       0x20 ./Middlewares/ST/STM32_USB_Device_Library/Core/Src/usbd_core.o
                0x0000000008008cbe                USBD_LL_SetSpeed
 .text.USBD_LL_Suspend
                0x0000000008008cde       0x2c ./Middlewares/ST/STM32_USB_Device_Library/Core/Src/usbd_core.o
                0x0000000008008cde                USBD_LL_Suspend
 .text.USBD_LL_Resume
                0x0000000008008d0a       0x30 ./Middlewares/ST/STM32_USB_Device_Library/Core/Src/usbd_core.o
                0x0000000008008d0a                USBD_LL_Resume
 .text.USBD_LL_SOF
                0x0000000008008d3a       0x40 ./Middlewares/ST/STM32_USB_Device_Library/Core/Src/usbd_core.o
                0x0000000008008d3a                USBD_LL_SOF
 .text.USBD_LL_IsoINIncomplete
                0x0000000008008d7a       0x64 ./Middlewares/ST/STM32_USB_Device_Library/Core/Src/usbd_core.o
                0x0000000008008d7a                USBD_LL_IsoINIncomplete
 .text.USBD_LL_IsoOUTIncomplete
                0x0000000008008dde       0x64 ./Middlewares/ST/STM32_USB_Device_Library/Core/Src/usbd_core.o
                0x0000000008008dde                USBD_LL_IsoOUTIncomplete
 .text.USBD_LL_DevConnected
                0x0000000008008e42       0x16 ./Middlewares/ST/STM32_USB_Device_Library/Core/Src/usbd_core.o
                0x0000000008008e42                USBD_LL_DevConnected
 .text.USBD_LL_DevDisconnected
                0x0000000008008e58       0x46 ./Middlewares/ST/STM32_USB_Device_Library/Core/Src/usbd_core.o
                0x0000000008008e58                USBD_LL_DevDisconnected
 .text.USBD_CoreFindIF
                0x0000000008008e9e       0x1a ./Middlewares/ST/STM32_USB_Device_Library/Core/Src/usbd_core.o
                0x0000000008008e9e                USBD_CoreFindIF
 .text.USBD_CoreFindEP
                0x0000000008008eb8       0x1a ./Middlewares/ST/STM32_USB_Device_Library/Core/Src/usbd_core.o
                0x0000000008008eb8                USBD_CoreFindEP
 .text.USBD_GetEpDesc
                0x0000000008008ed2       0x74 ./Middlewares/ST/STM32_USB_Device_Library/Core/Src/usbd_core.o
                0x0000000008008ed2                USBD_GetEpDesc
 .text.USBD_GetNextDesc
                0x0000000008008f46       0x3a ./Middlewares/ST/STM32_USB_Device_Library/Core/Src/usbd_core.o
                0x0000000008008f46                USBD_GetNextDesc
 .text.SWAPBYTE
                0x0000000008008f80       0x3c ./Middlewares/ST/STM32_USB_Device_Library/Core/Src/usbd_ctlreq.o
 .text.USBD_StdDevReq
                0x0000000008008fbc       0xe4 ./Middlewares/ST/STM32_USB_Device_Library/Core/Src/usbd_ctlreq.o
                0x0000000008008fbc                USBD_StdDevReq
 .text.USBD_StdItfReq
                0x00000000080090a0       0xd8 ./Middlewares/ST/STM32_USB_Device_Library/Core/Src/usbd_ctlreq.o
                0x00000000080090a0                USBD_StdItfReq
 .text.USBD_StdEPReq
                0x0000000008009178      0x33a ./Middlewares/ST/STM32_USB_Device_Library/Core/Src/usbd_ctlreq.o
                0x0000000008009178                USBD_StdEPReq
 *fill*         0x00000000080094b2        0x2 
 .text.USBD_GetDescriptor
                0x00000000080094b4      0x2d4 ./Middlewares/ST/STM32_USB_Device_Library/Core/Src/usbd_ctlreq.o
 .text.USBD_SetAddress
                0x0000000008009788       0x88 ./Middlewares/ST/STM32_USB_Device_Library/Core/Src/usbd_ctlreq.o
 .text.USBD_SetConfig
                0x0000000008009810      0x154 ./Middlewares/ST/STM32_USB_Device_Library/Core/Src/usbd_ctlreq.o
 .text.USBD_GetConfig
                0x0000000008009964       0x6c ./Middlewares/ST/STM32_USB_Device_Library/Core/Src/usbd_ctlreq.o
 .text.USBD_GetStatus
                0x00000000080099d0       0x68 ./Middlewares/ST/STM32_USB_Device_Library/Core/Src/usbd_ctlreq.o
 .text.USBD_SetFeature
                0x0000000008009a38       0x52 ./Middlewares/ST/STM32_USB_Device_Library/Core/Src/usbd_ctlreq.o
 .text.USBD_ClrFeature
                0x0000000008009a8a       0x44 ./Middlewares/ST/STM32_USB_Device_Library/Core/Src/usbd_ctlreq.o
 .text.USBD_ParseSetupRequest
                0x0000000008009ace       0x74 ./Middlewares/ST/STM32_USB_Device_Library/Core/Src/usbd_ctlreq.o
                0x0000000008009ace                USBD_ParseSetupRequest
 .text.USBD_CtlError
                0x0000000008009b42       0x22 ./Middlewares/ST/STM32_USB_Device_Library/Core/Src/usbd_ctlreq.o
                0x0000000008009b42                USBD_CtlError
 .text.USBD_GetString
                0x0000000008009b64       0x8c ./Middlewares/ST/STM32_USB_Device_Library/Core/Src/usbd_ctlreq.o
                0x0000000008009b64                USBD_GetString
 .text.USBD_GetLen
                0x0000000008009bf0       0x34 ./Middlewares/ST/STM32_USB_Device_Library/Core/Src/usbd_ctlreq.o
 .text.USBD_CtlSendData
                0x0000000008009c24       0x36 ./Middlewares/ST/STM32_USB_Device_Library/Core/Src/usbd_ioreq.o
                0x0000000008009c24                USBD_CtlSendData
 .text.USBD_CtlContinueSendData
                0x0000000008009c5a       0x22 ./Middlewares/ST/STM32_USB_Device_Library/Core/Src/usbd_ioreq.o
                0x0000000008009c5a                USBD_CtlContinueSendData
 .text.USBD_CtlPrepareRx
                0x0000000008009c7c       0x3a ./Middlewares/ST/STM32_USB_Device_Library/Core/Src/usbd_ioreq.o
                0x0000000008009c7c                USBD_CtlPrepareRx
 .text.USBD_CtlContinueRx
                0x0000000008009cb6       0x22 ./Middlewares/ST/STM32_USB_Device_Library/Core/Src/usbd_ioreq.o
                0x0000000008009cb6                USBD_CtlContinueRx
 .text.USBD_CtlSendStatus
                0x0000000008009cd8       0x26 ./Middlewares/ST/STM32_USB_Device_Library/Core/Src/usbd_ioreq.o
                0x0000000008009cd8                USBD_CtlSendStatus
 .text.USBD_CtlReceiveStatus
                0x0000000008009cfe       0x26 ./Middlewares/ST/STM32_USB_Device_Library/Core/Src/usbd_ioreq.o
                0x0000000008009cfe                USBD_CtlReceiveStatus
 .text.makeFreeRtosPriority
                0x0000000008009d24       0x30 ./Middlewares/Third_Party/FreeRTOS/Source/CMSIS_RTOS/cmsis_os.o
 .text.osKernelStart
                0x0000000008009d54        0xe ./Middlewares/Third_Party/FreeRTOS/Source/CMSIS_RTOS/cmsis_os.o
                0x0000000008009d54                osKernelStart
 .text.osThreadCreate
                0x0000000008009d62       0x98 ./Middlewares/Third_Party/FreeRTOS/Source/CMSIS_RTOS/cmsis_os.o
                0x0000000008009d62                osThreadCreate
 .text.osDelay  0x0000000008009dfa       0x28 ./Middlewares/Third_Party/FreeRTOS/Source/CMSIS_RTOS/cmsis_os.o
                0x0000000008009dfa                osDelay
 .text.vListInitialise
                0x0000000008009e22       0x40 ./Middlewares/Third_Party/FreeRTOS/Source/list.o
                0x0000000008009e22                vListInitialise
 .text.vListInitialiseItem
                0x0000000008009e62       0x1a ./Middlewares/Third_Party/FreeRTOS/Source/list.o
                0x0000000008009e62                vListInitialiseItem
 .text.vListInsertEnd
                0x0000000008009e7c       0x48 ./Middlewares/Third_Party/FreeRTOS/Source/list.o
                0x0000000008009e7c                vListInsertEnd
 .text.vListInsert
                0x0000000008009ec4       0x72 ./Middlewares/Third_Party/FreeRTOS/Source/list.o
                0x0000000008009ec4                vListInsert
 .text.uxListRemove
                0x0000000008009f36       0x54 ./Middlewares/Third_Party/FreeRTOS/Source/list.o
                0x0000000008009f36                uxListRemove
 .text.xTaskCreateStatic
                0x0000000008009f8a       0xba ./Middlewares/Third_Party/FreeRTOS/Source/tasks.o
                0x0000000008009f8a                xTaskCreateStatic
 .text.xTaskCreate
                0x000000000800a044       0x8a ./Middlewares/Third_Party/FreeRTOS/Source/tasks.o
                0x000000000800a044                xTaskCreate
 .text.prvInitialiseNewTask
                0x000000000800a0ce      0x10e ./Middlewares/Third_Party/FreeRTOS/Source/tasks.o
 .text.prvAddNewTaskToReadyList
                0x000000000800a1dc       0xd4 ./Middlewares/Third_Party/FreeRTOS/Source/tasks.o
 .text.vTaskDelay
                0x000000000800a2b0       0x68 ./Middlewares/Third_Party/FreeRTOS/Source/tasks.o
                0x000000000800a2b0                vTaskDelay
 .text.vTaskStartScheduler
                0x000000000800a318       0xc0 ./Middlewares/Third_Party/FreeRTOS/Source/tasks.o
                0x000000000800a318                vTaskStartScheduler
 .text.vTaskSuspendAll
                0x000000000800a3d8       0x1c ./Middlewares/Third_Party/FreeRTOS/Source/tasks.o
                0x000000000800a3d8                vTaskSuspendAll
 .text.xTaskResumeAll
                0x000000000800a3f4      0x138 ./Middlewares/Third_Party/FreeRTOS/Source/tasks.o
                0x000000000800a3f4                xTaskResumeAll
 .text.xTaskIncrementTick
                0x000000000800a52c      0x170 ./Middlewares/Third_Party/FreeRTOS/Source/tasks.o
                0x000000000800a52c                xTaskIncrementTick
 .text.vTaskSwitchContext
                0x000000000800a69c       0xb8 ./Middlewares/Third_Party/FreeRTOS/Source/tasks.o
                0x000000000800a69c                vTaskSwitchContext
 .text.prvIdleTask
                0x000000000800a754       0x30 ./Middlewares/Third_Party/FreeRTOS/Source/tasks.o
 .text.prvInitialiseTaskLists
                0x000000000800a784       0x80 ./Middlewares/Third_Party/FreeRTOS/Source/tasks.o
 .text.prvCheckTasksWaitingTermination
                0x000000000800a804       0x5c ./Middlewares/Third_Party/FreeRTOS/Source/tasks.o
 .text.prvDeleteTCB
                0x000000000800a860       0x5e ./Middlewares/Third_Party/FreeRTOS/Source/tasks.o
 *fill*         0x000000000800a8be        0x2 
 .text.prvResetNextTaskUnblockTime
                0x000000000800a8c0       0x40 ./Middlewares/Third_Party/FreeRTOS/Source/tasks.o
 .text.prvAddCurrentTaskToDelayedList
                0x000000000800a900       0xcc ./Middlewares/Third_Party/FreeRTOS/Source/tasks.o
 .text.pxPortInitialiseStack
                0x000000000800a9cc       0x68 ./Middlewares/Third_Party/FreeRTOS/Source/portable/GCC/ARM_CM4F/port.o
                0x000000000800a9cc                pxPortInitialiseStack
 .text.prvTaskExitError
                0x000000000800aa34       0x58 ./Middlewares/Third_Party/FreeRTOS/Source/portable/GCC/ARM_CM4F/port.o
 *fill*         0x000000000800aa8c        0x4 
 .text.SVC_Handler
                0x000000000800aa90       0x28 ./Middlewares/Third_Party/FreeRTOS/Source/portable/GCC/ARM_CM4F/port.o
                0x000000000800aa90                SVC_Handler
 .text.prvPortStartFirstTask
                0x000000000800aab8       0x28 ./Middlewares/Third_Party/FreeRTOS/Source/portable/GCC/ARM_CM4F/port.o
 .text.xPortStartScheduler
                0x000000000800aae0      0x144 ./Middlewares/Third_Party/FreeRTOS/Source/portable/GCC/ARM_CM4F/port.o
                0x000000000800aae0                xPortStartScheduler
 .text.vPortEnterCritical
                0x000000000800ac24       0x60 ./Middlewares/Third_Party/FreeRTOS/Source/portable/GCC/ARM_CM4F/port.o
                0x000000000800ac24                vPortEnterCritical
 .text.vPortExitCritical
                0x000000000800ac84       0x54 ./Middlewares/Third_Party/FreeRTOS/Source/portable/GCC/ARM_CM4F/port.o
                0x000000000800ac84                vPortExitCritical
 *fill*         0x000000000800acd8        0x8 
 .text.PendSV_Handler
                0x000000000800ace0       0x68 ./Middlewares/Third_Party/FreeRTOS/Source/portable/GCC/ARM_CM4F/port.o
                0x000000000800ace0                PendSV_Handler
 .text.SysTick_Handler
                0x000000000800ad48       0x44 ./Middlewares/Third_Party/FreeRTOS/Source/portable/GCC/ARM_CM4F/port.o
                0x000000000800ad48                SysTick_Handler
 .text.vPortSetupTimerInterrupt
                0x000000000800ad8c       0x48 ./Middlewares/Third_Party/FreeRTOS/Source/portable/GCC/ARM_CM4F/port.o
                0x000000000800ad8c                vPortSetupTimerInterrupt
 .text.vPortEnableVFP
                0x000000000800add4       0x14 ./Middlewares/Third_Party/FreeRTOS/Source/portable/GCC/ARM_CM4F/port.o
 .text.pvPortMalloc
                0x000000000800ade8      0x198 ./Middlewares/Third_Party/FreeRTOS/Source/portable/MemMang/heap_4.o
                0x000000000800ade8                pvPortMalloc
 .text.vPortFree
                0x000000000800af80       0xc4 ./Middlewares/Third_Party/FreeRTOS/Source/portable/MemMang/heap_4.o
                0x000000000800af80                vPortFree
 .text.prvHeapInit
                0x000000000800b044       0xc4 ./Middlewares/Third_Party/FreeRTOS/Source/portable/MemMang/heap_4.o
 .text.prvInsertBlockIntoFreeList
                0x000000000800b108       0xb4 ./Middlewares/Third_Party/FreeRTOS/Source/portable/MemMang/heap_4.o
 .text.MX_USB_DEVICE_Init
                0x000000000800b1bc       0x60 ./USB_DEVICE/App/usb_device.o
                0x000000000800b1bc                MX_USB_DEVICE_Init
 .text.CDC_Init_FS
                0x000000000800b21c       0x28 ./USB_DEVICE/App/usbd_cdc_if.o
 .text.CDC_DeInit_FS
                0x000000000800b244       0x10 ./USB_DEVICE/App/usbd_cdc_if.o
 .text.CDC_Control_FS
                0x000000000800b254       0xbc ./USB_DEVICE/App/usbd_cdc_if.o
 .text.CDC_Receive_FS
                0x000000000800b310       0x4c ./USB_DEVICE/App/usbd_cdc_if.o
 .text.CDC_Transmit_FS
                0x000000000800b35c       0x4c ./USB_DEVICE/App/usbd_cdc_if.o
                0x000000000800b35c                CDC_Transmit_FS
 .text.CDC_TransmitCplt_FS
                0x000000000800b3a8       0x22 ./USB_DEVICE/App/usbd_cdc_if.o
 *fill*         0x000000000800b3ca        0x2 
 .text.USBD_FS_DeviceDescriptor
                0x000000000800b3cc       0x24 ./USB_DEVICE/App/usbd_desc.o
                0x000000000800b3cc                USBD_FS_DeviceDescriptor
 .text.USBD_FS_LangIDStrDescriptor
                0x000000000800b3f0       0x24 ./USB_DEVICE/App/usbd_desc.o
                0x000000000800b3f0                USBD_FS_LangIDStrDescriptor
 .text.USBD_FS_ProductStrDescriptor
                0x000000000800b414       0x3c ./USB_DEVICE/App/usbd_desc.o
                0x000000000800b414                USBD_FS_ProductStrDescriptor
 .text.USBD_FS_ManufacturerStrDescriptor
                0x000000000800b450       0x28 ./USB_DEVICE/App/usbd_desc.o
                0x000000000800b450                USBD_FS_ManufacturerStrDescriptor
 .text.USBD_FS_SerialStrDescriptor
                0x000000000800b478       0x24 ./USB_DEVICE/App/usbd_desc.o
                0x000000000800b478                USBD_FS_SerialStrDescriptor
 .text.USBD_FS_ConfigStrDescriptor
                0x000000000800b49c       0x3c ./USB_DEVICE/App/usbd_desc.o
                0x000000000800b49c                USBD_FS_ConfigStrDescriptor
 .text.USBD_FS_InterfaceStrDescriptor
                0x000000000800b4d8       0x3c ./USB_DEVICE/App/usbd_desc.o
                0x000000000800b4d8                USBD_FS_InterfaceStrDescriptor
 .text.Get_SerialNum
                0x000000000800b514       0x58 ./USB_DEVICE/App/usbd_desc.o
 .text.IntToUnicode
                0x000000000800b56c       0x7e ./USB_DEVICE/App/usbd_desc.o
 *fill*         0x000000000800b5ea        0x2 
 .text.HAL_PCD_MspInit
                0x000000000800b5ec       0xa8 ./USB_DEVICE/Target/usbd_conf.o
                0x000000000800b5ec                HAL_PCD_MspInit
 .text.HAL_PCD_SetupStageCallback
                0x000000000800b694       0x24 ./USB_DEVICE/Target/usbd_conf.o
                0x000000000800b694                HAL_PCD_SetupStageCallback
 .text.HAL_PCD_DataOutStageCallback
                0x000000000800b6b8       0x36 ./USB_DEVICE/Target/usbd_conf.o
                0x000000000800b6b8                HAL_PCD_DataOutStageCallback
 .text.HAL_PCD_DataInStageCallback
                0x000000000800b6ee       0x34 ./USB_DEVICE/Target/usbd_conf.o
                0x000000000800b6ee                HAL_PCD_DataInStageCallback
 .text.HAL_PCD_SOFCallback
                0x000000000800b722       0x1c ./USB_DEVICE/Target/usbd_conf.o
                0x000000000800b722                HAL_PCD_SOFCallback
 .text.HAL_PCD_ResetCallback
                0x000000000800b73e       0x50 ./USB_DEVICE/Target/usbd_conf.o
                0x000000000800b73e                HAL_PCD_ResetCallback
 *fill*         0x000000000800b78e        0x2 
 .text.HAL_PCD_SuspendCallback
                0x000000000800b790       0x4c ./USB_DEVICE/Target/usbd_conf.o
                0x000000000800b790                HAL_PCD_SuspendCallback
 .text.HAL_PCD_ResumeCallback
                0x000000000800b7dc       0x1c ./USB_DEVICE/Target/usbd_conf.o
                0x000000000800b7dc                HAL_PCD_ResumeCallback
 .text.HAL_PCD_ISOOUTIncompleteCallback
                0x000000000800b7f8       0x24 ./USB_DEVICE/Target/usbd_conf.o
                0x000000000800b7f8                HAL_PCD_ISOOUTIncompleteCallback
 .text.HAL_PCD_ISOINIncompleteCallback
                0x000000000800b81c       0x24 ./USB_DEVICE/Target/usbd_conf.o
                0x000000000800b81c                HAL_PCD_ISOINIncompleteCallback
 .text.HAL_PCD_ConnectCallback
                0x000000000800b840       0x1c ./USB_DEVICE/Target/usbd_conf.o
                0x000000000800b840                HAL_PCD_ConnectCallback
 .text.HAL_PCD_DisconnectCallback
                0x000000000800b85c       0x1c ./USB_DEVICE/Target/usbd_conf.o
                0x000000000800b85c                HAL_PCD_DisconnectCallback
 .text.USBD_LL_Init
                0x000000000800b878       0x98 ./USB_DEVICE/Target/usbd_conf.o
                0x000000000800b878                USBD_LL_Init
 .text.USBD_LL_Start
                0x000000000800b910       0x36 ./USB_DEVICE/Target/usbd_conf.o
                0x000000000800b910                USBD_LL_Start
 .text.USBD_LL_OpenEP
                0x000000000800b946       0x4c ./USB_DEVICE/Target/usbd_conf.o
                0x000000000800b946                USBD_LL_OpenEP
 .text.USBD_LL_CloseEP
                0x000000000800b992       0x3e ./USB_DEVICE/Target/usbd_conf.o
                0x000000000800b992                USBD_LL_CloseEP
 .text.USBD_LL_StallEP
                0x000000000800b9d0       0x3e ./USB_DEVICE/Target/usbd_conf.o
                0x000000000800b9d0                USBD_LL_StallEP
 .text.USBD_LL_ClearStallEP
                0x000000000800ba0e       0x3e ./USB_DEVICE/Target/usbd_conf.o
                0x000000000800ba0e                USBD_LL_ClearStallEP
 .text.USBD_LL_IsStallEP
                0x000000000800ba4c       0x58 ./USB_DEVICE/Target/usbd_conf.o
                0x000000000800ba4c                USBD_LL_IsStallEP
 .text.USBD_LL_SetUSBAddress
                0x000000000800baa4       0x3e ./USB_DEVICE/Target/usbd_conf.o
                0x000000000800baa4                USBD_LL_SetUSBAddress
 .text.USBD_LL_Transmit
                0x000000000800bae2       0x42 ./USB_DEVICE/Target/usbd_conf.o
                0x000000000800bae2                USBD_LL_Transmit
 .text.USBD_LL_PrepareReceive
                0x000000000800bb24       0x42 ./USB_DEVICE/Target/usbd_conf.o
                0x000000000800bb24                USBD_LL_PrepareReceive
 .text.USBD_LL_GetRxDataSize
                0x000000000800bb66       0x26 ./USB_DEVICE/Target/usbd_conf.o
                0x000000000800bb66                USBD_LL_GetRxDataSize
 .text.USBD_static_malloc
                0x000000000800bb8c       0x1c ./USB_DEVICE/Target/usbd_conf.o
                0x000000000800bb8c                USBD_static_malloc
 .text.USBD_static_free
                0x000000000800bba8       0x14 ./USB_DEVICE/Target/usbd_conf.o
                0x000000000800bba8                USBD_static_free
 .text.USBD_Get_USB_Status
                0x000000000800bbbc       0x58 ./USB_DEVICE/Target/usbd_conf.o
                0x000000000800bbbc                USBD_Get_USB_Status
 .text.std      0x000000000800bc14       0x6c H:/STM32CubeIDE_1.13.2/STM32CubeIDE/plugins/com.st.stm32cube.ide.mcu.externaltools.gnu-tools-for-stm32.11.3.rel1.win32_1.1.1.202309131626/tools/bin/../lib/gcc/arm-none-eabi/11.3.1/../../../../arm-none-eabi/lib/thumb/v7e-m+fp/hard\libc_nano.a(libc_a-findfp.o)
 .text.stdio_exit_handler
                0x000000000800bc80       0x18 H:/STM32CubeIDE_1.13.2/STM32CubeIDE/plugins/com.st.stm32cube.ide.mcu.externaltools.gnu-tools-for-stm32.11.3.rel1.win32_1.1.1.202309131626/tools/bin/../lib/gcc/arm-none-eabi/11.3.1/../../../../arm-none-eabi/lib/thumb/v7e-m+fp/hard\libc_nano.a(libc_a-findfp.o)
 .text.cleanup_stdio
                0x000000000800bc98       0x40 H:/STM32CubeIDE_1.13.2/STM32CubeIDE/plugins/com.st.stm32cube.ide.mcu.externaltools.gnu-tools-for-stm32.11.3.rel1.win32_1.1.1.202309131626/tools/bin/../lib/gcc/arm-none-eabi/11.3.1/../../../../arm-none-eabi/lib/thumb/v7e-m+fp/hard\libc_nano.a(libc_a-findfp.o)
 .text.global_stdio_init.part.0
                0x000000000800bcd8       0x3c H:/STM32CubeIDE_1.13.2/STM32CubeIDE/plugins/com.st.stm32cube.ide.mcu.externaltools.gnu-tools-for-stm32.11.3.rel1.win32_1.1.1.202309131626/tools/bin/../lib/gcc/arm-none-eabi/11.3.1/../../../../arm-none-eabi/lib/thumb/v7e-m+fp/hard\libc_nano.a(libc_a-findfp.o)
 .text.__sfp_lock_acquire
                0x000000000800bd14        0xc H:/STM32CubeIDE_1.13.2/STM32CubeIDE/plugins/com.st.stm32cube.ide.mcu.externaltools.gnu-tools-for-stm32.11.3.rel1.win32_1.1.1.202309131626/tools/bin/../lib/gcc/arm-none-eabi/11.3.1/../../../../arm-none-eabi/lib/thumb/v7e-m+fp/hard\libc_nano.a(libc_a-findfp.o)
                0x000000000800bd14                __sfp_lock_acquire
 .text.__sfp_lock_release
                0x000000000800bd20        0xc H:/STM32CubeIDE_1.13.2/STM32CubeIDE/plugins/com.st.stm32cube.ide.mcu.externaltools.gnu-tools-for-stm32.11.3.rel1.win32_1.1.1.202309131626/tools/bin/../lib/gcc/arm-none-eabi/11.3.1/../../../../arm-none-eabi/lib/thumb/v7e-m+fp/hard\libc_nano.a(libc_a-findfp.o)
                0x000000000800bd20                __sfp_lock_release
 .text.__sinit  0x000000000800bd2c       0x30 H:/STM32CubeIDE_1.13.2/STM32CubeIDE/plugins/com.st.stm32cube.ide.mcu.externaltools.gnu-tools-for-stm32.11.3.rel1.win32_1.1.1.202309131626/tools/bin/../lib/gcc/arm-none-eabi/11.3.1/../../../../arm-none-eabi/lib/thumb/v7e-m+fp/hard\libc_nano.a(libc_a-findfp.o)
                0x000000000800bd2c                __sinit
 .text._fwalk_sglue
                0x000000000800bd5c       0x3c H:/STM32CubeIDE_1.13.2/STM32CubeIDE/plugins/com.st.stm32cube.ide.mcu.externaltools.gnu-tools-for-stm32.11.3.rel1.win32_1.1.1.202309131626/tools/bin/../lib/gcc/arm-none-eabi/11.3.1/../../../../arm-none-eabi/lib/thumb/v7e-m+fp/hard\libc_nano.a(libc_a-fwalk.o)
                0x000000000800bd5c                _fwalk_sglue
 .text.printf   0x000000000800bd98       0x24 H:/STM32CubeIDE_1.13.2/STM32CubeIDE/plugins/com.st.stm32cube.ide.mcu.externaltools.gnu-tools-for-stm32.11.3.rel1.win32_1.1.1.202309131626/tools/bin/../lib/gcc/arm-none-eabi/11.3.1/../../../../arm-none-eabi/lib/thumb/v7e-m+fp/hard\libc_nano.a(libc_a-printf.o)
                0x000000000800bd98                iprintf
                0x000000000800bd98                printf
 .text.putchar  0x000000000800bdbc       0x10 H:/STM32CubeIDE_1.13.2/STM32CubeIDE/plugins/com.st.stm32cube.ide.mcu.externaltools.gnu-tools-for-stm32.11.3.rel1.win32_1.1.1.202309131626/tools/bin/../lib/gcc/arm-none-eabi/11.3.1/../../../../arm-none-eabi/lib/thumb/v7e-m+fp/hard\libc_nano.a(libc_a-putchar.o)
                0x000000000800bdbc                putchar
 .text.sprintf  0x000000000800bdcc       0x40 H:/STM32CubeIDE_1.13.2/STM32CubeIDE/plugins/com.st.stm32cube.ide.mcu.externaltools.gnu-tools-for-stm32.11.3.rel1.win32_1.1.1.202309131626/tools/bin/../lib/gcc/arm-none-eabi/11.3.1/../../../../arm-none-eabi/lib/thumb/v7e-m+fp/hard\libc_nano.a(libc_a-sprintf.o)
                0x000000000800bdcc                siprintf
                0x000000000800bdcc                sprintf
 .text.__sread  0x000000000800be0c       0x22 H:/STM32CubeIDE_1.13.2/STM32CubeIDE/plugins/com.st.stm32cube.ide.mcu.externaltools.gnu-tools-for-stm32.11.3.rel1.win32_1.1.1.202309131626/tools/bin/../lib/gcc/arm-none-eabi/11.3.1/../../../../arm-none-eabi/lib/thumb/v7e-m+fp/hard\libc_nano.a(libc_a-stdio.o)
                0x000000000800be0c                __sread
 .text.__swrite
                0x000000000800be2e       0x38 H:/STM32CubeIDE_1.13.2/STM32CubeIDE/plugins/com.st.stm32cube.ide.mcu.externaltools.gnu-tools-for-stm32.11.3.rel1.win32_1.1.1.202309131626/tools/bin/../lib/gcc/arm-none-eabi/11.3.1/../../../../arm-none-eabi/lib/thumb/v7e-m+fp/hard\libc_nano.a(libc_a-stdio.o)
                0x000000000800be2e                __swrite
 .text.__sseek  0x000000000800be66       0x24 H:/STM32CubeIDE_1.13.2/STM32CubeIDE/plugins/com.st.stm32cube.ide.mcu.externaltools.gnu-tools-for-stm32.11.3.rel1.win32_1.1.1.202309131626/tools/bin/../lib/gcc/arm-none-eabi/11.3.1/../../../../arm-none-eabi/lib/thumb/v7e-m+fp/hard\libc_nano.a(libc_a-stdio.o)
                0x000000000800be66                __sseek
 .text.__sclose
                0x000000000800be8a        0x8 H:/STM32CubeIDE_1.13.2/STM32CubeIDE/plugins/com.st.stm32cube.ide.mcu.externaltools.gnu-tools-for-stm32.11.3.rel1.win32_1.1.1.202309131626/tools/bin/../lib/gcc/arm-none-eabi/11.3.1/../../../../arm-none-eabi/lib/thumb/v7e-m+fp/hard\libc_nano.a(libc_a-stdio.o)
                0x000000000800be8a                __sclose
 .text.memset   0x000000000800be92       0x10 H:/STM32CubeIDE_1.13.2/STM32CubeIDE/plugins/com.st.stm32cube.ide.mcu.externaltools.gnu-tools-for-stm32.11.3.rel1.win32_1.1.1.202309131626/tools/bin/../lib/gcc/arm-none-eabi/11.3.1/../../../../arm-none-eabi/lib/thumb/v7e-m+fp/hard\libc_nano.a(libc_a-memset.o)
                0x000000000800be92                memset
 .text.strncpy  0x000000000800bea2       0x26 H:/STM32CubeIDE_1.13.2/STM32CubeIDE/plugins/com.st.stm32cube.ide.mcu.externaltools.gnu-tools-for-stm32.11.3.rel1.win32_1.1.1.202309131626/tools/bin/../lib/gcc/arm-none-eabi/11.3.1/../../../../arm-none-eabi/lib/thumb/v7e-m+fp/hard\libc_nano.a(libc_a-strncpy.o)
                0x000000000800bea2                strncpy
 .text._close_r
                0x000000000800bec8       0x20 H:/STM32CubeIDE_1.13.2/STM32CubeIDE/plugins/com.st.stm32cube.ide.mcu.externaltools.gnu-tools-for-stm32.11.3.rel1.win32_1.1.1.202309131626/tools/bin/../lib/gcc/arm-none-eabi/11.3.1/../../../../arm-none-eabi/lib/thumb/v7e-m+fp/hard\libc_nano.a(libc_a-closer.o)
                0x000000000800bec8                _close_r
 .text._lseek_r
                0x000000000800bee8       0x24 H:/STM32CubeIDE_1.13.2/STM32CubeIDE/plugins/com.st.stm32cube.ide.mcu.externaltools.gnu-tools-for-stm32.11.3.rel1.win32_1.1.1.202309131626/tools/bin/../lib/gcc/arm-none-eabi/11.3.1/../../../../arm-none-eabi/lib/thumb/v7e-m+fp/hard\libc_nano.a(libc_a-lseekr.o)
                0x000000000800bee8                _lseek_r
 .text._read_r  0x000000000800bf0c       0x24 H:/STM32CubeIDE_1.13.2/STM32CubeIDE/plugins/com.st.stm32cube.ide.mcu.externaltools.gnu-tools-for-stm32.11.3.rel1.win32_1.1.1.202309131626/tools/bin/../lib/gcc/arm-none-eabi/11.3.1/../../../../arm-none-eabi/lib/thumb/v7e-m+fp/hard\libc_nano.a(libc_a-readr.o)
                0x000000000800bf0c                _read_r
 .text._write_r
                0x000000000800bf30       0x24 H:/STM32CubeIDE_1.13.2/STM32CubeIDE/plugins/com.st.stm32cube.ide.mcu.externaltools.gnu-tools-for-stm32.11.3.rel1.win32_1.1.1.202309131626/tools/bin/../lib/gcc/arm-none-eabi/11.3.1/../../../../arm-none-eabi/lib/thumb/v7e-m+fp/hard\libc_nano.a(libc_a-writer.o)
                0x000000000800bf30                _write_r
 .text.__errno  0x000000000800bf54        0xc H:/STM32CubeIDE_1.13.2/STM32CubeIDE/plugins/com.st.stm32cube.ide.mcu.externaltools.gnu-tools-for-stm32.11.3.rel1.win32_1.1.1.202309131626/tools/bin/../lib/gcc/arm-none-eabi/11.3.1/../../../../arm-none-eabi/lib/thumb/v7e-m+fp/hard\libc_nano.a(libc_a-errno.o)
                0x000000000800bf54                __errno
 .text.__libc_init_array
                0x000000000800bf60       0x48 H:/STM32CubeIDE_1.13.2/STM32CubeIDE/plugins/com.st.stm32cube.ide.mcu.externaltools.gnu-tools-for-stm32.11.3.rel1.win32_1.1.1.202309131626/tools/bin/../lib/gcc/arm-none-eabi/11.3.1/../../../../arm-none-eabi/lib/thumb/v7e-m+fp/hard\libc_nano.a(libc_a-init.o)
                0x000000000800bf60                __libc_init_array
 .text.__retarget_lock_init_recursive
                0x000000000800bfa8        0x2 H:/STM32CubeIDE_1.13.2/STM32CubeIDE/plugins/com.st.stm32cube.ide.mcu.externaltools.gnu-tools-for-stm32.11.3.rel1.win32_1.1.1.202309131626/tools/bin/../lib/gcc/arm-none-eabi/11.3.1/../../../../arm-none-eabi/lib/thumb/v7e-m+fp/hard\libc_nano.a(libc_a-lock.o)
                0x000000000800bfa8                __retarget_lock_init_recursive
 .text.__retarget_lock_acquire_recursive
                0x000000000800bfaa        0x2 H:/STM32CubeIDE_1.13.2/STM32CubeIDE/plugins/com.st.stm32cube.ide.mcu.externaltools.gnu-tools-for-stm32.11.3.rel1.win32_1.1.1.202309131626/tools/bin/../lib/gcc/arm-none-eabi/11.3.1/../../../../arm-none-eabi/lib/thumb/v7e-m+fp/hard\libc_nano.a(libc_a-lock.o)
                0x000000000800bfaa                __retarget_lock_acquire_recursive
 .text.__retarget_lock_release_recursive
                0x000000000800bfac        0x2 H:/STM32CubeIDE_1.13.2/STM32CubeIDE/plugins/com.st.stm32cube.ide.mcu.externaltools.gnu-tools-for-stm32.11.3.rel1.win32_1.1.1.202309131626/tools/bin/../lib/gcc/arm-none-eabi/11.3.1/../../../../arm-none-eabi/lib/thumb/v7e-m+fp/hard\libc_nano.a(libc_a-lock.o)
                0x000000000800bfac                __retarget_lock_release_recursive
 .text.memcpy   0x000000000800bfae       0x1c H:/STM32CubeIDE_1.13.2/STM32CubeIDE/plugins/com.st.stm32cube.ide.mcu.externaltools.gnu-tools-for-stm32.11.3.rel1.win32_1.1.1.202309131626/tools/bin/../lib/gcc/arm-none-eabi/11.3.1/../../../../arm-none-eabi/lib/thumb/v7e-m+fp/hard\libc_nano.a(libc_a-memcpy-stub.o)
                0x000000000800bfae                memcpy
 *fill*         0x000000000800bfca        0x2 
 .text._free_r  0x000000000800bfcc       0x98 H:/STM32CubeIDE_1.13.2/STM32CubeIDE/plugins/com.st.stm32cube.ide.mcu.externaltools.gnu-tools-for-stm32.11.3.rel1.win32_1.1.1.202309131626/tools/bin/../lib/gcc/arm-none-eabi/11.3.1/../../../../arm-none-eabi/lib/thumb/v7e-m+fp/hard\libc_nano.a(libc_a-freer.o)
                0x000000000800bfcc                _free_r
 .text.sbrk_aligned
                0x000000000800c064       0x40 H:/STM32CubeIDE_1.13.2/STM32CubeIDE/plugins/com.st.stm32cube.ide.mcu.externaltools.gnu-tools-for-stm32.11.3.rel1.win32_1.1.1.202309131626/tools/bin/../lib/gcc/arm-none-eabi/11.3.1/../../../../arm-none-eabi/lib/thumb/v7e-m+fp/hard\libc_nano.a(libc_a-mallocr.o)
 .text._malloc_r
                0x000000000800c0a4      0x100 H:/STM32CubeIDE_1.13.2/STM32CubeIDE/plugins/com.st.stm32cube.ide.mcu.externaltools.gnu-tools-for-stm32.11.3.rel1.win32_1.1.1.202309131626/tools/bin/../lib/gcc/arm-none-eabi/11.3.1/../../../../arm-none-eabi/lib/thumb/v7e-m+fp/hard\libc_nano.a(libc_a-mallocr.o)
                0x000000000800c0a4                _malloc_r
 .text.__malloc_lock
                0x000000000800c1a4        0xc H:/STM32CubeIDE_1.13.2/STM32CubeIDE/plugins/com.st.stm32cube.ide.mcu.externaltools.gnu-tools-for-stm32.11.3.rel1.win32_1.1.1.202309131626/tools/bin/../lib/gcc/arm-none-eabi/11.3.1/../../../../arm-none-eabi/lib/thumb/v7e-m+fp/hard\libc_nano.a(libc_a-mlock.o)
                0x000000000800c1a4                __malloc_lock
 .text.__malloc_unlock
                0x000000000800c1b0        0xc H:/STM32CubeIDE_1.13.2/STM32CubeIDE/plugins/com.st.stm32cube.ide.mcu.externaltools.gnu-tools-for-stm32.11.3.rel1.win32_1.1.1.202309131626/tools/bin/../lib/gcc/arm-none-eabi/11.3.1/../../../../arm-none-eabi/lib/thumb/v7e-m+fp/hard\libc_nano.a(libc_a-mlock.o)
                0x000000000800c1b0                __malloc_unlock
 .text.__ssputs_r
                0x000000000800c1bc       0xb4 H:/STM32CubeIDE_1.13.2/STM32CubeIDE/plugins/com.st.stm32cube.ide.mcu.externaltools.gnu-tools-for-stm32.11.3.rel1.win32_1.1.1.202309131626/tools/bin/../lib/gcc/arm-none-eabi/11.3.1/../../../../arm-none-eabi/lib/thumb/v7e-m+fp/hard\libc_nano.a(libc_a-nano-svfprintf.o)
                0x000000000800c1bc                __ssputs_r
 .text._svfprintf_r
                0x000000000800c270      0x1fc H:/STM32CubeIDE_1.13.2/STM32CubeIDE/plugins/com.st.stm32cube.ide.mcu.externaltools.gnu-tools-for-stm32.11.3.rel1.win32_1.1.1.202309131626/tools/bin/../lib/gcc/arm-none-eabi/11.3.1/../../../../arm-none-eabi/lib/thumb/v7e-m+fp/hard\libc_nano.a(libc_a-nano-svfprintf.o)
                0x000000000800c270                _svfiprintf_r
                0x000000000800c270                _svfprintf_r
 .text.__sfputc_r
                0x000000000800c46c       0x2e H:/STM32CubeIDE_1.13.2/STM32CubeIDE/plugins/com.st.stm32cube.ide.mcu.externaltools.gnu-tools-for-stm32.11.3.rel1.win32_1.1.1.202309131626/tools/bin/../lib/gcc/arm-none-eabi/11.3.1/../../../../arm-none-eabi/lib/thumb/v7e-m+fp/hard\libc_nano.a(libc_a-nano-vfprintf.o)
 .text.__sfputs_r
                0x000000000800c49a       0x24 H:/STM32CubeIDE_1.13.2/STM32CubeIDE/plugins/com.st.stm32cube.ide.mcu.externaltools.gnu-tools-for-stm32.11.3.rel1.win32_1.1.1.202309131626/tools/bin/../lib/gcc/arm-none-eabi/11.3.1/../../../../arm-none-eabi/lib/thumb/v7e-m+fp/hard\libc_nano.a(libc_a-nano-vfprintf.o)
                0x000000000800c49a                __sfputs_r
 *fill*         0x000000000800c4be        0x2 
 .text._vfprintf_r
                0x000000000800c4c0      0x234 H:/STM32CubeIDE_1.13.2/STM32CubeIDE/plugins/com.st.stm32cube.ide.mcu.externaltools.gnu-tools-for-stm32.11.3.rel1.win32_1.1.1.202309131626/tools/bin/../lib/gcc/arm-none-eabi/11.3.1/../../../../arm-none-eabi/lib/thumb/v7e-m+fp/hard\libc_nano.a(libc_a-nano-vfprintf.o)
                0x000000000800c4c0                _vfprintf_r
                0x000000000800c4c0                _vfiprintf_r
 .text._printf_common
                0x000000000800c6f4       0xda H:/STM32CubeIDE_1.13.2/STM32CubeIDE/plugins/com.st.stm32cube.ide.mcu.externaltools.gnu-tools-for-stm32.11.3.rel1.win32_1.1.1.202309131626/tools/bin/../lib/gcc/arm-none-eabi/11.3.1/../../../../arm-none-eabi/lib/thumb/v7e-m+fp/hard\libc_nano.a(libc_a-nano-vfprintf_i.o)
                0x000000000800c6f4                _printf_common
 *fill*         0x000000000800c7ce        0x2 
 .text._printf_i
                0x000000000800c7d0      0x244 H:/STM32CubeIDE_1.13.2/STM32CubeIDE/plugins/com.st.stm32cube.ide.mcu.externaltools.gnu-tools-for-stm32.11.3.rel1.win32_1.1.1.202309131626/tools/bin/../lib/gcc/arm-none-eabi/11.3.1/../../../../arm-none-eabi/lib/thumb/v7e-m+fp/hard\libc_nano.a(libc_a-nano-vfprintf_i.o)
                0x000000000800c7d0                _printf_i
 .text.__sflush_r
                0x000000000800ca14      0x10c H:/STM32CubeIDE_1.13.2/STM32CubeIDE/plugins/com.st.stm32cube.ide.mcu.externaltools.gnu-tools-for-stm32.11.3.rel1.win32_1.1.1.202309131626/tools/bin/../lib/gcc/arm-none-eabi/11.3.1/../../../../arm-none-eabi/lib/thumb/v7e-m+fp/hard\libc_nano.a(libc_a-fflush.o)
                0x000000000800ca14                __sflush_r
 .text._fflush_r
                0x000000000800cb20       0x50 H:/STM32CubeIDE_1.13.2/STM32CubeIDE/plugins/com.st.stm32cube.ide.mcu.externaltools.gnu-tools-for-stm32.11.3.rel1.win32_1.1.1.202309131626/tools/bin/../lib/gcc/arm-none-eabi/11.3.1/../../../../arm-none-eabi/lib/thumb/v7e-m+fp/hard\libc_nano.a(libc_a-fflush.o)
                0x000000000800cb20                _fflush_r
 .text._putc_r  0x000000000800cb70       0x68 H:/STM32CubeIDE_1.13.2/STM32CubeIDE/plugins/com.st.stm32cube.ide.mcu.externaltools.gnu-tools-for-stm32.11.3.rel1.win32_1.1.1.202309131626/tools/bin/../lib/gcc/arm-none-eabi/11.3.1/../../../../arm-none-eabi/lib/thumb/v7e-m+fp/hard\libc_nano.a(libc_a-putc.o)
                0x000000000800cb70                _putc_r
 .text.__swbuf_r
                0x000000000800cbd8       0x7a H:/STM32CubeIDE_1.13.2/STM32CubeIDE/plugins/com.st.stm32cube.ide.mcu.externaltools.gnu-tools-for-stm32.11.3.rel1.win32_1.1.1.202309131626/tools/bin/../lib/gcc/arm-none-eabi/11.3.1/../../../../arm-none-eabi/lib/thumb/v7e-m+fp/hard\libc_nano.a(libc_a-wbuf.o)
                0x000000000800cbd8                __swbuf_r
 *fill*         0x000000000800cc52        0x2 
 .text.__swsetup_r
                0x000000000800cc54       0xb0 H:/STM32CubeIDE_1.13.2/STM32CubeIDE/plugins/com.st.stm32cube.ide.mcu.externaltools.gnu-tools-for-stm32.11.3.rel1.win32_1.1.1.202309131626/tools/bin/../lib/gcc/arm-none-eabi/11.3.1/../../../../arm-none-eabi/lib/thumb/v7e-m+fp/hard\libc_nano.a(libc_a-wsetup.o)
                0x000000000800cc54                __swsetup_r
 .text.memmove  0x000000000800cd04       0x34 H:/STM32CubeIDE_1.13.2/STM32CubeIDE/plugins/com.st.stm32cube.ide.mcu.externaltools.gnu-tools-for-stm32.11.3.rel1.win32_1.1.1.202309131626/tools/bin/../lib/gcc/arm-none-eabi/11.3.1/../../../../arm-none-eabi/lib/thumb/v7e-m+fp/hard\libc_nano.a(libc_a-memmove.o)
                0x000000000800cd04                memmove
 .text._sbrk_r  0x000000000800cd38       0x20 H:/STM32CubeIDE_1.13.2/STM32CubeIDE/plugins/com.st.stm32cube.ide.mcu.externaltools.gnu-tools-for-stm32.11.3.rel1.win32_1.1.1.202309131626/tools/bin/../lib/gcc/arm-none-eabi/11.3.1/../../../../arm-none-eabi/lib/thumb/v7e-m+fp/hard\libc_nano.a(libc_a-sbrkr.o)
                0x000000000800cd38                _sbrk_r
 .text._realloc_r
                0x000000000800cd58       0x5e H:/STM32CubeIDE_1.13.2/STM32CubeIDE/plugins/com.st.stm32cube.ide.mcu.externaltools.gnu-tools-for-stm32.11.3.rel1.win32_1.1.1.202309131626/tools/bin/../lib/gcc/arm-none-eabi/11.3.1/../../../../arm-none-eabi/lib/thumb/v7e-m+fp/hard\libc_nano.a(libc_a-reallocr.o)
                0x000000000800cd58                _realloc_r
 .text.__swhatbuf_r
                0x000000000800cdb6       0x4c H:/STM32CubeIDE_1.13.2/STM32CubeIDE/plugins/com.st.stm32cube.ide.mcu.externaltools.gnu-tools-for-stm32.11.3.rel1.win32_1.1.1.202309131626/tools/bin/../lib/gcc/arm-none-eabi/11.3.1/../../../../arm-none-eabi/lib/thumb/v7e-m+fp/hard\libc_nano.a(libc_a-makebuf.o)
                0x000000000800cdb6                __swhatbuf_r
 .text.__smakebuf_r
                0x000000000800ce02       0x78 H:/STM32CubeIDE_1.13.2/STM32CubeIDE/plugins/com.st.stm32cube.ide.mcu.externaltools.gnu-tools-for-stm32.11.3.rel1.win32_1.1.1.202309131626/tools/bin/../lib/gcc/arm-none-eabi/11.3.1/../../../../arm-none-eabi/lib/thumb/v7e-m+fp/hard\libc_nano.a(libc_a-makebuf.o)
                0x000000000800ce02                __smakebuf_r
 *fill*         0x000000000800ce7a        0x2 
 .text._fstat_r
                0x000000000800ce7c       0x24 H:/STM32CubeIDE_1.13.2/STM32CubeIDE/plugins/com.st.stm32cube.ide.mcu.externaltools.gnu-tools-for-stm32.11.3.rel1.win32_1.1.1.202309131626/tools/bin/../lib/gcc/arm-none-eabi/11.3.1/../../../../arm-none-eabi/lib/thumb/v7e-m+fp/hard\libc_nano.a(libc_a-fstatr.o)
                0x000000000800ce7c                _fstat_r
 .text._isatty_r
                0x000000000800cea0       0x20 H:/STM32CubeIDE_1.13.2/STM32CubeIDE/plugins/com.st.stm32cube.ide.mcu.externaltools.gnu-tools-for-stm32.11.3.rel1.win32_1.1.1.202309131626/tools/bin/../lib/gcc/arm-none-eabi/11.3.1/../../../../arm-none-eabi/lib/thumb/v7e-m+fp/hard\libc_nano.a(libc_a-isattyr.o)
                0x000000000800cea0                _isatty_r
 .text._malloc_usable_size_r
                0x000000000800cec0       0x10 H:/STM32CubeIDE_1.13.2/STM32CubeIDE/plugins/com.st.stm32cube.ide.mcu.externaltools.gnu-tools-for-stm32.11.3.rel1.win32_1.1.1.202309131626/tools/bin/../lib/gcc/arm-none-eabi/11.3.1/../../../../arm-none-eabi/lib/thumb/v7e-m+fp/hard\libc_nano.a(libc_a-msizer.o)
                0x000000000800cec0                _malloc_usable_size_r
 *(.glue_7)
 .glue_7        0x000000000800ced0        0x0 linker stubs
 *(.glue_7t)
 .glue_7t       0x000000000800ced0        0x0 linker stubs
 *(.eh_frame)
 .eh_frame      0x000000000800ced0        0x0 H:/STM32CubeIDE_1.13.2/STM32CubeIDE/plugins/com.st.stm32cube.ide.mcu.externaltools.gnu-tools-for-stm32.11.3.rel1.win32_1.1.1.202309131626/tools/bin/../lib/gcc/arm-none-eabi/11.3.1/thumb/v7e-m+fp/hard/crtbegin.o
 *(.init)
 .init          0x000000000800ced0        0x4 H:/STM32CubeIDE_1.13.2/STM32CubeIDE/plugins/com.st.stm32cube.ide.mcu.externaltools.gnu-tools-for-stm32.11.3.rel1.win32_1.1.1.202309131626/tools/bin/../lib/gcc/arm-none-eabi/11.3.1/thumb/v7e-m+fp/hard/crti.o
                0x000000000800ced0                _init
 .init          0x000000000800ced4        0x8 H:/STM32CubeIDE_1.13.2/STM32CubeIDE/plugins/com.st.stm32cube.ide.mcu.externaltools.gnu-tools-for-stm32.11.3.rel1.win32_1.1.1.202309131626/tools/bin/../lib/gcc/arm-none-eabi/11.3.1/thumb/v7e-m+fp/hard/crtn.o
 *(.fini)
 .fini          0x000000000800cedc        0x4 H:/STM32CubeIDE_1.13.2/STM32CubeIDE/plugins/com.st.stm32cube.ide.mcu.externaltools.gnu-tools-for-stm32.11.3.rel1.win32_1.1.1.202309131626/tools/bin/../lib/gcc/arm-none-eabi/11.3.1/thumb/v7e-m+fp/hard/crti.o
                0x000000000800cedc                _fini
 .fini          0x000000000800cee0        0x8 H:/STM32CubeIDE_1.13.2/STM32CubeIDE/plugins/com.st.stm32cube.ide.mcu.externaltools.gnu-tools-for-stm32.11.3.rel1.win32_1.1.1.202309131626/tools/bin/../lib/gcc/arm-none-eabi/11.3.1/thumb/v7e-m+fp/hard/crtn.o
                0x000000000800cee8                . = ALIGN (0x4)
                0x000000000800cee8                _etext = .

.vfp11_veneer   0x000000000800cee8        0x0
 .vfp11_veneer  0x000000000800cee8        0x0 linker stubs

.v4_bx          0x000000000800cee8        0x0
 .v4_bx         0x000000000800cee8        0x0 linker stubs

.iplt           0x000000000800cee8        0x0
 .iplt          0x000000000800cee8        0x0 H:/STM32CubeIDE_1.13.2/STM32CubeIDE/plugins/com.st.stm32cube.ide.mcu.externaltools.gnu-tools-for-stm32.11.3.rel1.win32_1.1.1.202309131626/tools/bin/../lib/gcc/arm-none-eabi/11.3.1/thumb/v7e-m+fp/hard/crtbegin.o

.rodata         0x000000000800cee8      0x198
                0x000000000800cee8                . = ALIGN (0x4)
 *(.rodata)
 .rodata        0x000000000800cee8       0xc1 ./Core/Src/main.o
 *fill*         0x000000000800cfa9        0x3 
 .rodata        0x000000000800cfac       0x35 ./Middlewares/ST/STM32_USB_Device_Library/Core/Src/usbd_core.o
 *fill*         0x000000000800cfe1        0x3 
 .rodata        0x000000000800cfe4        0x5 ./Middlewares/Third_Party/FreeRTOS/Source/tasks.o
 *fill*         0x000000000800cfe9        0x3 
 .rodata        0x000000000800cfec       0x46 ./USB_DEVICE/App/usbd_desc.o
 *(.rodata*)
 *fill*         0x000000000800d032        0x2 
 .rodata.AHBPrescTable
                0x000000000800d034       0x10 ./Core/Src/system_stm32f4xx.o
                0x000000000800d034                AHBPrescTable
 .rodata.APBPrescTable
                0x000000000800d044        0x8 ./Core/Src/system_stm32f4xx.o
                0x000000000800d044                APBPrescTable
 .rodata._svfprintf_r.str1.1
                0x000000000800d04c       0x11 H:/STM32CubeIDE_1.13.2/STM32CubeIDE/plugins/com.st.stm32cube.ide.mcu.externaltools.gnu-tools-for-stm32.11.3.rel1.win32_1.1.1.202309131626/tools/bin/../lib/gcc/arm-none-eabi/11.3.1/../../../../arm-none-eabi/lib/thumb/v7e-m+fp/hard\libc_nano.a(libc_a-nano-svfprintf.o)
 .rodata._vfprintf_r.str1.1
                0x000000000800d05d       0x11 H:/STM32CubeIDE_1.13.2/STM32CubeIDE/plugins/com.st.stm32cube.ide.mcu.externaltools.gnu-tools-for-stm32.11.3.rel1.win32_1.1.1.202309131626/tools/bin/../lib/gcc/arm-none-eabi/11.3.1/../../../../arm-none-eabi/lib/thumb/v7e-m+fp/hard\libc_nano.a(libc_a-nano-vfprintf.o)
 .rodata._printf_i.str1.1
                0x000000000800d05d       0x22 H:/STM32CubeIDE_1.13.2/STM32CubeIDE/plugins/com.st.stm32cube.ide.mcu.externaltools.gnu-tools-for-stm32.11.3.rel1.win32_1.1.1.202309131626/tools/bin/../lib/gcc/arm-none-eabi/11.3.1/../../../../arm-none-eabi/lib/thumb/v7e-m+fp/hard\libc_nano.a(libc_a-nano-vfprintf_i.o)
                0x000000000800d080                . = ALIGN (0x4)
 *fill*         0x000000000800d07f        0x1 

.ARM.extab      0x000000000800d080        0x0
                0x000000000800d080                . = ALIGN (0x4)
 *(.ARM.extab* .gnu.linkonce.armextab.*)
                0x000000000800d080                . = ALIGN (0x4)

.ARM            0x000000000800d080        0x8
                0x000000000800d080                . = ALIGN (0x4)
                0x000000000800d080                __exidx_start = .
 *(.ARM.exidx*)
 .ARM.exidx     0x000000000800d080        0x8 H:/STM32CubeIDE_1.13.2/STM32CubeIDE/plugins/com.st.stm32cube.ide.mcu.externaltools.gnu-tools-for-stm32.11.3.rel1.win32_1.1.1.202309131626/tools/bin/../lib/gcc/arm-none-eabi/11.3.1/thumb/v7e-m+fp/hard\libgcc.a(_udivmoddi4.o)
                0x000000000800d088                __exidx_end = .
                0x000000000800d088                . = ALIGN (0x4)

.rel.dyn        0x000000000800d088        0x0
 .rel.iplt      0x000000000800d088        0x0 H:/STM32CubeIDE_1.13.2/STM32CubeIDE/plugins/com.st.stm32cube.ide.mcu.externaltools.gnu-tools-for-stm32.11.3.rel1.win32_1.1.1.202309131626/tools/bin/../lib/gcc/arm-none-eabi/11.3.1/thumb/v7e-m+fp/hard/crtbegin.o

.preinit_array  0x000000000800d088        0x0
                0x000000000800d088                . = ALIGN (0x4)
                0x000000000800d088                PROVIDE (__preinit_array_start = .)
 *(.preinit_array*)
                0x000000000800d088                PROVIDE (__preinit_array_end = .)
                0x000000000800d088                . = ALIGN (0x4)

.init_array     0x000000000800d088        0x4
                0x000000000800d088                . = ALIGN (0x4)
                0x000000000800d088                PROVIDE (__init_array_start = .)
 *(SORT_BY_NAME(.init_array.*))
 *(.init_array*)
 .init_array    0x000000000800d088        0x4 H:/STM32CubeIDE_1.13.2/STM32CubeIDE/plugins/com.st.stm32cube.ide.mcu.externaltools.gnu-tools-for-stm32.11.3.rel1.win32_1.1.1.202309131626/tools/bin/../lib/gcc/arm-none-eabi/11.3.1/thumb/v7e-m+fp/hard/crtbegin.o
                0x000000000800d08c                PROVIDE (__init_array_end = .)
                0x000000000800d08c                . = ALIGN (0x4)

.fini_array     0x000000000800d08c        0x4
                0x000000000800d08c                . = ALIGN (0x4)
                [!provide]                        PROVIDE (__fini_array_start = .)
 *(SORT_BY_NAME(.fini_array.*))
 *(.fini_array*)
 .fini_array    0x000000000800d08c        0x4 H:/STM32CubeIDE_1.13.2/STM32CubeIDE/plugins/com.st.stm32cube.ide.mcu.externaltools.gnu-tools-for-stm32.11.3.rel1.win32_1.1.1.202309131626/tools/bin/../lib/gcc/arm-none-eabi/11.3.1/thumb/v7e-m+fp/hard/crtbegin.o
                [!provide]                        PROVIDE (__fini_array_end = .)
                0x000000000800d090                . = ALIGN (0x4)
                0x000000000800d090                _sidata = LOADADDR (.data)

.data           0x0000000020000000      0x190 load address 0x000000000800d090
                0x0000000020000000                . = ALIGN (0x4)
                0x0000000020000000                _sdata = .
 *(.data)
 *(.data*)
 .data.offset1  0x0000000020000000        0x8 ./Core/Src/main.o
 .data.offset2  0x0000000020000008        0x8 ./Core/Src/main.o
 .data.offset3  0x0000000020000010        0x8 ./Core/Src/main.o
 .data.offset4  0x0000000020000018        0x8 ./Core/Src/main.o
 .data.offset5  0x0000000020000020        0x8 ./Core/Src/main.o
 .data.offset6  0x0000000020000028        0x8 ./Core/Src/main.o
 .data.receiveState
                0x0000000020000030        0x1 ./Core/Src/main.o
                0x0000000020000030                receiveState
 *fill*         0x0000000020000031        0x3 
 .data.SystemCoreClock
                0x0000000020000034        0x4 ./Core/Src/system_stm32f4xx.o